Archive member included to satisfy reference by file (symbol)

C:/ST/STM32CubeIDE_1.13.1/STM32CubeIDE/plugins/com.st.stm32cube.ide.mcu.externaltools.gnu-tools-for-stm32.11.3.rel1.win32_1.1.0.202305231506/tools/bin/../lib/gcc/arm-none-eabi/11.3.1/../../../../arm-none-eabi/lib/thumb/v7e-m+fp/hard\libc_nano.a(libc_a-exit.o)
                              C:/ST/STM32CubeIDE_1.13.1/STM32CubeIDE/plugins/com.st.stm32cube.ide.mcu.externaltools.gnu-tools-for-stm32.11.3.rel1.win32_1.1.0.202305231506/tools/bin/../lib/gcc/arm-none-eabi/11.3.1/../../../../arm-none-eabi/lib/thumb/v7e-m+fp/hard/crt0.o (exit)
C:/ST/STM32CubeIDE_1.13.1/STM32CubeIDE/plugins/com.st.stm32cube.ide.mcu.externaltools.gnu-tools-for-stm32.11.3.rel1.win32_1.1.0.202305231506/tools/bin/../lib/gcc/arm-none-eabi/11.3.1/../../../../arm-none-eabi/lib/thumb/v7e-m+fp/hard\libc_nano.a(libc_a-findfp.o)
                              C:/ST/STM32CubeIDE_1.13.1/STM32CubeIDE/plugins/com.st.stm32cube.ide.mcu.externaltools.gnu-tools-for-stm32.11.3.rel1.win32_1.1.0.202305231506/tools/bin/../lib/gcc/arm-none-eabi/11.3.1/../../../../arm-none-eabi/lib/thumb/v7e-m+fp/hard\libc_nano.a(libc_a-exit.o) (__stdio_exit_handler)
C:/ST/STM32CubeIDE_1.13.1/STM32CubeIDE/plugins/com.st.stm32cube.ide.mcu.externaltools.gnu-tools-for-stm32.11.3.rel1.win32_1.1.0.202305231506/tools/bin/../lib/gcc/arm-none-eabi/11.3.1/../../../../arm-none-eabi/lib/thumb/v7e-m+fp/hard\libc_nano.a(libc_a-fwalk.o)
                              C:/ST/STM32CubeIDE_1.13.1/STM32CubeIDE/plugins/com.st.stm32cube.ide.mcu.externaltools.gnu-tools-for-stm32.11.3.rel1.win32_1.1.0.202305231506/tools/bin/../lib/gcc/arm-none-eabi/11.3.1/../../../../arm-none-eabi/lib/thumb/v7e-m+fp/hard\libc_nano.a(libc_a-findfp.o) (_fwalk_sglue)
C:/ST/STM32CubeIDE_1.13.1/STM32CubeIDE/plugins/com.st.stm32cube.ide.mcu.externaltools.gnu-tools-for-stm32.11.3.rel1.win32_1.1.0.202305231506/tools/bin/../lib/gcc/arm-none-eabi/11.3.1/../../../../arm-none-eabi/lib/thumb/v7e-m+fp/hard\libc_nano.a(libc_a-stdio.o)
                              C:/ST/STM32CubeIDE_1.13.1/STM32CubeIDE/plugins/com.st.stm32cube.ide.mcu.externaltools.gnu-tools-for-stm32.11.3.rel1.win32_1.1.0.202305231506/tools/bin/../lib/gcc/arm-none-eabi/11.3.1/../../../../arm-none-eabi/lib/thumb/v7e-m+fp/hard\libc_nano.a(libc_a-findfp.o) (__sread)
C:/ST/STM32CubeIDE_1.13.1/STM32CubeIDE/plugins/com.st.stm32cube.ide.mcu.externaltools.gnu-tools-for-stm32.11.3.rel1.win32_1.1.0.202305231506/tools/bin/../lib/gcc/arm-none-eabi/11.3.1/../../../../arm-none-eabi/lib/thumb/v7e-m+fp/hard\libc_nano.a(libc_a-memset.o)
                              C:/ST/STM32CubeIDE_1.13.1/STM32CubeIDE/plugins/com.st.stm32cube.ide.mcu.externaltools.gnu-tools-for-stm32.11.3.rel1.win32_1.1.0.202305231506/tools/bin/../lib/gcc/arm-none-eabi/11.3.1/../../../../arm-none-eabi/lib/thumb/v7e-m+fp/hard/crt0.o (memset)
C:/ST/STM32CubeIDE_1.13.1/STM32CubeIDE/plugins/com.st.stm32cube.ide.mcu.externaltools.gnu-tools-for-stm32.11.3.rel1.win32_1.1.0.202305231506/tools/bin/../lib/gcc/arm-none-eabi/11.3.1/../../../../arm-none-eabi/lib/thumb/v7e-m+fp/hard\libc_nano.a(libc_a-closer.o)
                              C:/ST/STM32CubeIDE_1.13.1/STM32CubeIDE/plugins/com.st.stm32cube.ide.mcu.externaltools.gnu-tools-for-stm32.11.3.rel1.win32_1.1.0.202305231506/tools/bin/../lib/gcc/arm-none-eabi/11.3.1/../../../../arm-none-eabi/lib/thumb/v7e-m+fp/hard\libc_nano.a(libc_a-stdio.o) (_close_r)
C:/ST/STM32CubeIDE_1.13.1/STM32CubeIDE/plugins/com.st.stm32cube.ide.mcu.externaltools.gnu-tools-for-stm32.11.3.rel1.win32_1.1.0.202305231506/tools/bin/../lib/gcc/arm-none-eabi/11.3.1/../../../../arm-none-eabi/lib/thumb/v7e-m+fp/hard\libc_nano.a(libc_a-reent.o)
                              C:/ST/STM32CubeIDE_1.13.1/STM32CubeIDE/plugins/com.st.stm32cube.ide.mcu.externaltools.gnu-tools-for-stm32.11.3.rel1.win32_1.1.0.202305231506/tools/bin/../lib/gcc/arm-none-eabi/11.3.1/../../../../arm-none-eabi/lib/thumb/v7e-m+fp/hard\libc_nano.a(libc_a-closer.o) (errno)
C:/ST/STM32CubeIDE_1.13.1/STM32CubeIDE/plugins/com.st.stm32cube.ide.mcu.externaltools.gnu-tools-for-stm32.11.3.rel1.win32_1.1.0.202305231506/tools/bin/../lib/gcc/arm-none-eabi/11.3.1/../../../../arm-none-eabi/lib/thumb/v7e-m+fp/hard\libc_nano.a(libc_a-impure.o)
                              C:/ST/STM32CubeIDE_1.13.1/STM32CubeIDE/plugins/com.st.stm32cube.ide.mcu.externaltools.gnu-tools-for-stm32.11.3.rel1.win32_1.1.0.202305231506/tools/bin/../lib/gcc/arm-none-eabi/11.3.1/../../../../arm-none-eabi/lib/thumb/v7e-m+fp/hard\libc_nano.a(libc_a-reent.o) (_impure_ptr)
C:/ST/STM32CubeIDE_1.13.1/STM32CubeIDE/plugins/com.st.stm32cube.ide.mcu.externaltools.gnu-tools-for-stm32.11.3.rel1.win32_1.1.0.202305231506/tools/bin/../lib/gcc/arm-none-eabi/11.3.1/../../../../arm-none-eabi/lib/thumb/v7e-m+fp/hard\libc_nano.a(libc_a-lseekr.o)
[...]
Memory Configuration

Name             Origin             Length             Attributes
CCMRAM           0x0000000010000000 0x0000000000010000 xrw
RAM              0x0000000020000000 0x0000000000020000 xrw
FLASH            0x0000000008000000 0x0000000000100000 xr
*default*        0x0000000000000000 0xffffffffffffffff

Linker script and memory map

LOAD C:/ST/STM32CubeIDE_1.13.1/STM32CubeIDE/plugins/com.st.stm32cube.ide.mcu.externaltools.gnu-tools-for-stm32.11.3.rel1.win32_1.1.0.202305231506/tools/bin/../lib/gcc/arm-none-eabi/11.3.1/thumb/v7e-m+fp/hard/crti.o
LOAD C:/ST/STM32CubeIDE_1.13.1/STM32CubeIDE/plugins/com.st.stm32cube.ide.mcu.externaltools.gnu-tools-for-stm32.11.3.rel1.win32_1.1.0.202305231506/tools/bin/../lib/gcc/arm-none-eabi/11.3.1/thumb/v7e-m+fp/hard/crtbegin.o
LOAD C:/ST/STM32CubeIDE_1.13.1/STM32CubeIDE/plugins/com.st.stm32cube.ide.mcu.externaltools.gnu-tools-for-stm32.11.3.rel1.win32_1.1.0.202305231506/tools/bin/../lib/gcc/arm-none-eabi/11.3.1/../../../../arm-none-eabi/lib/thumb/v7e-m+fp/hard/crt0.o
LOAD ./Core/Src/main.o
LOAD ./Core/Src/stm32f4xx_hal_msp.o
LOAD ./Core/Src/stm32f4xx_hal_timebase_tim.o
LOAD ./Core/Src/stm32f4xx_it.o
LOAD ./Core/Src/syscalls.o
LOAD ./Core/Src/sysmem.o
LOAD ./Core/Src/system_stm32f4xx.o
LOAD ./Core/Startup/startup_stm32f407vgtx.o
LOAD ./Drivers/STM32F4xx_HAL_Driver/Src/stm32f4xx_hal.o
LOAD ./Drivers/STM32F4xx_HAL_Driver/Src/stm32f4xx_hal_cortex.o
LOAD ./Drivers/STM32F4xx_HAL_Driver/Src/stm32f4xx_hal_dma.o
LOAD ./Drivers/STM32F4xx_HAL_Driver/Src/stm32f4xx_hal_dma_ex.o
LOAD ./Drivers/STM32F4xx_HAL_Driver/Src/stm32f4xx_hal_exti.o
LOAD ./Drivers/STM32F4xx_HAL_Driver/Src/stm32f4xx_hal_flash.o
LOAD ./Drivers/STM32F4xx_HAL_Driver/Src/stm32f4xx_hal_flash_ex.o
LOAD ./Drivers/STM32F4xx_HAL_Driver/Src/stm32f4xx_hal_flash_ramfunc.o
LOAD ./Drivers/STM32F4xx_HAL_Driver/Src/stm32f4xx_hal_gpio.o
LOAD ./Drivers/STM32F4xx_HAL_Driver/Src/stm32f4xx_hal_pwr.o
LOAD ./Drivers/STM32F4xx_HAL_Driver/Src/stm32f4xx_hal_pwr_ex.o
LOAD ./Drivers/STM32F4xx_HAL_Driver/Src/stm32f4xx_hal_rcc.o
LOAD ./Drivers/STM32F4xx_HAL_Driver/Src/stm32f4xx_hal_rcc_ex.o
LOAD ./Drivers/STM32F4xx_HAL_Driver/Src/stm32f4xx_hal_tim.o
LOAD ./Drivers/STM32F4xx_HAL_Driver/Src/stm32f4xx_hal_tim_ex.o
LOAD ./ThirdParty/croutine.o
LOAD ./ThirdParty/event_groups.o
LOAD ./ThirdParty/list.o
LOAD ./ThirdParty/queue.o
LOAD ./ThirdParty/stream_buffer.o
LOAD ./ThirdParty/tasks.o
LOAD ./ThirdParty/timers.o
LOAD ./ThirdParty/portable/GCC/ARM_CM4F/port.o
LOAD ./ThirdParty/portable/MemMang/heap_4.o
START GROUP
LOAD C:/ST/STM32CubeIDE_1.13.1/STM32CubeIDE/plugins/com.st.stm32cube.ide.mcu.externaltools.gnu-tools-for-stm32.11.3.rel1.win32_1.1.0.202305231506/tools/bin/../lib/gcc/arm-none-eabi/11.3.1/../../../../arm-none-eabi/lib/thumb/v7e-m+fp/hard\libc_nano.a
LOAD C:/ST/STM32CubeIDE_1.13.1/STM32CubeIDE/plugins/com.st.stm32cube.ide.mcu.externaltools.gnu-tools-for-stm32.11.3.rel1.win32_1.1.0.202305231506/tools/bin/../lib/gcc/arm-none-eabi/11.3.1/../../../../arm-none-eabi/lib/thumb/v7e-m+fp/hard\libm.a
END GROUP
START GROUP
LOAD C:/ST/STM32CubeIDE_1.13.1/STM32CubeIDE/plugins/com.st.stm32cube.ide.mcu.externaltools.gnu-tools-for-stm32.11.3.rel1.win32_1.1.0.202305231506/tools/bin/../lib/gcc/arm-none-eabi/11.3.1/thumb/v7e-m+fp/hard\libgcc.a
LOAD C:/ST/STM32CubeIDE_1.13.1/STM32CubeIDE/plugins/com.st.stm32cube.ide.mcu.externaltools.gnu-tools-for-stm32.11.3.rel1.win32_1.1.0.202305231506/tools/bin/../lib/gcc/arm-none-eabi/11.3.1/../../../../arm-none-eabi/lib/thumb/v7e-m+fp/hard\libc_nano.a
END GROUP
START GROUP
LOAD C:/ST/STM32CubeIDE_1.13.1/STM32CubeIDE/plugins/com.st.stm32cube.ide.mcu.externaltools.gnu-tools-for-stm32.11.3.rel1.win32_1.1.0.202305231506/tools/bin/../lib/gcc/arm-none-eabi/11.3.1/thumb/v7e-m+fp/hard\libgcc.a
LOAD C:/ST/STM32CubeIDE_1.13.1/STM32CubeIDE/plugins/com.st.stm32cube.ide.mcu.externaltools.gnu-tools-for-stm32.11.3.rel1.win32_1.1.0.202305231506/tools/bin/../lib/gcc/arm-none-eabi/11.3.1/../../../../arm-none-eabi/lib/thumb/v7e-m+fp/hard\libc_nano.a
LOAD C:/ST/STM32CubeIDE_1.13.1/STM32CubeIDE/plugins/com.st.stm32cube.ide.mcu.externaltools.gnu-tools-for-stm32.11.3.rel1.win32_1.1.0.202305231506/tools/bin/../lib/gcc/arm-none-eabi/11.3.1/../../../../arm-none-eabi/lib/thumb/v7e-m+fp/hard\libnosys.a
END GROUP
START GROUP
LOAD C:/ST/STM32CubeIDE_1.13.1/STM32CubeIDE/plugins/com.st.stm32cube.ide.mcu.externaltools.gnu-tools-for-stm32.11.3.rel1.win32_1.1.0.202305231506/tools/bin/../lib/gcc/arm-none-eabi/11.3.1/thumb/v7e-m+fp/hard\libgcc.a
LOAD C:/ST/STM32CubeIDE_1.13.1/STM32CubeIDE/plugins/com.st.stm32cube.ide.mcu.externaltools.gnu-tools-for-stm32.11.3.rel1.win32_1.1.0.202305231506/tools/bin/../lib/gcc/arm-none-eabi/11.3.1/../../../../arm-none-eabi/lib/thumb/v7e-m+fp/hard\libc_nano.a
LOAD C:/ST/STM32CubeIDE_1.13.1/STM32CubeIDE/plugins/com.st.stm32cube.ide.mcu.externaltools.gnu-tools-for-stm32.11.3.rel1.win32_1.1.0.202305231506/tools/bin/../lib/gcc/arm-none-eabi/11.3.1/../../../../arm-none-eabi/lib/thumb/v7e-m+fp/hard\libnosys.a
END GROUP
LOAD C:/ST/STM32CubeIDE_1.13.1/STM32CubeIDE/plugins/com.st.stm32cube.ide.mcu.externaltools.gnu-tools-for-stm32.11.3.rel1.win32_1.1.0.202305231506/tools/bin/../lib/gcc/arm-none-eabi/11.3.1/thumb/v7e-m+fp/hard/crtend.o
LOAD C:/ST/STM32CubeIDE_1.13.1/STM32CubeIDE/plugins/com.st.stm32cube.ide.mcu.externaltools.gnu-tools-for-stm32.11.3.rel1.win32_1.1.0.202305231506/tools/bin/../lib/gcc/arm-none-eabi/11.3.1/thumb/v7e-m+fp/hard/crtn.o
                0x0000000020020000                _estack = (ORIGIN (RAM) + LENGTH (RAM))
                0x0000000000000200                _Min_Heap_Size = 0x200
                0x0000000000000400                _Min_Stack_Size = 0x400

.isr_vector     0x0000000008000000      0x188
                0x0000000008000000                . = ALIGN (0x4)
 *(.isr_vector)
 .isr_vector    0x0000000008000000      0x188 ./Core/Startup/startup_stm32f407vgtx.o
                0x0000000008000000                g_pfnVectors
                0x0000000008000188                . = ALIGN (0x4)

.text           0x0000000008000190     0x3d0c
                0x0000000008000190                . = ALIGN (0x4)
 *(.text)
 .text          0x0000000008000190       0x40 C:/ST/STM32CubeIDE_1.13.1/STM32CubeIDE/plugins/com.st.stm32cube.ide.mcu.externaltools.gnu-tools-for-stm32.11.3.rel1.win32_1.1.0.202305231506/tools/bin/../lib/gcc/arm-none-eabi/11.3.1/thumb/v7e-m+fp/hard/crtbegin.o
 .text          0x00000000080001d0       0x30 C:/ST/STM32CubeIDE_1.13.1/STM32CubeIDE/plugins/com.st.stm32cube.ide.mcu.externaltools.gnu-tools-for-stm32.11.3.rel1.win32_1.1.0.202305231506/tools/bin/../lib/gcc/arm-none-eabi/11.3.1/thumb/v7e-m+fp/hard\libgcc.a(_aeabi_uldivmod.o)
                0x00000000080001d0                __aeabi_uldivmod
 .text          0x0000000008000200      0x2c8 C:/ST/STM32CubeIDE_1.13.1/STM32CubeIDE/plugins/com.st.stm32cube.ide.mcu.externaltools.gnu-tools-for-stm32.11.3.rel1.win32_1.1.0.202305231506/tools/bin/../lib/gcc/arm-none-eabi/11.3.1/thumb/v7e-m+fp/hard\libgcc.a(_udivmoddi4.o)
                0x0000000008000200                __udivmoddi4
 .text          0x00000000080004c8        0x4 C:/ST/STM32CubeIDE_1.13.1/STM32CubeIDE/plugins/com.st.stm32cube.ide.mcu.externaltools.gnu-tools-for-stm32.11.3.rel1.win32_1.1.0.202305231506/tools/bin/../lib/gcc/arm-none-eabi/11.3.1/thumb/v7e-m+fp/hard\libgcc.a(_dvmd_tls.o)
                0x00000000080004c8                __aeabi_idiv0
                0x00000000080004c8                __aeabi_ldiv0
 *(.text*)
 .text.main     0x00000000080004cc       0xf0 ./Core/Src/main.o
                0x00000000080004cc                main
 .text.SystemClock_Config
                0x00000000080005bc       0xd4 ./Core/Src/main.o
                0x00000000080005bc                SystemClock_Config
 .text.MX_GPIO_Init
                0x0000000008000690      0x2cc ./Core/Src/main.o
 .text.button_interrupt_handler
                0x000000000800095c       0x48 ./Core/Src/main.o
                0x000000000800095c                button_interrupt_handler
 .text.led_green_handler
                0x00000000080009a4       0x5c ./Core/Src/main.o
 .text.led_orange_handler
                0x0000000008000a00       0x5c ./Core/Src/main.o
 .text.led_red_handler
                0x0000000008000a5c       0x58 ./Core/Src/main.o
 .text.HAL_TIM_PeriodElapsedCallback
                0x0000000008000ab4       0x24 ./Core/Src/main.o
                0x0000000008000ab4                HAL_TIM_PeriodElapsedCallback
 .text.Error_Handler
                0x0000000008000ad8        0xe ./Core/Src/main.o
                0x0000000008000ad8                Error_Handler
 *fill*         0x0000000008000ae6        0x2 
 .text.HAL_MspInit
                0x0000000008000ae8       0x50 ./Core/Src/stm32f4xx_hal_msp.o
                0x0000000008000ae8                HAL_MspInit
 .text.HAL_InitTick
                0x0000000008000b38       0xf8 ./Core/Src/stm32f4xx_hal_timebase_tim.o
                0x0000000008000b38                HAL_InitTick
 .text.NMI_Handler
                0x0000000008000c30        0x6 ./Core/Src/stm32f4xx_it.o
                0x0000000008000c30                NMI_Handler
 .text.HardFault_Handler
                0x0000000008000c36        0x6 ./Core/Src/stm32f4xx_it.o
                0x0000000008000c36                HardFault_Handler
 .text.MemManage_Handler
                0x0000000008000c3c        0x6 ./Core/Src/stm32f4xx_it.o
                0x0000000008000c3c                MemManage_Handler
 .text.BusFault_Handler
                0x0000000008000c42        0x6 ./Core/Src/stm32f4xx_it.o
                0x0000000008000c42                BusFault_Handler
 .text.UsageFault_Handler
                0x0000000008000c48        0x6 ./Core/Src/stm32f4xx_it.o
                0x0000000008000c48                UsageFault_Handler
 .text.EXTI0_IRQHandler
                0x0000000008000c4e       0x12 ./Core/Src/stm32f4xx_it.o
                0x0000000008000c4e                EXTI0_IRQHandler
 .text.TIM6_DAC_IRQHandler
                0x0000000008000c60       0x14 ./Core/Src/stm32f4xx_it.o
                0x0000000008000c60                TIM6_DAC_IRQHandler
 .text.SystemInit
                0x0000000008000c74       0x24 ./Core/Src/system_stm32f4xx.o
                0x0000000008000c74                SystemInit
 .text.Reset_Handler
                0x0000000008000c98       0x50 ./Core/Startup/startup_stm32f407vgtx.o
                0x0000000008000c98                Reset_Handler
 .text.Default_Handler
                0x0000000008000ce8        0x2 ./Core/Startup/startup_stm32f407vgtx.o
                0x0000000008000ce8                RTC_Alarm_IRQHandler
                0x0000000008000ce8                HASH_RNG_IRQHandler
                0x0000000008000ce8                EXTI2_IRQHandler
                0x0000000008000ce8                TIM8_CC_IRQHandler
                0x0000000008000ce8                DebugMon_Handler
                0x0000000008000ce8                TIM1_CC_IRQHandler
                0x0000000008000ce8                DMA2_Stream5_IRQHandler
                0x0000000008000ce8                DMA1_Stream5_IRQHandler
                0x0000000008000ce8                PVD_IRQHandler
                0x0000000008000ce8                SDIO_IRQHandler
                0x0000000008000ce8                TAMP_STAMP_IRQHandler
                0x0000000008000ce8                CAN2_RX1_IRQHandler
                0x0000000008000ce8                EXTI3_IRQHandler
                0x0000000008000ce8                TIM8_TRG_COM_TIM14_IRQHandler
                0x0000000008000ce8                TIM1_UP_TIM10_IRQHandler
                0x0000000008000ce8                TIM8_UP_TIM13_IRQHandler
                0x0000000008000ce8                I2C3_ER_IRQHandler
                0x0000000008000ce8                I2C2_EV_IRQHandler
                0x0000000008000ce8                DMA1_Stream2_IRQHandler
                0x0000000008000ce8                CAN1_RX0_IRQHandler
                0x0000000008000ce8                FPU_IRQHandler
                0x0000000008000ce8                OTG_HS_WKUP_IRQHandler
                0x0000000008000ce8                CAN2_SCE_IRQHandler
                0x0000000008000ce8                DMA2_Stream2_IRQHandler
                0x0000000008000ce8                SPI1_IRQHandler
                0x0000000008000ce8                TIM1_BRK_TIM9_IRQHandler
                0x0000000008000ce8                DCMI_IRQHandler
                0x0000000008000ce8                CAN2_RX0_IRQHandler
                0x0000000008000ce8                DMA2_Stream3_IRQHandler
                0x0000000008000ce8                USART6_IRQHandler
                0x0000000008000ce8                USART3_IRQHandler
                0x0000000008000ce8                CAN1_RX1_IRQHandler
                0x0000000008000ce8                UART5_IRQHandler
                0x0000000008000ce8                DMA2_Stream0_IRQHandler
                0x0000000008000ce8                TIM4_IRQHandler
                0x0000000008000ce8                I2C1_EV_IRQHandler
                0x0000000008000ce8                DMA1_Stream6_IRQHandler
                0x0000000008000ce8                DMA1_Stream1_IRQHandler
                0x0000000008000ce8                UART4_IRQHandler
                0x0000000008000ce8                TIM3_IRQHandler
                0x0000000008000ce8                RCC_IRQHandler
                0x0000000008000ce8                TIM8_BRK_TIM12_IRQHandler
                0x0000000008000ce8                Default_Handler
                0x0000000008000ce8                EXTI15_10_IRQHandler
                0x0000000008000ce8                ADC_IRQHandler
                0x0000000008000ce8                DMA1_Stream7_IRQHandler
                0x0000000008000ce8                TIM7_IRQHandler
                0x0000000008000ce8                CAN2_TX_IRQHandler
                0x0000000008000ce8                TIM5_IRQHandler
                0x0000000008000ce8                DMA2_Stream7_IRQHandler
                0x0000000008000ce8                I2C3_EV_IRQHandler
                0x0000000008000ce8                EXTI9_5_IRQHandler
                0x0000000008000ce8                RTC_WKUP_IRQHandler
                0x0000000008000ce8                ETH_WKUP_IRQHandler
                0x0000000008000ce8                SPI2_IRQHandler
                0x0000000008000ce8                OTG_HS_EP1_IN_IRQHandler
                0x0000000008000ce8                DMA1_Stream0_IRQHandler
                0x0000000008000ce8                CAN1_TX_IRQHandler
                0x0000000008000ce8                EXTI4_IRQHandler
                0x0000000008000ce8                FSMC_IRQHandler
                0x0000000008000ce8                ETH_IRQHandler
                0x0000000008000ce8                OTG_HS_EP1_OUT_IRQHandler
                0x0000000008000ce8                WWDG_IRQHandler
                0x0000000008000ce8                TIM2_IRQHandler
                0x0000000008000ce8                OTG_FS_WKUP_IRQHandler
                0x0000000008000ce8                TIM1_TRG_COM_TIM11_IRQHandler
                0x0000000008000ce8                OTG_HS_IRQHandler
                0x0000000008000ce8                EXTI1_IRQHandler
                0x0000000008000ce8                USART2_IRQHandler
                0x0000000008000ce8                I2C2_ER_IRQHandler
                0x0000000008000ce8                DMA2_Stream1_IRQHandler
                0x0000000008000ce8                CAN1_SCE_IRQHandler
                0x0000000008000ce8                FLASH_IRQHandler
                0x0000000008000ce8                DMA2_Stream4_IRQHandler
                0x0000000008000ce8                USART1_IRQHandler
                0x0000000008000ce8                OTG_FS_IRQHandler
                0x0000000008000ce8                SPI3_IRQHandler
                0x0000000008000ce8                DMA1_Stream4_IRQHandler
                0x0000000008000ce8                I2C1_ER_IRQHandler
                0x0000000008000ce8                DMA2_Stream6_IRQHandler
                0x0000000008000ce8                DMA1_Stream3_IRQHandler
 *fill*         0x0000000008000cea        0x2 
 .text.HAL_Init
                0x0000000008000cec       0x44 ./Drivers/STM32F4xx_HAL_Driver/Src/stm32f4xx_hal.o
                0x0000000008000cec                HAL_Init
 .text.HAL_IncTick
                0x0000000008000d30       0x28 ./Drivers/STM32F4xx_HAL_Driver/Src/stm32f4xx_hal.o
                0x0000000008000d30                HAL_IncTick
 .text.HAL_GetTick
                0x0000000008000d58       0x18 ./Drivers/STM32F4xx_HAL_Driver/Src/stm32f4xx_hal.o
                0x0000000008000d58                HAL_GetTick
 .text.__NVIC_SetPriorityGrouping
                0x0000000008000d70       0x48 ./Drivers/STM32F4xx_HAL_Driver/Src/stm32f4xx_hal_cortex.o
 .text.__NVIC_GetPriorityGrouping
                0x0000000008000db8       0x1c ./Drivers/STM32F4xx_HAL_Driver/Src/stm32f4xx_hal_cortex.o
 .text.__NVIC_EnableIRQ
                0x0000000008000dd4       0x3c ./Drivers/STM32F4xx_HAL_Driver/Src/stm32f4xx_hal_cortex.o
 .text.__NVIC_SetPriority
                0x0000000008000e10       0x54 ./Drivers/STM32F4xx_HAL_Driver/Src/stm32f4xx_hal_cortex.o
 .text.NVIC_EncodePriority
                0x0000000008000e64       0x66 ./Drivers/STM32F4xx_HAL_Driver/Src/stm32f4xx_hal_cortex.o
 .text.HAL_NVIC_SetPriorityGrouping
                0x0000000008000eca       0x16 ./Drivers/STM32F4xx_HAL_Driver/Src/stm32f4xx_hal_cortex.o
                0x0000000008000eca                HAL_NVIC_SetPriorityGrouping
 .text.HAL_NVIC_SetPriority
                0x0000000008000ee0       0x38 ./Drivers/STM32F4xx_HAL_Driver/Src/stm32f4xx_hal_cortex.o
                0x0000000008000ee0                HAL_NVIC_SetPriority
 .text.HAL_NVIC_EnableIRQ
                0x0000000008000f18       0x1c ./Drivers/STM32F4xx_HAL_Driver/Src/stm32f4xx_hal_cortex.o
                0x0000000008000f18                HAL_NVIC_EnableIRQ
 .text.HAL_GPIO_Init
                0x0000000008000f34      0x338 ./Drivers/STM32F4xx_HAL_Driver/Src/stm32f4xx_hal_gpio.o
                0x0000000008000f34                HAL_GPIO_Init
 .text.HAL_GPIO_WritePin
                0x000000000800126c       0x32 ./Drivers/STM32F4xx_HAL_Driver/Src/stm32f4xx_hal_gpio.o
                0x000000000800126c                HAL_GPIO_WritePin
 .text.HAL_GPIO_TogglePin
                0x000000000800129e       0x34 ./Drivers/STM32F4xx_HAL_Driver/Src/stm32f4xx_hal_gpio.o
                0x000000000800129e                HAL_GPIO_TogglePin
 *fill*         0x00000000080012d2        0x2 
 .text.HAL_GPIO_EXTI_IRQHandler
                0x00000000080012d4       0x30 ./Drivers/STM32F4xx_HAL_Driver/Src/stm32f4xx_hal_gpio.o
                0x00000000080012d4                HAL_GPIO_EXTI_IRQHandler
 .text.HAL_GPIO_EXTI_Callback
                0x0000000008001304       0x16 ./Drivers/STM32F4xx_HAL_Driver/Src/stm32f4xx_hal_gpio.o
                0x0000000008001304                HAL_GPIO_EXTI_Callback
 *fill*         0x000000000800131a        0x2 
 .text.HAL_RCC_OscConfig
                0x000000000800131c      0x4f0 ./Drivers/STM32F4xx_HAL_Driver/Src/stm32f4xx_hal_rcc.o
                0x000000000800131c                HAL_RCC_OscConfig
 .text.HAL_RCC_ClockConfig
                0x000000000800180c      0x1cc ./Drivers/STM32F4xx_HAL_Driver/Src/stm32f4xx_hal_rcc.o
                0x000000000800180c                HAL_RCC_ClockConfig
 .text.HAL_RCC_GetSysClockFreq
                0x00000000080019d8      0x20c ./Drivers/STM32F4xx_HAL_Driver/Src/stm32f4xx_hal_rcc.o
                0x00000000080019d8                HAL_RCC_GetSysClockFreq
 .text.HAL_RCC_GetHCLKFreq
                0x0000000008001be4       0x18 ./Drivers/STM32F4xx_HAL_Driver/Src/stm32f4xx_hal_rcc.o
                0x0000000008001be4                HAL_RCC_GetHCLKFreq
 .text.HAL_RCC_GetPCLK1Freq
                0x0000000008001bfc       0x28 ./Drivers/STM32F4xx_HAL_Driver/Src/stm32f4xx_hal_rcc.o
                0x0000000008001bfc                HAL_RCC_GetPCLK1Freq
 .text.HAL_RCC_GetClockConfig
                0x0000000008001c24       0x64 ./Drivers/STM32F4xx_HAL_Driver/Src/stm32f4xx_hal_rcc.o
                0x0000000008001c24                HAL_RCC_GetClockConfig
 .text.HAL_TIM_Base_Init
                0x0000000008001c88       0x9e ./Drivers/STM32F4xx_HAL_Driver/Src/stm32f4xx_hal_tim.o
                0x0000000008001c88                HAL_TIM_Base_Init
 .text.HAL_TIM_Base_MspInit
                0x0000000008001d26       0x14 ./Drivers/STM32F4xx_HAL_Driver/Src/stm32f4xx_hal_tim.o
                0x0000000008001d26                HAL_TIM_Base_MspInit
 *fill*         0x0000000008001d3a        0x2 
 .text.HAL_TIM_Base_Start_IT
                0x0000000008001d3c       0xe0 ./Drivers/STM32F4xx_HAL_Driver/Src/stm32f4xx_hal_tim.o
                0x0000000008001d3c                HAL_TIM_Base_Start_IT
 .text.HAL_TIM_IRQHandler
                0x0000000008001e1c      0x210 ./Drivers/STM32F4xx_HAL_Driver/Src/stm32f4xx_hal_tim.o
                0x0000000008001e1c                HAL_TIM_IRQHandler
 .text.HAL_TIM_OC_DelayElapsedCallback
                0x000000000800202c       0x14 ./Drivers/STM32F4xx_HAL_Driver/Src/stm32f4xx_hal_tim.o
                0x000000000800202c                HAL_TIM_OC_DelayElapsedCallback
 .text.HAL_TIM_IC_CaptureCallback
                0x0000000008002040       0x14 ./Drivers/STM32F4xx_HAL_Driver/Src/stm32f4xx_hal_tim.o
                0x0000000008002040                HAL_TIM_IC_CaptureCallback
 .text.HAL_TIM_PWM_PulseFinishedCallback
                0x0000000008002054       0x14 ./Drivers/STM32F4xx_HAL_Driver/Src/stm32f4xx_hal_tim.o
                0x0000000008002054                HAL_TIM_PWM_PulseFinishedCallback
 .text.HAL_TIM_TriggerCallback
                0x0000000008002068       0x14 ./Drivers/STM32F4xx_HAL_Driver/Src/stm32f4xx_hal_tim.o
                0x0000000008002068                HAL_TIM_TriggerCallback
 .text.TIM_Base_SetConfig
                0x000000000800207c      0x140 ./Drivers/STM32F4xx_HAL_Driver/Src/stm32f4xx_hal_tim.o
                0x000000000800207c                TIM_Base_SetConfig
 .text.HAL_TIMEx_CommutCallback
                0x00000000080021bc       0x14 ./Drivers/STM32F4xx_HAL_Driver/Src/stm32f4xx_hal_tim_ex.o
                0x00000000080021bc                HAL_TIMEx_CommutCallback
 .text.HAL_TIMEx_BreakCallback
                0x00000000080021d0       0x14 ./Drivers/STM32F4xx_HAL_Driver/Src/stm32f4xx_hal_tim_ex.o
                0x00000000080021d0                HAL_TIMEx_BreakCallback
 .text.vListInitialise
                0x00000000080021e4       0x40 ./ThirdParty/list.o
                0x00000000080021e4                vListInitialise
 .text.vListInitialiseItem
                0x0000000008002224       0x1a ./ThirdParty/list.o
                0x0000000008002224                vListInitialiseItem
 .text.vListInsertEnd
                0x000000000800223e       0x48 ./ThirdParty/list.o
                0x000000000800223e                vListInsertEnd
 .text.vListInsert
                0x0000000008002286       0x72 ./ThirdParty/list.o
                0x0000000008002286                vListInsert
 .text.uxListRemove
                0x00000000080022f8       0x54 ./ThirdParty/list.o
                0x00000000080022f8                uxListRemove
 .text.prvCreateTask
                0x000000000800234c       0x78 ./ThirdParty/tasks.o
 .text.xTaskCreate
                0x00000000080023c4       0x46 ./ThirdParty/tasks.o
                0x00000000080023c4                xTaskCreate
 .text.prvInitialiseNewTask
                0x000000000800240a      0x11c ./ThirdParty/tasks.o
 *fill*         0x0000000008002526        0x2 
 .text.prvAddNewTaskToReadyList
                0x0000000008002528      0x130 ./ThirdParty/tasks.o
 .text.vTaskDelete
                0x0000000008002658      0x144 ./ThirdParty/tasks.o
                0x0000000008002658                vTaskDelete
 .text.prvCreateIdleTasks
                0x000000000800279c       0x94 ./ThirdParty/tasks.o
 .text.vTaskStartScheduler
                0x0000000008002830       0x7c ./ThirdParty/tasks.o
                0x0000000008002830                vTaskStartScheduler
 .text.vTaskSuspendAll
                0x00000000080028ac       0x1c ./ThirdParty/tasks.o
                0x00000000080028ac                vTaskSuspendAll
 .text.xTaskResumeAll
                0x00000000080028c8      0x210 ./ThirdParty/tasks.o
                0x00000000080028c8                xTaskResumeAll
 .text.xTaskIncrementTick
                0x0000000008002ad8      0x230 ./ThirdParty/tasks.o
                0x0000000008002ad8                xTaskIncrementTick
 .text.vTaskSwitchContext
                0x0000000008002d08       0xb8 ./ThirdParty/tasks.o
                0x0000000008002d08                vTaskSwitchContext
 .text.prvIdleTask
                0x0000000008002dc0       0x30 ./ThirdParty/tasks.o
 .text.prvInitialiseTaskLists
                0x0000000008002df0       0x80 ./ThirdParty/tasks.o
 .text.prvCheckTasksWaitingTermination
                0x0000000008002e70       0x5c ./ThirdParty/tasks.o
 .text.prvDeleteTCB
                0x0000000008002ecc       0x20 ./ThirdParty/tasks.o
 .text.prvResetNextTaskUnblockTime
                0x0000000008002eec       0x38 ./ThirdParty/tasks.o
 .text.xTaskGenericNotifyWait
                0x0000000008002f24      0x124 ./ThirdParty/tasks.o
                0x0000000008002f24                xTaskGenericNotifyWait
 .text.xTaskGenericNotifyFromISR
                0x0000000008003048      0x2bc ./ThirdParty/tasks.o
                0x0000000008003048                xTaskGenericNotifyFromISR
 .text.prvAddCurrentTaskToDelayedList
                0x0000000008003304      0x104 ./ThirdParty/tasks.o
 .text.pxPortInitialiseStack
                0x0000000008003408       0x68 ./ThirdParty/portable/GCC/ARM_CM4F/port.o
                0x0000000008003408                pxPortInitialiseStack
 .text.prvTaskExitError
                0x0000000008003470       0x58 ./ThirdParty/portable/GCC/ARM_CM4F/port.o
 *fill*         0x00000000080034c8        0x8 
 .text.SVC_Handler
                0x00000000080034d0       0x28 ./ThirdParty/portable/GCC/ARM_CM4F/port.o
                0x00000000080034d0                SVC_Handler
 .text.prvPortStartFirstTask
                0x00000000080034f8       0x2c ./ThirdParty/portable/GCC/ARM_CM4F/port.o
 .text.xPortStartScheduler
                0x0000000008003524      0x1d4 ./ThirdParty/portable/GCC/ARM_CM4F/port.o
                0x0000000008003524                xPortStartScheduler
 .text.vPortEnterCritical
                0x00000000080036f8       0x60 ./ThirdParty/portable/GCC/ARM_CM4F/port.o
                0x00000000080036f8                vPortEnterCritical
 .text.vPortExitCritical
                0x0000000008003758       0x54 ./ThirdParty/portable/GCC/ARM_CM4F/port.o
                0x0000000008003758                vPortExitCritical
 *fill*         0x00000000080037ac        0x4 
 .text.PendSV_Handler
                0x00000000080037b0       0x68 ./ThirdParty/portable/GCC/ARM_CM4F/port.o
                0x00000000080037b0                PendSV_Handler
 .text.SysTick_Handler
                0x0000000008003818       0x44 ./ThirdParty/portable/GCC/ARM_CM4F/port.o
                0x0000000008003818                SysTick_Handler
 .text.vPortSetupTimerInterrupt
                0x000000000800385c       0x48 ./ThirdParty/portable/GCC/ARM_CM4F/port.o
                0x000000000800385c                vPortSetupTimerInterrupt
 .text.vPortEnableVFP
                0x00000000080038a4       0x18 ./ThirdParty/portable/GCC/ARM_CM4F/port.o
 .text.vPortValidateInterruptPriority
                0x00000000080038bc       0x80 ./ThirdParty/portable/GCC/ARM_CM4F/port.o
                0x00000000080038bc                vPortValidateInterruptPriority
 .text.pvPortMalloc
                0x000000000800393c      0x258 ./ThirdParty/portable/MemMang/heap_4.o
                0x000000000800393c                pvPortMalloc
 .text.vPortFree
                0x0000000008003b94       0xf0 ./ThirdParty/portable/MemMang/heap_4.o
                0x0000000008003b94                vPortFree
 .text.prvHeapInit
                0x0000000008003c84       0xb4 ./ThirdParty/portable/MemMang/heap_4.o
 .text.prvInsertBlockIntoFreeList
                0x0000000008003d38       0xf4 ./ThirdParty/portable/MemMang/heap_4.o
 .text.memset   0x0000000008003e2c       0x10 C:/ST/STM32CubeIDE_1.13.1/STM32CubeIDE/plugins/com.st.stm32cube.ide.mcu.externaltools.gnu-tools-for-stm32.11.3.rel1.win32_1.1.0.202305231506/tools/bin/../lib/gcc/arm-none-eabi/11.3.1/../../../../arm-none-eabi/lib/thumb/v7e-m+fp/hard\libc_nano.a(libc_a-memset.o)
                0x0000000008003e2c                memset
 .text.__libc_init_array
                0x0000000008003e3c       0x48 C:/ST/STM32CubeIDE_1.13.1/STM32CubeIDE/plugins/com.st.stm32cube.ide.mcu.externaltools.gnu-tools-for-stm32.11.3.rel1.win32_1.1.0.202305231506/tools/bin/../lib/gcc/arm-none-eabi/11.3.1/../../../../arm-none-eabi/lib/thumb/v7e-m+fp/hard\libc_nano.a(libc_a-init.o)
                0x0000000008003e3c                __libc_init_array
 *(.glue_7)
 .glue_7        0x0000000008003e84        0x0 linker stubs
 *(.glue_7t)
 .glue_7t       0x0000000008003e84        0x0 linker stubs
 *(.eh_frame)
 .eh_frame      0x0000000008003e84        0x0 C:/ST/STM32CubeIDE_1.13.1/STM32CubeIDE/plugins/com.st.stm32cube.ide.mcu.externaltools.gnu-tools-for-stm32.11.3.rel1.win32_1.1.0.202305231506/tools/bin/../lib/gcc/arm-none-eabi/11.3.1/thumb/v7e-m+fp/hard/crtbegin.o
 *(.init)
 .init          0x0000000008003e84        0x4 C:/ST/STM32CubeIDE_1.13.1/STM32CubeIDE/plugins/com.st.stm32cube.ide.mcu.externaltools.gnu-tools-for-stm32.11.3.rel1.win32_1.1.0.202305231506/tools/bin/../lib/gcc/arm-none-eabi/11.3.1/thumb/v7e-m+fp/hard/crti.o
                0x0000000008003e84                _init
 .init          0x0000000008003e88        0x8 C:/ST/STM32CubeIDE_1.13.1/STM32CubeIDE/plugins/com.st.stm32cube.ide.mcu.externaltools.gnu-tools-for-stm32.11.3.rel1.win32_1.1.0.202305231506/tools/bin/../lib/gcc/arm-none-eabi/11.3.1/thumb/v7e-m+fp/hard/crtn.o
 *(.fini)
 .fini          0x0000000008003e90        0x4 C:/ST/STM32CubeIDE_1.13.1/STM32CubeIDE/plugins/com.st.stm32cube.ide.mcu.externaltools.gnu-tools-for-stm32.11.3.rel1.win32_1.1.0.202305231506/tools/bin/../lib/gcc/arm-none-eabi/11.3.1/thumb/v7e-m+fp/hard/crti.o
                0x0000000008003e90                _fini
 .fini          0x0000000008003e94        0x8 C:/ST/STM32CubeIDE_1.13.1/STM32CubeIDE/plugins/com.st.stm32cube.ide.mcu.externaltools.gnu-tools-for-stm32.11.3.rel1.win32_1.1.0.202305231506/tools/bin/../lib/gcc/arm-none-eabi/11.3.1/thumb/v7e-m+fp/hard/crtn.o
                0x0000000008003e9c                . = ALIGN (0x4)
                0x0000000008003e9c                _etext = .

.vfp11_veneer   0x0000000008003e9c        0x0
 .vfp11_veneer  0x0000000008003e9c        0x0 linker stubs

.v4_bx          0x0000000008003e9c        0x0
 .v4_bx         0x0000000008003e9c        0x0 linker stubs

.iplt           0x0000000008003e9c        0x0
 .iplt          0x0000000008003e9c        0x0 C:/ST/STM32CubeIDE_1.13.1/STM32CubeIDE/plugins/com.st.stm32cube.ide.mcu.externaltools.gnu-tools-for-stm32.11.3.rel1.win32_1.1.0.202305231506/tools/bin/../lib/gcc/arm-none-eabi/11.3.1/thumb/v7e-m+fp/hard/crtbegin.o

.rodata         0x0000000008003e9c       0x50
                0x0000000008003e9c                . = ALIGN (0x4)
 *(.rodata)
 .rodata        0x0000000008003e9c       0x2d ./Core/Src/main.o
 *fill*         0x0000000008003ec9        0x3 
 .rodata        0x0000000008003ecc        0x5 ./ThirdParty/tasks.o
 *(.rodata*)
 *fill*         0x0000000008003ed1        0x3 
 .rodata.AHBPrescTable
                0x0000000008003ed4       0x10 ./Core/Src/system_stm32f4xx.o
                0x0000000008003ed4                AHBPrescTable
 .rodata.APBPrescTable
                0x0000000008003ee4        0x8 ./Core/Src/system_stm32f4xx.o
                0x0000000008003ee4                APBPrescTable
                0x0000000008003eec                . = ALIGN (0x4)

.ARM.extab      0x0000000008003eec        0x0
                0x0000000008003eec                . = ALIGN (0x4)
 *(.ARM.extab* .gnu.linkonce.armextab.*)
                0x0000000008003eec                . = ALIGN (0x4)

.ARM            0x0000000008003eec        0x8
                0x0000000008003eec                . = ALIGN (0x4)
                0x0000000008003eec                __exidx_start = .
 *(.ARM.exidx*)
 .ARM.exidx     0x0000000008003eec        0x8 C:/ST/STM32CubeIDE_1.13.1/STM32CubeIDE/plugins/com.st.stm32cube.ide.mcu.externaltools.gnu-tools-for-stm32.11.3.rel1.win32_1.1.0.202305231506/tools/bin/../lib/gcc/arm-none-eabi/11.3.1/thumb/v7e-m+fp/hard\libgcc.a(_udivmoddi4.o)
                0x0000000008003ef4                __exidx_end = .
                0x0000000008003ef4                . = ALIGN (0x4)

.rel.dyn        0x0000000008003ef4        0x0
 .rel.iplt      0x0000000008003ef4        0x0 C:/ST/STM32CubeIDE_1.13.1/STM32CubeIDE/plugins/com.st.stm32cube.ide.mcu.externaltools.gnu-tools-for-stm32.11.3.rel1.win32_1.1.0.202305231506/tools/bin/../lib/gcc/arm-none-eabi/11.3.1/thumb/v7e-m+fp/hard/crtbegin.o

.preinit_array  0x0000000008003ef4        0x0
                0x0000000008003ef4                . = ALIGN (0x4)
                0x0000000008003ef4                PROVIDE (__preinit_array_start = .)
 *(.preinit_array*)
                0x0000000008003ef4                PROVIDE (__preinit_array_end = .)
                0x0000000008003ef4                . = ALIGN (0x4)

.init_array     0x0000000008003ef4        0x4
                0x0000000008003ef4                . = ALIGN (0x4)
                0x0000000008003ef4                PROVIDE (__init_array_start = .)
 *(SORT_BY_NAME(.init_array.*))
 *(.init_array*)
 .init_array    0x0000000008003ef4        0x4 C:/ST/STM32CubeIDE_1.13.1/STM32CubeIDE/plugins/com.st.stm32cube.ide.mcu.externaltools.gnu-tools-for-stm32.11.3.rel1.win32_1.1.0.202305231506/tools/bin/../lib/gcc/arm-none-eabi/11.3.1/thumb/v7e-m+fp/hard/crtbegin.o
                0x0000000008003ef8                PROVIDE (__init_array_end = .)
                0x0000000008003ef8                . = ALIGN (0x4)

.fini_array     0x0000000008003ef8        0x4
                0x0000000008003ef8                . = ALIGN (0x4)
                [!provide]                        PROVIDE (__fini_array_start = .)
 *(SORT_BY_NAME(.fini_array.*))
 *(.fini_array*)
 .fini_array    0x0000000008003ef8        0x4 C:/ST/STM32CubeIDE_1.13.1/STM32CubeIDE/plugins/com.st.stm32cube.ide.mcu.externaltools.gnu-tools-for-stm32.11.3.rel1.win32_1.1.0.202305231506/tools/bin/../lib/gcc/arm-none-eabi/11.3.1/thumb/v7e-m+fp/hard/crtbegin.o
                [!provide]                        PROVIDE (__fini_array_end = .)
                0x0000000008003efc                . = ALIGN (0x4)
                0x0000000008003efc                _sidata = LOADADDR (.data)

.data           0x0000000020000000       0x14 load address 0x0000000008003efc
                0x0000000020000000                . = ALIGN (0x4)
                0x0000000020000000                _sdata = .
 *(.data)
 *(.data*)
 .data.SystemCoreClock
                0x0000000020000000        0x4 ./Core/Src/system_stm32f4xx.o
                0x0000000020000000                SystemCoreClock
 .data.uwTickPrio
                0x0000000020000004        0x4 ./Drivers/STM32F4xx_HAL_Driver/Src/stm32f4xx_hal.o
                0x0000000020000004                uwTickPrio
 .data.uwTickFreq
                0x0000000020000008        0x1 ./Drivers/STM32F4xx_HAL_Driver/Src/stm32f4xx_hal.o
                0x0000000020000008                uwTickFreq
 *fill*         0x0000000020000009        0x3 
 .data.uxTopUsedPriority
                0x000000002000000c        0x4 ./ThirdParty/tasks.o
 .data.uxCriticalNesting
                0x0000000020000010        0x4 ./ThirdParty/portable/GCC/ARM_CM4F/port.o
 *(.RamFunc)
 *(.RamFunc*)
                0x0000000020000014                . = ALIGN (0x4)
                0x0000000020000014                _edata = .
                0x0000000008003f10                _siccmram = LOADADDR (.ccmram)

.igot.plt       0x0000000020000014        0x0 load address 0x0000000008003f10
 .igot.plt      0x0000000020000014        0x0 C:/ST/STM32CubeIDE_1.13.1/STM32CubeIDE/plugins/com.st.stm32cube.ide.mcu.externaltools.gnu-tools-for-stm32.11.3.rel1.win32_1.1.0.202305231506/tools/bin/../lib/gcc/arm-none-eabi/11.3.1/thumb/v7e-m+fp/hard/crtbegin.o

.ccmram         0x0000000010000000        0x0 load address 0x0000000008003f10
                0x0000000010000000                . = ALIGN (0x4)
                0x0000000010000000                _sccmram = .
 *(.ccmram)
 *(.ccmram*)
                0x0000000010000000                . = ALIGN (0x4)
                0x0000000010000000                _eccmram = .
                0x0000000010000000                . = ALIGN (0x4)

.bss            0x0000000020000014    0x191a0
                0x0000000020000014                _sbss = .
                0x0000000020000014                __bss_start__ = _sbss
 *(.bss)
 .bss           0x0000000020000014       0x1c C:/ST/STM32CubeIDE_1.13.1/STM32CubeIDE/plugins/com.st.stm32cube.ide.mcu.externaltools.gnu-tools-for-stm32.11.3.rel1.win32_1.1.0.202305231506/tools/bin/../lib/gcc/arm-none-eabi/11.3.1/thumb/v7e-m+fp/hard/crtbegin.o
 *(.bss*)
 .bss.ledg_task_handle
                0x0000000020000030        0x4 ./Core/Src/main.o
                0x0000000020000030                ledg_task_handle
 .bss.ledo_task_handle
                0x0000000020000034        0x4 ./Core/Src/main.o
                0x0000000020000034                ledo_task_handle
 .bss.ledr_task_handle
                0x0000000020000038        0x4 ./Core/Src/main.o
                0x0000000020000038                ledr_task_handle
 .bss.next_task_handle
                0x000000002000003c        0x4 ./Core/Src/main.o
                0x000000002000003c                next_task_handle
 .bss.htim6     0x0000000020000040       0x48 ./Core/Src/stm32f4xx_hal_timebase_tim.o
                0x0000000020000040                htim6
 .bss.uwTick    0x0000000020000088        0x4 ./Drivers/STM32F4xx_HAL_Driver/Src/stm32f4xx_hal.o
                0x0000000020000088                uwTick
 .bss.pxCurrentTCB
                0x000000002000008c        0x4 ./ThirdParty/tasks.o
                0x000000002000008c                pxCurrentTCB
 .bss.pxReadyTasksLists
                0x0000000020000090       0x64 ./ThirdParty/tasks.o
 .bss.xDelayedTaskList1
                0x00000000200000f4       0x14 ./ThirdParty/tasks.o
 .bss.xDelayedTaskList2
                0x0000000020000108       0x14 ./ThirdParty/tasks.o
 .bss.pxDelayedTaskList
                0x000000002000011c        0x4 ./ThirdParty/tasks.o
 .bss.pxOverflowDelayedTaskList
                0x0000000020000120        0x4 ./ThirdParty/tasks.o
 .bss.xPendingReadyList
                0x0000000020000124       0x14 ./ThirdParty/tasks.o
 .bss.xTasksWaitingTermination
                0x0000000020000138       0x14 ./ThirdParty/tasks.o
 .bss.uxDeletedTasksWaitingCleanUp
                0x000000002000014c        0x4 ./ThirdParty/tasks.o
 .bss.xSuspendedTaskList
                0x0000000020000150       0x14 ./ThirdParty/tasks.o
 .bss.uxCurrentNumberOfTasks
                0x0000000020000164        0x4 ./ThirdParty/tasks.o
 .bss.xTickCount
                0x0000000020000168        0x4 ./ThirdParty/tasks.o
 .bss.uxTopReadyPriority
                0x000000002000016c        0x4 ./ThirdParty/tasks.o
 .bss.xSchedulerRunning
                0x0000000020000170        0x4 ./ThirdParty/tasks.o
 .bss.xPendedTicks
                0x0000000020000174        0x4 ./ThirdParty/tasks.o
 .bss.xYieldPendings
                0x0000000020000178        0x4 ./ThirdParty/tasks.o
 .bss.xNumOfOverflows
                0x000000002000017c        0x4 ./ThirdParty/tasks.o
 .bss.uxTaskNumber
                0x0000000020000180        0x4 ./ThirdParty/tasks.o
 .bss.xNextTaskUnblockTime
                0x0000000020000184        0x4 ./ThirdParty/tasks.o
 .bss.xIdleTaskHandles
                0x0000000020000188        0x4 ./ThirdParty/tasks.o
 .bss.uxSchedulerSuspended
                0x000000002000018c        0x4 ./ThirdParty/tasks.o
 .bss.ucMaxSysCallPriority
                0x0000000020000190        0x1 ./ThirdParty/portable/GCC/ARM_CM4F/port.o
 *fill*         0x0000000020000191        0x3 
 .bss.ulMaxPRIGROUPValue
                0x0000000020000194        0x4 ./ThirdParty/portable/GCC/ARM_CM4F/port.o
 .bss.ucHeap    0x0000000020000198    0x19000 ./ThirdParty/portable/MemMang/heap_4.o
 .bss.xStart    0x0000000020019198        0x8 ./ThirdParty/portable/MemMang/heap_4.o
 .bss.pxEnd     0x00000000200191a0        0x4 ./ThirdParty/portable/MemMang/heap_4.o
 .bss.xFreeBytesRemaining
                0x00000000200191a4        0x4 ./ThirdParty/portable/MemMang/heap_4.o
 .bss.xMinimumEverFreeBytesRemaining
                0x00000000200191a8        0x4 ./ThirdParty/portable/MemMang/heap_4.o
 .bss.xNumberOfSuccessfulAllocations
                0x00000000200191ac        0x4 ./ThirdParty/portable/MemMang/heap_4.o
 .bss.xNumberOfSuccessfulFrees
                0x00000000200191b0        0x4 ./ThirdParty/portable/MemMang/heap_4.o
 *(COMMON)
                0x00000000200191b4                . = ALIGN (0x4)
                0x00000000200191b4                _ebss = .
                0x00000000200191b4                __bss_end__ = _ebss

._user_heap_stack
                0x00000000200191b4      0x604
                0x00000000200191b8                . = ALIGN (0x8)
 *fill*         0x00000000200191b4        0x4 
                [!provide]                        PROVIDE (end = .)
                0x00000000200191b8                PROVIDE (_end = .)
                0x00000000200193b8                . = (. + _Min_Heap_Size)
 *fill*         0x00000000200191b8      0x200 
                0x00000000200197b8                . = (. + _Min_Stack_Size)
 *fill*         0x00000000200193b8      0x400 
                0x00000000200197b8                . = ALIGN (0x8)

/DISCARD/
 libc.a(*)
 libm.a(*)
 libgcc.a(*)

.ARM.attributes
                0x0000000000000000       0x30
 *(.ARM.attributes)
 .ARM.attributes
                0x0000000000000000       0x1e C:/ST/STM32CubeIDE_1.13.1/STM32CubeIDE/plugins/com.st.stm32cube.ide.mcu.externaltools.gnu-tools-for-stm32.11.3.rel1.win32_1.1.0.202305231506/tools/bin/../lib/gcc/arm-none-eabi/11.3.1/thumb/v7e-m+fp/hard/crti.o
 .ARM.attributes
                0x000000000000001e       0x34 C:/ST/STM32CubeIDE_1.13.1/STM32CubeIDE/plugins/com.st.stm32cube.ide.mcu.externaltools.gnu-tools-for-stm32.11.3.rel1.win32_1.1.0.202305231506/tools/bin/../lib/gcc/arm-none-eabi/11.3.1/thumb/v7e-m+fp/hard/crtbegin.o
 .ARM.attributes
                0x0000000000000052       0x34 ./Core/Src/main.o
 .ARM.attributes
                0x0000000000000086       0x34 ./Core/Src/stm32f4xx_hal_msp.o
 .ARM.attributes
                0x00000000000000ba       0x34 ./Core/Src/stm32f4xx_hal_timebase_tim.o
 .ARM.attributes
                0x00000000000000ee       0x34 ./Core/Src/stm32f4xx_it.o
 .ARM.attributes
                0x0000000000000122       0x34 ./Core/Src/system_stm32f4xx.o
 .ARM.attributes
                0x0000000000000156       0x21 ./Core/Startup/startup_stm32f407vgtx.o
 .ARM.attributes
                0x0000000000000177       0x34 ./Drivers/STM32F4xx_HAL_Driver/Src/stm32f4xx_hal.o
 .ARM.attributes
                0x00000000000001ab       0x34 ./Drivers/STM32F4xx_HAL_Driver/Src/stm32f4xx_hal_cortex.o
 .ARM.attributes
                0x00000000000001df       0x34 ./Drivers/STM32F4xx_HAL_Driver/Src/stm32f4xx_hal_gpio.o
 .ARM.attributes
                0x0000000000000213       0x34 ./Drivers/STM32F4xx_HAL_Driver/Src/stm32f4xx_hal_rcc.o
 .ARM.attributes
                0x0000000000000247       0x34 ./Drivers/STM32F4xx_HAL_Driver/Src/stm32f4xx_hal_tim.o
 .ARM.attributes
                0x000000000000027b       0x34 ./Drivers/STM32F4xx_HAL_Driver/Src/stm32f4xx_hal_tim_ex.o
 .ARM.attributes
                0x00000000000002af       0x34 ./ThirdParty/list.o
 .ARM.attributes
                0x00000000000002e3       0x34 ./ThirdParty/tasks.o
 .ARM.attributes
                0x0000000000000317       0x34 ./ThirdParty/portable/GCC/ARM_CM4F/port.o
 .ARM.attributes
                0x000000000000034b       0x34 ./ThirdParty/portable/MemMang/heap_4.o
 .ARM.attributes
                0x000000000000037f       0x34 C:/ST/STM32CubeIDE_1.13.1/STM32CubeIDE/plugins/com.st.stm32cube.ide.mcu.externaltools.gnu-tools-for-stm32.11.3.rel1.win32_1.1.0.202305231506/tools/bin/../lib/gcc/arm-none-eabi/11.3.1/../../../../arm-none-eabi/lib/thumb/v7e-m+fp/hard\libc_nano.a(libc_a-memset.o)
 .ARM.attributes
                0x00000000000003b3       0x34 C:/ST/STM32CubeIDE_1.13.1/STM32CubeIDE/plugins/com.st.stm32cube.ide.mcu.externaltools.gnu-tools-for-stm32.11.3.rel1.win32_1.1.0.202305231506/tools/bin/../lib/gcc/arm-none-eabi/11.3.1/../../../../arm-none-eabi/lib/thumb/v7e-m+fp/hard\libc_nano.a(libc_a-init.o)
 .ARM.attributes
                0x00000000000003e7       0x1e C:/ST/STM32CubeIDE_1.13.1/STM32CubeIDE/plugins/com.st.stm32cube.ide.mcu.externaltools.gnu-tools-for-stm32.11.3.rel1.win32_1.1.0.202305231506/tools/bin/../lib/gcc/arm-none-eabi/11.3.1/thumb/v7e-m+fp/hard\libgcc.a(_aeabi_uldivmod.o)
 .ARM.attributes
                0x0000000000000405       0x34 C:/ST/STM32CubeIDE_1.13.1/STM32CubeIDE/plugins/com.st.stm32cube.ide.mcu.externaltools.gnu-tools-for-stm32.11.3.rel1.win32_1.1.0.202305231506/tools/bin/../lib/gcc/arm-none-eabi/11.3.1/thumb/v7e-m+fp/hard\libgcc.a(_udivmoddi4.o)
 .ARM.attributes
                0x0000000000000439       0x1e C:/ST/STM32CubeIDE_1.13.1/STM32CubeIDE/plugins/com.st.stm32cube.ide.mcu.externaltools.gnu-tools-for-stm32.11.3.rel1.win32_1.1.0.202305231506/tools/bin/../lib/gcc/arm-none-eabi/11.3.1/thumb/v7e-m+fp/hard\libgcc.a(_dvmd_tls.o)
 .ARM.attributes
                0x0000000000000457       0x1e C:/ST/STM32CubeIDE_1.13.1/STM32CubeIDE/plugins/com.st.stm32cube.ide.mcu.externaltools.gnu-tools-for-stm32.11.3.rel1.win32_1.1.0.202305231506/tools/bin/../lib/gcc/arm-none-eabi/11.3.1/thumb/v7e-m+fp/hard/crtn.o
OUTPUT(006LED_Btn_ISR.elf elf32-littlearm)
LOAD linker stubs
LOAD C:/ST/STM32CubeIDE_1.13.1/STM32CubeIDE/plugins/com.st.stm32cube.ide.mcu.externaltools.gnu-tools-for-stm32.11.3.rel1.win32_1.1.0.202305231506/tools/bin/../lib/gcc/arm-none-eabi/11.3.1/../../../../arm-none-eabi/lib/thumb/v7e-m+fp/hard\libc.a
LOAD C:/ST/STM32CubeIDE_1.13.1/STM32CubeIDE/plugins/com.st.stm32cube.ide.mcu.externaltools.gnu-tools-for-stm32.11.3.rel1.win32_1.1.0.202305231506/tools/bin/../lib/gcc/arm-none-eabi/11.3.1/../../../../arm-none-eabi/lib/thumb/v7e-m+fp/hard\libm.a
LOAD C:/ST/STM32CubeIDE_1.13.1/STM32CubeIDE/plugins/com.st.stm32cube.ide.mcu.externaltools.gnu-tools-for-stm32.11.3.rel1.win32_1.1.0.202305231506/tools/bin/../lib/gcc/arm-none-eabi/11.3.1/thumb/v7e-m+fp/hard\libgcc.a

.comment        0x0000000000000000       0x43
 .comment       0x0000000000000000       0x43 C:/ST/STM32CubeIDE_1.13.1/STM32CubeIDE/plugins/com.st.stm32cube.ide.mcu.externaltools.gnu-tools-for-stm32.11.3.rel1.win32_1.1.0.202305231506/tools/bin/../lib/gcc/arm-none-eabi/11.3.1/thumb/v7e-m+fp/hard/crtbegin.o
                                         0x44 (size before relaxing)
 .comment       0x0000000000000043       0x44 ./Core/Src/main.o
 .comment       0x0000000000000043       0x44 ./Core/Src/stm32f4xx_hal_msp.o
 .comment       0x0000000000000043       0x44 ./Core/Src/stm32f4xx_hal_timebase_tim.o
 .comment       0x0000000000000043       0x44 ./Core/Src/stm32f4xx_it.o
 .comment       0x0000000000000043       0x44 ./Core/Src/system_stm32f4xx.o
 .comment       0x0000000000000043       0x44 ./Drivers/STM32F4xx_HAL_Driver/Src/stm32f4xx_hal.o
 .comment       0x0000000000000043       0x44 ./Drivers/STM32F4xx_HAL_Driver/Src/stm32f4xx_hal_cortex.o
 .comment       0x0000000000000043       0x44 ./Drivers/STM32F4xx_HAL_Driver/Src/stm32f4xx_hal_gpio.o
 .comment       0x0000000000000043       0x44 ./Drivers/STM32F4xx_HAL_Driver/Src/stm32f4xx_hal_rcc.o
 .comment       0x0000000000000043       0x44 ./Drivers/STM32F4xx_HAL_Driver/Src/stm32f4xx_hal_tim.o
 .comment       0x0000000000000043       0x44 ./Drivers/STM32F4xx_HAL_Driver/Src/stm32f4xx_hal_tim_ex.o
 .comment       0x0000000000000043       0x44 ./ThirdParty/list.o
 .comment       0x0000000000000043       0x44 ./ThirdParty/tasks.o
 .comment       0x0000000000000043       0x44 ./ThirdParty/portable/GCC/ARM_CM4F/port.o
 .comment       0x0000000000000043       0x44 ./ThirdParty/portable/MemMang/heap_4.o

.debug_info     0x0000000000000000     0xc5eb
 .debug_info    0x0000000000000000     0x1264 ./Core/Src/main.o
 .debug_info    0x0000000000001264      0x269 ./Core/Src/stm32f4xx_hal_msp.o
 .debug_info    0x00000000000014cd      0xbee ./Core/Src/stm32f4xx_hal_timebase_tim.o
 .debug_info    0x00000000000020bb      0x6db ./Core/Src/stm32f4xx_it.o
 .debug_info    0x0000000000002796      0x512 ./Core/Src/system_stm32f4xx.o
 .debug_info    0x0000000000002ca8       0x23 ./Core/Startup/startup_stm32f407vgtx.o
 .debug_info    0x0000000000002ccb      0x948 ./Drivers/STM32F4xx_HAL_Driver/Src/stm32f4xx_hal.o
 .debug_info    0x0000000000003613      0xd46 ./Drivers/STM32F4xx_HAL_Driver/Src/stm32f4xx_hal_cortex.o
 .debug_info    0x0000000000004359      0x6c3 ./Drivers/STM32F4xx_HAL_Driver/Src/stm32f4xx_hal_gpio.o
 .debug_info    0x0000000000004a1c      0x8b1 ./Drivers/STM32F4xx_HAL_Driver/Src/stm32f4xx_hal_rcc.o
 .debug_info    0x00000000000052cd     0x2948 ./Drivers/STM32F4xx_HAL_Driver/Src/stm32f4xx_hal_tim.o
 .debug_info    0x0000000000007c15     0x14ae ./Drivers/STM32F4xx_HAL_Driver/Src/stm32f4xx_hal_tim_ex.o
 .debug_info    0x00000000000090c3      0x2aa ./ThirdParty/list.o
 .debug_info    0x000000000000936d     0x2724 ./ThirdParty/tasks.o
 .debug_info    0x000000000000ba91      0x581 ./ThirdParty/portable/GCC/ARM_CM4F/port.o
 .debug_info    0x000000000000c012      0x5d9 ./ThirdParty/portable/MemMang/heap_4.o

.debug_abbrev   0x0000000000000000     0x2076
 .debug_abbrev  0x0000000000000000      0x316 ./Core/Src/main.o
 .debug_abbrev  0x0000000000000316       0xd8 ./Core/Src/stm32f4xx_hal_msp.o
 .debug_abbrev  0x00000000000003ee      0x1f4 ./Core/Src/stm32f4xx_hal_timebase_tim.o
 .debug_abbrev  0x00000000000005e2      0x1a7 ./Core/Src/stm32f4xx_it.o
 .debug_abbrev  0x0000000000000789      0x11a ./Core/Src/system_stm32f4xx.o
 .debug_abbrev  0x00000000000008a3       0x12 ./Core/Startup/startup_stm32f407vgtx.o
 .debug_abbrev  0x00000000000008b5      0x213 ./Drivers/STM32F4xx_HAL_Driver/Src/stm32f4xx_hal.o
 .debug_abbrev  0x0000000000000ac8      0x327 ./Drivers/STM32F4xx_HAL_Driver/Src/stm32f4xx_hal_cortex.o
 .debug_abbrev  0x0000000000000def      0x1d4 ./Drivers/STM32F4xx_HAL_Driver/Src/stm32f4xx_hal_gpio.o
 .debug_abbrev  0x0000000000000fc3      0x2b6 ./Drivers/STM32F4xx_HAL_Driver/Src/stm32f4xx_hal_rcc.o
 .debug_abbrev  0x0000000000001279      0x271 ./Drivers/STM32F4xx_HAL_Driver/Src/stm32f4xx_hal_tim.o
 .debug_abbrev  0x00000000000014ea      0x27c ./Drivers/STM32F4xx_HAL_Driver/Src/stm32f4xx_hal_tim_ex.o
 .debug_abbrev  0x0000000000001766       0xee ./ThirdParty/list.o
 .debug_abbrev  0x0000000000001854      0x380 ./ThirdParty/tasks.o
 .debug_abbrev  0x0000000000001bd4      0x248 ./ThirdParty/portable/GCC/ARM_CM4F/port.o
 .debug_abbrev  0x0000000000001e1c      0x25a ./ThirdParty/portable/MemMang/heap_4.o

.debug_aranges  0x0000000000000000      0xcc0
 .debug_aranges
                0x0000000000000000       0x60 ./Core/Src/main.o
 .debug_aranges
                0x0000000000000060       0x20 ./Core/Src/stm32f4xx_hal_msp.o
 .debug_aranges
                0x0000000000000080       0x30 ./Core/Src/stm32f4xx_hal_timebase_tim.o
 .debug_aranges
                0x00000000000000b0       0x50 ./Core/Src/stm32f4xx_it.o
 .debug_aranges
                0x0000000000000100       0x28 ./Core/Src/system_stm32f4xx.o
 .debug_aranges
                0x0000000000000128       0x28 ./Core/Startup/startup_stm32f407vgtx.o
 .debug_aranges
                0x0000000000000150       0xf0 ./Drivers/STM32F4xx_HAL_Driver/Src/stm32f4xx_hal.o
 .debug_aranges
                0x0000000000000240      0x118 ./Drivers/STM32F4xx_HAL_Driver/Src/stm32f4xx_hal_cortex.o
 .debug_aranges
                0x0000000000000358       0x58 ./Drivers/STM32F4xx_HAL_Driver/Src/stm32f4xx_hal_gpio.o
 .debug_aranges
                0x00000000000003b0       0x88 ./Drivers/STM32F4xx_HAL_Driver/Src/stm32f4xx_hal_rcc.o
 .debug_aranges
                0x0000000000000438      0x3d0 ./Drivers/STM32F4xx_HAL_Driver/Src/stm32f4xx_hal_tim.o
 .debug_aranges
                0x0000000000000808      0x168 ./Drivers/STM32F4xx_HAL_Driver/Src/stm32f4xx_hal_tim_ex.o
 .debug_aranges
                0x0000000000000970       0x40 ./ThirdParty/list.o
 .debug_aranges
                0x00000000000009b0      0x228 ./ThirdParty/tasks.o
 .debug_aranges
                0x0000000000000bd8       0x80 ./ThirdParty/portable/GCC/ARM_CM4F/port.o
 .debug_aranges
                0x0000000000000c58       0x68 ./ThirdParty/portable/MemMang/heap_4.o

.debug_rnglists
                0x0000000000000000      0x9e1
 .debug_rnglists
                0x0000000000000000       0x46 ./Core/Src/main.o
 .debug_rnglists
                0x0000000000000046       0x13 ./Core/Src/stm32f4xx_hal_msp.o
 .debug_rnglists
                0x0000000000000059       0x20 ./Core/Src/stm32f4xx_hal_timebase_tim.o
 .debug_rnglists
                0x0000000000000079       0x37 ./Core/Src/stm32f4xx_it.o
 .debug_rnglists
                0x00000000000000b0       0x1a ./Core/Src/system_stm32f4xx.o
 .debug_rnglists
                0x00000000000000ca       0x19 ./Core/Startup/startup_stm32f407vgtx.o
 .debug_rnglists
                0x00000000000000e3       0xaf ./Drivers/STM32F4xx_HAL_Driver/Src/stm32f4xx_hal.o
 .debug_rnglists
                0x0000000000000192       0xce ./Drivers/STM32F4xx_HAL_Driver/Src/stm32f4xx_hal_cortex.o
 .debug_rnglists
                0x0000000000000260       0x3f ./Drivers/STM32F4xx_HAL_Driver/Src/stm32f4xx_hal_gpio.o
 .debug_rnglists
                0x000000000000029f       0x66 ./Drivers/STM32F4xx_HAL_Driver/Src/stm32f4xx_hal_rcc.o
 .debug_rnglists
                0x0000000000000305      0x31a ./Drivers/STM32F4xx_HAL_Driver/Src/stm32f4xx_hal_tim.o
 .debug_rnglists
                0x000000000000061f      0x125 ./Drivers/STM32F4xx_HAL_Driver/Src/stm32f4xx_hal_tim_ex.o
 .debug_rnglists
                0x0000000000000744       0x2b ./ThirdParty/list.o
 .debug_rnglists
                0x000000000000076f      0x1c7 ./ThirdParty/tasks.o
 .debug_rnglists
                0x0000000000000936       0x5d ./ThirdParty/portable/GCC/ARM_CM4F/port.o
 .debug_rnglists
                0x0000000000000993       0x4e ./ThirdParty/portable/MemMang/heap_4.o

.debug_macro    0x0000000000000000    0x21e3c
 .debug_macro   0x0000000000000000      0x250 ./Core/Src/main.o
 .debug_macro   0x0000000000000250      0xaa8 ./Core/Src/main.o
 .debug_macro   0x0000000000000cf8      0x295 ./Core/Src/main.o
 .debug_macro   0x0000000000000f8d       0x2e ./Core/Src/main.o
 .debug_macro   0x0000000000000fbb       0x2f ./Core/Src/main.o
 .debug_macro   0x0000000000000fea       0x22 ./Core/Src/main.o
 .debug_macro   0x000000000000100c       0x8e ./Core/Src/main.o
 .debug_macro   0x000000000000109a       0x51 ./Core/Src/main.o
 .debug_macro   0x00000000000010eb      0x103 ./Core/Src/main.o
 .debug_macro   0x00000000000011ee       0x6a ./Core/Src/main.o
 .debug_macro   0x0000000000001258      0x1df ./Core/Src/main.o
 .debug_macro   0x0000000000001437       0x1c ./Core/Src/main.o
 .debug_macro   0x0000000000001453       0x22 ./Core/Src/main.o
 .debug_macro   0x0000000000001475       0xd9 ./Core/Src/main.o
 .debug_macro   0x000000000000154e     0x102d ./Core/Src/main.o
 .debug_macro   0x000000000000257b      0x11f ./Core/Src/main.o
 .debug_macro   0x000000000000269a    0x15e82 ./Core/Src/main.o
 .debug_macro   0x000000000001851c       0x6d ./Core/Src/main.o
 .debug_macro   0x0000000000018589     0x367e ./Core/Src/main.o
 .debug_macro   0x000000000001bc07      0x174 ./Core/Src/main.o
 .debug_macro   0x000000000001bd7b       0x5c ./Core/Src/main.o
 .debug_macro   0x000000000001bdd7      0x96b ./Core/Src/main.o
 .debug_macro   0x000000000001c742      0x9fe ./Core/Src/main.o
 .debug_macro   0x000000000001d140      0x115 ./Core/Src/main.o
 .debug_macro   0x000000000001d255      0x13e ./Core/Src/main.o
 .debug_macro   0x000000000001d393       0xa5 ./Core/Src/main.o
 .debug_macro   0x000000000001d438      0x174 ./Core/Src/main.o
 .debug_macro   0x000000000001d5ac      0x287 ./Core/Src/main.o
 .debug_macro   0x000000000001d833       0x5f ./Core/Src/main.o
 .debug_macro   0x000000000001d892      0x236 ./Core/Src/main.o
 .debug_macro   0x000000000001dac8      0x12c ./Core/Src/main.o
 .debug_macro   0x000000000001dbf4      0x21e ./Core/Src/main.o
 .debug_macro   0x000000000001de12       0x2e ./Core/Src/main.o
 .debug_macro   0x000000000001de40      0x11a ./Core/Src/main.o
 .debug_macro   0x000000000001df5a       0x7e ./Core/Src/main.o
 .debug_macro   0x000000000001dfd8       0x89 ./Core/Src/main.o
 .debug_macro   0x000000000001e061      0x8e6 ./Core/Src/main.o
 .debug_macro   0x000000000001e947       0x47 ./Core/Src/main.o
 .debug_macro   0x000000000001e98e      0x12d ./Core/Src/main.o
 .debug_macro   0x000000000001eabb      0x1a9 ./Core/Src/main.o
 .debug_macro   0x000000000001ec64       0x16 ./Core/Src/main.o
 .debug_macro   0x000000000001ec7a      0x112 ./Core/Src/main.o
 .debug_macro   0x000000000001ed8c       0x1c ./Core/Src/main.o
 .debug_macro   0x000000000001eda8      0x182 ./Core/Src/main.o
 .debug_macro   0x000000000001ef2a       0xee ./Core/Src/main.o
 .debug_macro   0x000000000001f018       0x2e ./Core/Src/main.o
 .debug_macro   0x000000000001f046       0x1f ./Core/Src/main.o
 .debug_macro   0x000000000001f065       0x12 ./Core/Src/main.o
 .debug_macro   0x000000000001f077     0x10da ./Core/Src/main.o
 .debug_macro   0x0000000000020151       0xc3 ./Core/Src/main.o
 .debug_macro   0x0000000000020214      0x14f ./Core/Src/main.o
 .debug_macro   0x0000000000020363      0x1d3 ./Core/Src/stm32f4xx_hal_msp.o
 .debug_macro   0x0000000000020536      0x1c4 ./Core/Src/stm32f4xx_hal_timebase_tim.o
 .debug_macro   0x00000000000206fa      0x1dd ./Core/Src/stm32f4xx_it.o
 .debug_macro   0x00000000000208d7      0x1c4 ./Core/Src/system_stm32f4xx.o
 .debug_macro   0x0000000000020a9b      0x224 ./Drivers/STM32F4xx_HAL_Driver/Src/stm32f4xx_hal.o
 .debug_macro   0x0000000000020cbf      0x1c4 ./Drivers/STM32F4xx_HAL_Driver/Src/stm32f4xx_hal_cortex.o
 .debug_macro   0x0000000000020e83      0x1ca ./Drivers/STM32F4xx_HAL_Driver/Src/stm32f4xx_hal_gpio.o
 .debug_macro   0x000000000002104d      0x1e8 ./Drivers/STM32F4xx_HAL_Driver/Src/stm32f4xx_hal_rcc.o
 .debug_macro   0x0000000000021235      0x1c5 ./Drivers/STM32F4xx_HAL_Driver/Src/stm32f4xx_hal_tim.o
 .debug_macro   0x00000000000213fa      0x1c4 ./Drivers/STM32F4xx_HAL_Driver/Src/stm32f4xx_hal_tim_ex.o
 .debug_macro   0x00000000000215be      0x1a2 ./ThirdParty/list.o
 .debug_macro   0x0000000000021760      0x2bf ./ThirdParty/tasks.o
 .debug_macro   0x0000000000021a1f       0x17 ./ThirdParty/tasks.o
 .debug_macro   0x0000000000021a36      0x1cf ./ThirdParty/portable/GCC/ARM_CM4F/port.o
 .debug_macro   0x0000000000021c05      0x237 ./ThirdParty/portable/MemMang/heap_4.o

.debug_line     0x0000000000000000     0xe732
 .debug_line    0x0000000000000000      0xaaf ./Core/Src/main.o
 .debug_line    0x0000000000000aaf      0x72f ./Core/Src/stm32f4xx_hal_msp.o
 .debug_line    0x00000000000011de      0x7aa ./Core/Src/stm32f4xx_hal_timebase_tim.o
 .debug_line    0x0000000000001988      0x7d1 ./Core/Src/stm32f4xx_it.o
 .debug_line    0x0000000000002159      0x7b0 ./Core/Src/system_stm32f4xx.o
 .debug_line    0x0000000000002909       0x7a ./Core/Startup/startup_stm32f407vgtx.o
 .debug_line    0x0000000000002983      0xa16 ./Drivers/STM32F4xx_HAL_Driver/Src/stm32f4xx_hal.o
 .debug_line    0x0000000000003399      0xcc5 ./Drivers/STM32F4xx_HAL_Driver/Src/stm32f4xx_hal_cortex.o
 .debug_line    0x000000000000405e      0xb8a ./Drivers/STM32F4xx_HAL_Driver/Src/stm32f4xx_hal_gpio.o
 .debug_line    0x0000000000004be8      0xd8f ./Drivers/STM32F4xx_HAL_Driver/Src/stm32f4xx_hal_rcc.o
 .debug_line    0x0000000000005977     0x3702 ./Drivers/STM32F4xx_HAL_Driver/Src/stm32f4xx_hal_tim.o
 .debug_line    0x0000000000009079     0x1a13 ./Drivers/STM32F4xx_HAL_Driver/Src/stm32f4xx_hal_tim_ex.o
 .debug_line    0x000000000000aa8c      0x792 ./ThirdParty/list.o
 .debug_line    0x000000000000b21e     0x210e ./ThirdParty/tasks.o
 .debug_line    0x000000000000d32c      0x8c6 ./ThirdParty/portable/GCC/ARM_CM4F/port.o
 .debug_line    0x000000000000dbf2      0xb40 ./ThirdParty/portable/MemMang/heap_4.o

.debug_str      0x0000000000000000    0xd5f46
 .debug_str     0x0000000000000000    0xcd7eb ./Core/Src/main.o
                                      0xcdba2 (size before relaxing)
 .debug_str     0x00000000000cd7eb       0x2c ./Core/Src/stm32f4xx_hal_msp.o
                                      0xc215c (size before relaxing)
 .debug_str     0x00000000000cd817      0x107 ./Core/Src/stm32f4xx_hal_timebase_tim.o
                                      0xc2645 (size before relaxing)
 .debug_str     0x00000000000cd91e       0xd2 ./Core/Src/stm32f4xx_it.o
                                      0xc2653 (size before relaxing)
 .debug_str     0x00000000000cd9f0       0xdb ./Core/Src/system_stm32f4xx.o
                                      0xc1b4e (size before relaxing)
 .debug_str     0x00000000000cdacb       0x34 ./Core/Startup/startup_stm32f407vgtx.o
                                         0x64 (size before relaxing)
 .debug_str     0x00000000000cdaff      0x5d3 ./Drivers/STM32F4xx_HAL_Driver/Src/stm32f4xx_hal.o
                                      0xc26d2 (size before relaxing)
 .debug_str     0x00000000000ce0d2      0x33a ./Drivers/STM32F4xx_HAL_Driver/Src/stm32f4xx_hal_cortex.o
                                      0xc2405 (size before relaxing)
 .debug_str     0x00000000000ce40c      0x105 ./Drivers/STM32F4xx_HAL_Driver/Src/stm32f4xx_hal_gpio.o
                                      0xc1cc9 (size before relaxing)
 .debug_str     0x00000000000ce511      0x1f2 ./Drivers/STM32F4xx_HAL_Driver/Src/stm32f4xx_hal_rcc.o
                                      0xc1f82 (size before relaxing)
 .debug_str     0x00000000000ce703      0xe69 ./Drivers/STM32F4xx_HAL_Driver/Src/stm32f4xx_hal_tim.o
                                      0xc2ec8 (size before relaxing)
 .debug_str     0x00000000000cf56c      0x503 ./Drivers/STM32F4xx_HAL_Driver/Src/stm32f4xx_hal_tim_ex.o
                                      0xc26e4 (size before relaxing)
 .debug_str     0x00000000000cfa6f     0x3327 ./ThirdParty/list.o
                                      0x109dc (size before relaxing)
 .debug_str     0x00000000000d2d96     0x21e7 ./ThirdParty/tasks.o
                                      0x141fe (size before relaxing)
 .debug_str     0x00000000000d4f7d      0x8c6 ./ThirdParty/portable/GCC/ARM_CM4F/port.o
                                       0xf51d (size before relaxing)
 .debug_str     0x00000000000d5843      0x703 ./ThirdParty/portable/MemMang/heap_4.o
                                      0x12533 (size before relaxing)

.debug_frame    0x0000000000000000     0x3480
 .debug_frame   0x0000000000000000      0x144 ./Core/Src/main.o
 .debug_frame   0x0000000000000144       0x38 ./Core/Src/stm32f4xx_hal_msp.o
 .debug_frame   0x000000000000017c       0x74 ./Core/Src/stm32f4xx_hal_timebase_tim.o
 .debug_frame   0x00000000000001f0       0xc0 ./Core/Src/stm32f4xx_it.o
 .debug_frame   0x00000000000002b0       0x58 ./Core/Src/system_stm32f4xx.o
 .debug_frame   0x0000000000000308      0x374 ./Drivers/STM32F4xx_HAL_Driver/Src/stm32f4xx_hal.o
 .debug_frame   0x000000000000067c      0x498 ./Drivers/STM32F4xx_HAL_Driver/Src/stm32f4xx_hal_cortex.o
 .debug_frame   0x0000000000000b14      0x14c ./Drivers/STM32F4xx_HAL_Driver/Src/stm32f4xx_hal_gpio.o
 .debug_frame   0x0000000000000c60      0x1f4 ./Drivers/STM32F4xx_HAL_Driver/Src/stm32f4xx_hal_rcc.o
 .debug_frame   0x0000000000000e54     0x11c4 ./Drivers/STM32F4xx_HAL_Driver/Src/stm32f4xx_hal_tim.o
 .debug_frame   0x0000000000002018      0x638 ./Drivers/STM32F4xx_HAL_Driver/Src/stm32f4xx_hal_tim_ex.o
 .debug_frame   0x0000000000002650       0xd8 ./ThirdParty/list.o
 .debug_frame   0x0000000000002728      0x990 ./ThirdParty/tasks.o
 .debug_frame   0x00000000000030b8      0x1a8 ./ThirdParty/portable/GCC/ARM_CM4F/port.o
 .debug_frame   0x0000000000003260      0x174 ./ThirdParty/portable/MemMang/heap_4.o
 .debug_frame   0x00000000000033d4       0x20 C:/ST/STM32CubeIDE_1.13.1/STM32CubeIDE/plugins/com.st.stm32cube.ide.mcu.externaltools.gnu-tools-for-stm32.11.3.rel1.win32_1.1.0.202305231506/tools/bin/../lib/gcc/arm-none-eabi/11.3.1/../../../../arm-none-eabi/lib/thumb/v7e-m+fp/hard\libc_nano.a(libc_a-memset.o)
 .debug_frame   0x00000000000033f4       0x2c C:/ST/STM32CubeIDE_1.13.1/STM32CubeIDE/plugins/com.st.stm32cube.ide.mcu.externaltools.gnu-tools-for-stm32.11.3.rel1.win32_1.1.0.202305231506/tools/bin/../lib/gcc/arm-none-eabi/11.3.1/../../../../arm-none-eabi/lib/thumb/v7e-m+fp/hard\libc_nano.a(libc_a-init.o)
 .debug_frame   0x0000000000003420       0x2c C:/ST/STM32CubeIDE_1.13.1/STM32CubeIDE/plugins/com.st.stm32cube.ide.mcu.externaltools.gnu-tools-for-stm32.11.3.rel1.win32_1.1.0.202305231506/tools/bin/../lib/gcc/arm-none-eabi/11.3.1/thumb/v7e-m+fp/hard\libgcc.a(_aeabi_uldivmod.o)
 .debug_frame   0x000000000000344c       0x34 C:/ST/STM32CubeIDE_1.13.1/STM32CubeIDE/plugins/com.st.stm32cube.ide.mcu.externaltools.gnu-tools-for-stm32.11.3.rel1.win32_1.1.0.202305231506/tools/bin/../lib/gcc/arm-none-eabi/11.3.1/thumb/v7e-m+fp/hard\libgcc.a(_udivmoddi4.o)

.debug_line_str
                0x0000000000000000       0x58
 .debug_line_str
                0x0000000000000000       0x58 ./Core/Startup/startup_stm32f407vgtx.o
                                         0x70 (size before relaxing)
