Archive member included to satisfy reference by file (symbol)

C:/ST/STM32CubeIDE_1.13.1/STM32CubeIDE/plugins/com.st.stm32cube.ide.mcu.externaltools.gnu-tools-for-stm32.11.3.rel1.win32_1.1.0.202305231506/tools/bin/../lib/gcc/arm-none-eabi/11.3.1/../../../../arm-none-eabi/lib/thumb/v7e-m+fp/hard\libc_nano.a(libc_a-exit.o)
                              C:/ST/STM32CubeIDE_1.13.1/STM32CubeIDE/plugins/com.st.stm32cube.ide.mcu.externaltools.gnu-tools-for-stm32.11.3.rel1.win32_1.1.0.202305231506/tools/bin/../lib/gcc/arm-none-eabi/11.3.1/../../../../arm-none-eabi/lib/thumb/v7e-m+fp/hard/crt0.o (exit)
C:/ST/STM32CubeIDE_1.13.1/STM32CubeIDE/plugins/com.st.stm32cube.ide.mcu.externaltools.gnu-tools-for-stm32.11.3.rel1.win32_1.1.0.202305231506/tools/bin/../lib/gcc/arm-none-eabi/11.3.1/../../../../arm-none-eabi/lib/thumb/v7e-m+fp/hard\libc_nano.a(libc_a-findfp.o)
                              C:/ST/STM32CubeIDE_1.13.1/STM32CubeIDE/plugins/com.st.stm32cube.ide.mcu.externaltools.gnu-tools-for-stm32.11.3.rel1.win32_1.1.0.202305231506/tools/bin/../lib/gcc/arm-none-eabi/11.3.1/../../../../arm-none-eabi/lib/thumb/v7e-m+fp/hard\libc_nano.a(libc_a-exit.o) (__stdio_exit_handler)
C:/ST/STM32CubeIDE_1.13.1/STM32CubeIDE/plugins/com.st.stm32cube.ide.mcu.externaltools.gnu-tools-for-stm32.11.3.rel1.win32_1.1.0.202305231506/tools/bin/../lib/gcc/arm-none-eabi/11.3.1/../../../../arm-none-eabi/lib/thumb/v7e-m+fp/hard\libc_nano.a(libc_a-fwalk.o)
                              C:/ST/STM32CubeIDE_1.13.1/STM32CubeIDE/plugins/com.st.stm32cube.ide.mcu.externaltools.gnu-tools-for-stm32.11.3.rel1.win32_1.1.0.202305231506/tools/bin/../lib/gcc/arm-none-eabi/11.3.1/../../../../arm-none-eabi/lib/thumb/v7e-m+fp/hard\libc_nano.a(libc_a-findfp.o) (_fwalk_sglue)
C:/ST/STM32CubeIDE_1.13.1/STM32CubeIDE/plugins/com.st.stm32cube.ide.mcu.externaltools.gnu-tools-for-stm32.11.3.rel1.win32_1.1.0.202305231506/tools/bin/../lib/gcc/arm-none-eabi/11.3.1/../../../../arm-none-eabi/lib/thumb/v7e-m+fp/hard\libc_nano.a(libc_a-printf.o)
                              ./Core/Src/main.o (printf)
C:/ST/STM32CubeIDE_1.13.1/STM32CubeIDE/plugins/com.st.stm32cube.ide.mcu.externaltools.gnu-tools-for-stm32.11.3.rel1.win32_1.1.0.202305231506/tools/bin/../lib/gcc/arm-none-eabi/11.3.1/../../../../arm-none-eabi/lib/thumb/v7e-m+fp/hard\libc_nano.a(libc_a-stdio.o)
                              C:/ST/STM32CubeIDE_1.13.1/STM32CubeIDE/plugins/com.st.stm32cube.ide.mcu.externaltools.gnu-tools-for-stm32.11.3.rel1.win32_1.1.0.202305231506/tools/bin/../lib/gcc/arm-none-eabi/11.3.1/../../../../arm-none-eabi/lib/thumb/v7e-m+fp/hard\libc_nano.a(libc_a-findfp.o) (__sread)
C:/ST/STM32CubeIDE_1.13.1/STM32CubeIDE/plugins/com.st.stm32cube.ide.mcu.externaltools.gnu-tools-for-stm32.11.3.rel1.win32_1.1.0.202305231506/tools/bin/../lib/gcc/arm-none-eabi/11.3.1/../../../../arm-none-eabi/lib/thumb/v7e-m+fp/hard\libc_nano.a(libc_a-memset.o)
                              C:/ST/STM32CubeIDE_1.13.1/STM32CubeIDE/plugins/com.st.stm32cube.ide.mcu.externaltools.gnu-tools-for-stm32.11.3.rel1.win32_1.1.0.202305231506/tools/bin/../lib/gcc/arm-none-eabi/11.3.1/../../../../arm-none-eabi/lib/thumb/v7e-m+fp/hard/crt0.o (memset)
C:/ST/STM32CubeIDE_1.13.1/STM32CubeIDE/plugins/com.st.stm32cube.ide.mcu.externaltools.gnu-tools-for-stm32.11.3.rel1.win32_1.1.0.202305231506/tools/bin/../lib/gcc/arm-none-eabi/11.3.1/../../../../arm-none-eabi/lib/thumb/v7e-m+fp/hard\libc_nano.a(libc_a-closer.o)
                              C:/ST/STM32CubeIDE_1.13.1/STM32CubeIDE/plugins/com.st.stm32cube.ide.mcu.externaltools.gnu-tools-for-stm32.11.3.rel1.win32_1.1.0.202305231506/tools/bin/../lib/gcc/arm-none-eabi/11.3.1/../../../../arm-none-eabi/lib/thumb/v7e-m+fp/hard\libc_nano.a(libc_a-stdio.o) (_close_r)
C:/ST/STM32CubeIDE_1.13.1/STM32CubeIDE/plugins/com.st.stm32cube.ide.mcu.externaltools.gnu-tools-for-stm32.11.3.rel1.win32_1.1.0.202305231506/tools/bin/../lib/gcc/arm-none-eabi/11.3.1/../../../../arm-none-eabi/lib/thumb/v7e-m+fp/hard\libc_nano.a(libc_a-reent.o)
                              C:/ST/STM32CubeIDE_1.13.1/STM32CubeIDE/plugins/com.st.stm32cube.ide.mcu.externaltools.gnu-tools-for-stm32.11.3.rel1.win32_1.1.0.202305231506/tools/bin/../lib/gcc/arm-none-eabi/11.3.1/../../../../arm-none-eabi/lib/thumb/v7e-m+fp/hard\libc_nano.a(libc_a-closer.o) (errno)
C:/ST/STM32CubeIDE_1.13.1/STM32CubeIDE/plugins/com.st.stm32cube.ide.mcu.externaltools.gnu-tools-for-stm32.11.3.rel1.win32_1.1.0.202305231506/tools/bin/../lib/gcc/arm-none-eabi/11.3.1/../../../../arm-none-eabi/lib/thumb/v7e-m+fp/hard\libc_nano.a(libc_a-impure.o)
                              C:/ST/STM32CubeIDE_1.13.1/STM32CubeIDE/plugins/com.st.stm32cube.ide.mcu.externaltools.gnu-tools-for-stm32.11.3.rel1.win32_1.1.0.202305231506/tools/bin/../lib/gcc/arm-none-eabi/11.3.1/../../../../arm-none-eabi/lib/thumb/v7e-m+fp/hard\libc_nano.a(libc_a-printf.o) (_impure_ptr)
[...]
Memory Configuration

Name             Origin             Length             Attributes
CCMRAM           0x0000000010000000 0x0000000000010000 xrw
RAM              0x0000000020000000 0x0000000000020000 xrw
FLASH            0x0000000008000000 0x0000000000100000 xr
*default*        0x0000000000000000 0xffffffffffffffff

Linker script and memory map

LOAD C:/ST/STM32CubeIDE_1.13.1/STM32CubeIDE/plugins/com.st.stm32cube.ide.mcu.externaltools.gnu-tools-for-stm32.11.3.rel1.win32_1.1.0.202305231506/tools/bin/../lib/gcc/arm-none-eabi/11.3.1/thumb/v7e-m+fp/hard/crti.o
LOAD C:/ST/STM32CubeIDE_1.13.1/STM32CubeIDE/plugins/com.st.stm32cube.ide.mcu.externaltools.gnu-tools-for-stm32.11.3.rel1.win32_1.1.0.202305231506/tools/bin/../lib/gcc/arm-none-eabi/11.3.1/thumb/v7e-m+fp/hard/crtbegin.o
LOAD C:/ST/STM32CubeIDE_1.13.1/STM32CubeIDE/plugins/com.st.stm32cube.ide.mcu.externaltools.gnu-tools-for-stm32.11.3.rel1.win32_1.1.0.202305231506/tools/bin/../lib/gcc/arm-none-eabi/11.3.1/../../../../arm-none-eabi/lib/thumb/v7e-m+fp/hard/crt0.o
LOAD ./Core/Src/main.o
LOAD ./Core/Src/stm32f4xx_hal_msp.o
LOAD ./Core/Src/stm32f4xx_hal_timebase_tim.o
LOAD ./Core/Src/stm32f4xx_it.o
LOAD ./Core/Src/syscalls.o
LOAD ./Core/Src/system_stm32f4xx.o
LOAD ./Core/Startup/startup_stm32f407vgtx.o
LOAD ./Drivers/STM32F4xx_HAL_Driver/Src/stm32f4xx_hal.o
LOAD ./Drivers/STM32F4xx_HAL_Driver/Src/stm32f4xx_hal_cortex.o
LOAD ./Drivers/STM32F4xx_HAL_Driver/Src/stm32f4xx_hal_dma.o
LOAD ./Drivers/STM32F4xx_HAL_Driver/Src/stm32f4xx_hal_dma_ex.o
LOAD ./Drivers/STM32F4xx_HAL_Driver/Src/stm32f4xx_hal_exti.o
LOAD ./Drivers/STM32F4xx_HAL_Driver/Src/stm32f4xx_hal_flash.o
LOAD ./Drivers/STM32F4xx_HAL_Driver/Src/stm32f4xx_hal_flash_ex.o
LOAD ./Drivers/STM32F4xx_HAL_Driver/Src/stm32f4xx_hal_flash_ramfunc.o
LOAD ./Drivers/STM32F4xx_HAL_Driver/Src/stm32f4xx_hal_gpio.o
LOAD ./Drivers/STM32F4xx_HAL_Driver/Src/stm32f4xx_hal_pwr.o
LOAD ./Drivers/STM32F4xx_HAL_Driver/Src/stm32f4xx_hal_pwr_ex.o
LOAD ./Drivers/STM32F4xx_HAL_Driver/Src/stm32f4xx_hal_rcc.o
LOAD ./Drivers/STM32F4xx_HAL_Driver/Src/stm32f4xx_hal_rcc_ex.o
LOAD ./Drivers/STM32F4xx_HAL_Driver/Src/stm32f4xx_hal_tim.o
LOAD ./Drivers/STM32F4xx_HAL_Driver/Src/stm32f4xx_hal_tim_ex.o
LOAD ./ThirdParty/croutine.o
LOAD ./ThirdParty/event_groups.o
LOAD ./ThirdParty/list.o
LOAD ./ThirdParty/queue.o
LOAD ./ThirdParty/stream_buffer.o
LOAD ./ThirdParty/tasks.o
LOAD ./ThirdParty/timers.o
LOAD ./ThirdParty/portable/GCC/ARM_CM4F/port.o
LOAD ./ThirdParty/portable/MemMang/heap_4.o
START GROUP
LOAD C:/ST/STM32CubeIDE_1.13.1/STM32CubeIDE/plugins/com.st.stm32cube.ide.mcu.externaltools.gnu-tools-for-stm32.11.3.rel1.win32_1.1.0.202305231506/tools/bin/../lib/gcc/arm-none-eabi/11.3.1/../../../../arm-none-eabi/lib/thumb/v7e-m+fp/hard\libc_nano.a
LOAD C:/ST/STM32CubeIDE_1.13.1/STM32CubeIDE/plugins/com.st.stm32cube.ide.mcu.externaltools.gnu-tools-for-stm32.11.3.rel1.win32_1.1.0.202305231506/tools/bin/../lib/gcc/arm-none-eabi/11.3.1/../../../../arm-none-eabi/lib/thumb/v7e-m+fp/hard\libm.a
END GROUP
START GROUP
LOAD C:/ST/STM32CubeIDE_1.13.1/STM32CubeIDE/plugins/com.st.stm32cube.ide.mcu.externaltools.gnu-tools-for-stm32.11.3.rel1.win32_1.1.0.202305231506/tools/bin/../lib/gcc/arm-none-eabi/11.3.1/thumb/v7e-m+fp/hard\libgcc.a
LOAD C:/ST/STM32CubeIDE_1.13.1/STM32CubeIDE/plugins/com.st.stm32cube.ide.mcu.externaltools.gnu-tools-for-stm32.11.3.rel1.win32_1.1.0.202305231506/tools/bin/../lib/gcc/arm-none-eabi/11.3.1/../../../../arm-none-eabi/lib/thumb/v7e-m+fp/hard\libc_nano.a
END GROUP
START GROUP
LOAD C:/ST/STM32CubeIDE_1.13.1/STM32CubeIDE/plugins/com.st.stm32cube.ide.mcu.externaltools.gnu-tools-for-stm32.11.3.rel1.win32_1.1.0.202305231506/tools/bin/../lib/gcc/arm-none-eabi/11.3.1/thumb/v7e-m+fp/hard\libgcc.a
LOAD C:/ST/STM32CubeIDE_1.13.1/STM32CubeIDE/plugins/com.st.stm32cube.ide.mcu.externaltools.gnu-tools-for-stm32.11.3.rel1.win32_1.1.0.202305231506/tools/bin/../lib/gcc/arm-none-eabi/11.3.1/../../../../arm-none-eabi/lib/thumb/v7e-m+fp/hard\libc_nano.a
LOAD C:/ST/STM32CubeIDE_1.13.1/STM32CubeIDE/plugins/com.st.stm32cube.ide.mcu.externaltools.gnu-tools-for-stm32.11.3.rel1.win32_1.1.0.202305231506/tools/bin/../lib/gcc/arm-none-eabi/11.3.1/../../../../arm-none-eabi/lib/thumb/v7e-m+fp/hard\libnosys.a
END GROUP
START GROUP
LOAD C:/ST/STM32CubeIDE_1.13.1/STM32CubeIDE/plugins/com.st.stm32cube.ide.mcu.externaltools.gnu-tools-for-stm32.11.3.rel1.win32_1.1.0.202305231506/tools/bin/../lib/gcc/arm-none-eabi/11.3.1/thumb/v7e-m+fp/hard\libgcc.a
LOAD C:/ST/STM32CubeIDE_1.13.1/STM32CubeIDE/plugins/com.st.stm32cube.ide.mcu.externaltools.gnu-tools-for-stm32.11.3.rel1.win32_1.1.0.202305231506/tools/bin/../lib/gcc/arm-none-eabi/11.3.1/../../../../arm-none-eabi/lib/thumb/v7e-m+fp/hard\libc_nano.a
LOAD C:/ST/STM32CubeIDE_1.13.1/STM32CubeIDE/plugins/com.st.stm32cube.ide.mcu.externaltools.gnu-tools-for-stm32.11.3.rel1.win32_1.1.0.202305231506/tools/bin/../lib/gcc/arm-none-eabi/11.3.1/../../../../arm-none-eabi/lib/thumb/v7e-m+fp/hard\libnosys.a
END GROUP
LOAD C:/ST/STM32CubeIDE_1.13.1/STM32CubeIDE/plugins/com.st.stm32cube.ide.mcu.externaltools.gnu-tools-for-stm32.11.3.rel1.win32_1.1.0.202305231506/tools/bin/../lib/gcc/arm-none-eabi/11.3.1/thumb/v7e-m+fp/hard/crtend.o
LOAD C:/ST/STM32CubeIDE_1.13.1/STM32CubeIDE/plugins/com.st.stm32cube.ide.mcu.externaltools.gnu-tools-for-stm32.11.3.rel1.win32_1.1.0.202305231506/tools/bin/../lib/gcc/arm-none-eabi/11.3.1/thumb/v7e-m+fp/hard/crtn.o
                0x0000000020020000                _estack = (ORIGIN (RAM) + LENGTH (RAM))
                0x0000000000000200                _Min_Heap_Size = 0x200
                0x0000000000000400                _Min_Stack_Size = 0x400

.isr_vector     0x0000000008000000      0x188
                0x0000000008000000                . = ALIGN (0x4)
 *(.isr_vector)
 .isr_vector    0x0000000008000000      0x188 ./Core/Startup/startup_stm32f407vgtx.o
                0x0000000008000000                g_pfnVectors
                0x0000000008000188                . = ALIGN (0x4)

.text           0x0000000008000190     0x45ec
                0x0000000008000190                . = ALIGN (0x4)
 *(.text)
 .text          0x0000000008000190       0x40 C:/ST/STM32CubeIDE_1.13.1/STM32CubeIDE/plugins/com.st.stm32cube.ide.mcu.externaltools.gnu-tools-for-stm32.11.3.rel1.win32_1.1.0.202305231506/tools/bin/../lib/gcc/arm-none-eabi/11.3.1/thumb/v7e-m+fp/hard/crtbegin.o
 .text          0x00000000080001d0       0xa0 C:/ST/STM32CubeIDE_1.13.1/STM32CubeIDE/plugins/com.st.stm32cube.ide.mcu.externaltools.gnu-tools-for-stm32.11.3.rel1.win32_1.1.0.202305231506/tools/bin/../lib/gcc/arm-none-eabi/11.3.1/../../../../arm-none-eabi/lib/thumb/v7e-m+fp/hard\libc_nano.a(libc_a-memchr.o)
                0x00000000080001d0                memchr
 .text          0x0000000008000270       0x30 C:/ST/STM32CubeIDE_1.13.1/STM32CubeIDE/plugins/com.st.stm32cube.ide.mcu.externaltools.gnu-tools-for-stm32.11.3.rel1.win32_1.1.0.202305231506/tools/bin/../lib/gcc/arm-none-eabi/11.3.1/thumb/v7e-m+fp/hard\libgcc.a(_aeabi_uldivmod.o)
                0x0000000008000270                __aeabi_uldivmod
 .text          0x00000000080002a0      0x2c8 C:/ST/STM32CubeIDE_1.13.1/STM32CubeIDE/plugins/com.st.stm32cube.ide.mcu.externaltools.gnu-tools-for-stm32.11.3.rel1.win32_1.1.0.202305231506/tools/bin/../lib/gcc/arm-none-eabi/11.3.1/thumb/v7e-m+fp/hard\libgcc.a(_udivmoddi4.o)
                0x00000000080002a0                __udivmoddi4
 .text          0x0000000008000568        0x4 C:/ST/STM32CubeIDE_1.13.1/STM32CubeIDE/plugins/com.st.stm32cube.ide.mcu.externaltools.gnu-tools-for-stm32.11.3.rel1.win32_1.1.0.202305231506/tools/bin/../lib/gcc/arm-none-eabi/11.3.1/thumb/v7e-m+fp/hard\libgcc.a(_dvmd_tls.o)
                0x0000000008000568                __aeabi_idiv0
                0x0000000008000568                __aeabi_ldiv0
 *(.text*)
 .text.main     0x000000000800056c       0xe4 ./Core/Src/main.o
                0x000000000800056c                main
 .text.SystemClock_Config
                0x0000000008000650       0xd4 ./Core/Src/main.o
                0x0000000008000650                SystemClock_Config
 .text.MX_GPIO_Init
                0x0000000008000724      0x2bc ./Core/Src/main.o
 .text.task1_handler
                0x00000000080009e0       0x20 ./Core/Src/main.o
 .text.task2_handler
                0x0000000008000a00       0x20 ./Core/Src/main.o
 .text.task3_handler
                0x0000000008000a20       0x20 ./Core/Src/main.o
 .text.HAL_TIM_PeriodElapsedCallback
                0x0000000008000a40       0x24 ./Core/Src/main.o
                0x0000000008000a40                HAL_TIM_PeriodElapsedCallback
 .text.Error_Handler
                0x0000000008000a64        0xa ./Core/Src/main.o
                0x0000000008000a64                Error_Handler
 *fill*         0x0000000008000a6e        0x2 
 .text.HAL_MspInit
                0x0000000008000a70       0x50 ./Core/Src/stm32f4xx_hal_msp.o
                0x0000000008000a70                HAL_MspInit
 .text.HAL_InitTick
                0x0000000008000ac0       0xf8 ./Core/Src/stm32f4xx_hal_timebase_tim.o
                0x0000000008000ac0                HAL_InitTick
 .text.NMI_Handler
                0x0000000008000bb8        0x6 ./Core/Src/stm32f4xx_it.o
                0x0000000008000bb8                NMI_Handler
 .text.HardFault_Handler
                0x0000000008000bbe        0x6 ./Core/Src/stm32f4xx_it.o
                0x0000000008000bbe                HardFault_Handler
 .text.MemManage_Handler
                0x0000000008000bc4        0x6 ./Core/Src/stm32f4xx_it.o
                0x0000000008000bc4                MemManage_Handler
 .text.BusFault_Handler
                0x0000000008000bca        0x6 ./Core/Src/stm32f4xx_it.o
                0x0000000008000bca                BusFault_Handler
 .text.UsageFault_Handler
                0x0000000008000bd0        0x6 ./Core/Src/stm32f4xx_it.o
                0x0000000008000bd0                UsageFault_Handler
 .text.DebugMon_Handler
                0x0000000008000bd6        0xe ./Core/Src/stm32f4xx_it.o
                0x0000000008000bd6                DebugMon_Handler
 .text.TIM6_DAC_IRQHandler
                0x0000000008000be4       0x14 ./Core/Src/stm32f4xx_it.o
                0x0000000008000be4                TIM6_DAC_IRQHandler
 .text.ITM_SendChar
                0x0000000008000bf8       0x50 ./Core/Src/syscalls.o
                0x0000000008000bf8                ITM_SendChar
 .text._read    0x0000000008000c48       0x3a ./Core/Src/syscalls.o
                0x0000000008000c48                _read
 .text._write   0x0000000008000c82       0x38 ./Core/Src/syscalls.o
                0x0000000008000c82                _write
 .text._close   0x0000000008000cba       0x18 ./Core/Src/syscalls.o
                0x0000000008000cba                _close
 .text._fstat   0x0000000008000cd2       0x20 ./Core/Src/syscalls.o
                0x0000000008000cd2                _fstat
 .text._isatty  0x0000000008000cf2       0x16 ./Core/Src/syscalls.o
                0x0000000008000cf2                _isatty
 .text._lseek   0x0000000008000d08       0x1a ./Core/Src/syscalls.o
                0x0000000008000d08                _lseek
 *fill*         0x0000000008000d22        0x2 
 .text.SystemInit
                0x0000000008000d24       0x24 ./Core/Src/system_stm32f4xx.o
                0x0000000008000d24                SystemInit
 .text.Reset_Handler
                0x0000000008000d48       0x50 ./Core/Startup/startup_stm32f407vgtx.o
                0x0000000008000d48                Reset_Handler
 .text.Default_Handler
                0x0000000008000d98        0x2 ./Core/Startup/startup_stm32f407vgtx.o
                0x0000000008000d98                RTC_Alarm_IRQHandler
                0x0000000008000d98                HASH_RNG_IRQHandler
                0x0000000008000d98                EXTI2_IRQHandler
                0x0000000008000d98                TIM8_CC_IRQHandler
                0x0000000008000d98                TIM1_CC_IRQHandler
                0x0000000008000d98                DMA2_Stream5_IRQHandler
                0x0000000008000d98                DMA1_Stream5_IRQHandler
                0x0000000008000d98                PVD_IRQHandler
                0x0000000008000d98                SDIO_IRQHandler
                0x0000000008000d98                TAMP_STAMP_IRQHandler
                0x0000000008000d98                CAN2_RX1_IRQHandler
                0x0000000008000d98                EXTI3_IRQHandler
                0x0000000008000d98                TIM8_TRG_COM_TIM14_IRQHandler
                0x0000000008000d98                TIM1_UP_TIM10_IRQHandler
                0x0000000008000d98                TIM8_UP_TIM13_IRQHandler
                0x0000000008000d98                I2C3_ER_IRQHandler
                0x0000000008000d98                EXTI0_IRQHandler
                0x0000000008000d98                I2C2_EV_IRQHandler
                0x0000000008000d98                DMA1_Stream2_IRQHandler
                0x0000000008000d98                CAN1_RX0_IRQHandler
                0x0000000008000d98                FPU_IRQHandler
                0x0000000008000d98                OTG_HS_WKUP_IRQHandler
                0x0000000008000d98                CAN2_SCE_IRQHandler
                0x0000000008000d98                DMA2_Stream2_IRQHandler
                0x0000000008000d98                SPI1_IRQHandler
                0x0000000008000d98                TIM1_BRK_TIM9_IRQHandler
                0x0000000008000d98                DCMI_IRQHandler
                0x0000000008000d98                CAN2_RX0_IRQHandler
                0x0000000008000d98                DMA2_Stream3_IRQHandler
                0x0000000008000d98                USART6_IRQHandler
                0x0000000008000d98                USART3_IRQHandler
                0x0000000008000d98                CAN1_RX1_IRQHandler
                0x0000000008000d98                UART5_IRQHandler
                0x0000000008000d98                DMA2_Stream0_IRQHandler
                0x0000000008000d98                TIM4_IRQHandler
                0x0000000008000d98                I2C1_EV_IRQHandler
                0x0000000008000d98                DMA1_Stream6_IRQHandler
                0x0000000008000d98                DMA1_Stream1_IRQHandler
                0x0000000008000d98                UART4_IRQHandler
                0x0000000008000d98                TIM3_IRQHandler
                0x0000000008000d98                RCC_IRQHandler
                0x0000000008000d98                TIM8_BRK_TIM12_IRQHandler
                0x0000000008000d98                Default_Handler
                0x0000000008000d98                EXTI15_10_IRQHandler
                0x0000000008000d98                ADC_IRQHandler
                0x0000000008000d98                DMA1_Stream7_IRQHandler
                0x0000000008000d98                TIM7_IRQHandler
                0x0000000008000d98                CAN2_TX_IRQHandler
                0x0000000008000d98                TIM5_IRQHandler
                0x0000000008000d98                DMA2_Stream7_IRQHandler
                0x0000000008000d98                I2C3_EV_IRQHandler
                0x0000000008000d98                EXTI9_5_IRQHandler
                0x0000000008000d98                RTC_WKUP_IRQHandler
                0x0000000008000d98                ETH_WKUP_IRQHandler
                0x0000000008000d98                SPI2_IRQHandler
                0x0000000008000d98                OTG_HS_EP1_IN_IRQHandler
                0x0000000008000d98                DMA1_Stream0_IRQHandler
                0x0000000008000d98                CAN1_TX_IRQHandler
                0x0000000008000d98                EXTI4_IRQHandler
                0x0000000008000d98                FSMC_IRQHandler
                0x0000000008000d98                ETH_IRQHandler
                0x0000000008000d98                OTG_HS_EP1_OUT_IRQHandler
                0x0000000008000d98                WWDG_IRQHandler
                0x0000000008000d98                TIM2_IRQHandler
                0x0000000008000d98                OTG_FS_WKUP_IRQHandler
                0x0000000008000d98                TIM1_TRG_COM_TIM11_IRQHandler
                0x0000000008000d98                OTG_HS_IRQHandler
                0x0000000008000d98                EXTI1_IRQHandler
                0x0000000008000d98                USART2_IRQHandler
                0x0000000008000d98                I2C2_ER_IRQHandler
                0x0000000008000d98                DMA2_Stream1_IRQHandler
                0x0000000008000d98                CAN1_SCE_IRQHandler
                0x0000000008000d98                FLASH_IRQHandler
                0x0000000008000d98                DMA2_Stream4_IRQHandler
                0x0000000008000d98                USART1_IRQHandler
                0x0000000008000d98                OTG_FS_IRQHandler
                0x0000000008000d98                SPI3_IRQHandler
                0x0000000008000d98                DMA1_Stream4_IRQHandler
                0x0000000008000d98                I2C1_ER_IRQHandler
                0x0000000008000d98                DMA2_Stream6_IRQHandler
                0x0000000008000d98                DMA1_Stream3_IRQHandler
 *fill*         0x0000000008000d9a        0x2 
 .text.HAL_Init
                0x0000000008000d9c       0x44 ./Drivers/STM32F4xx_HAL_Driver/Src/stm32f4xx_hal.o
                0x0000000008000d9c                HAL_Init
 .text.HAL_IncTick
                0x0000000008000de0       0x28 ./Drivers/STM32F4xx_HAL_Driver/Src/stm32f4xx_hal.o
                0x0000000008000de0                HAL_IncTick
 .text.HAL_GetTick
                0x0000000008000e08       0x18 ./Drivers/STM32F4xx_HAL_Driver/Src/stm32f4xx_hal.o
                0x0000000008000e08                HAL_GetTick
 .text.__NVIC_SetPriorityGrouping
                0x0000000008000e20       0x48 ./Drivers/STM32F4xx_HAL_Driver/Src/stm32f4xx_hal_cortex.o
 .text.__NVIC_GetPriorityGrouping
                0x0000000008000e68       0x1c ./Drivers/STM32F4xx_HAL_Driver/Src/stm32f4xx_hal_cortex.o
 .text.__NVIC_EnableIRQ
                0x0000000008000e84       0x3c ./Drivers/STM32F4xx_HAL_Driver/Src/stm32f4xx_hal_cortex.o
 .text.__NVIC_SetPriority
                0x0000000008000ec0       0x54 ./Drivers/STM32F4xx_HAL_Driver/Src/stm32f4xx_hal_cortex.o
 .text.NVIC_EncodePriority
                0x0000000008000f14       0x66 ./Drivers/STM32F4xx_HAL_Driver/Src/stm32f4xx_hal_cortex.o
 .text.HAL_NVIC_SetPriorityGrouping
                0x0000000008000f7a       0x16 ./Drivers/STM32F4xx_HAL_Driver/Src/stm32f4xx_hal_cortex.o
                0x0000000008000f7a                HAL_NVIC_SetPriorityGrouping
 .text.HAL_NVIC_SetPriority
                0x0000000008000f90       0x38 ./Drivers/STM32F4xx_HAL_Driver/Src/stm32f4xx_hal_cortex.o
                0x0000000008000f90                HAL_NVIC_SetPriority
 .text.HAL_NVIC_EnableIRQ
                0x0000000008000fc8       0x1c ./Drivers/STM32F4xx_HAL_Driver/Src/stm32f4xx_hal_cortex.o
                0x0000000008000fc8                HAL_NVIC_EnableIRQ
 .text.HAL_GPIO_Init
                0x0000000008000fe4      0x338 ./Drivers/STM32F4xx_HAL_Driver/Src/stm32f4xx_hal_gpio.o
                0x0000000008000fe4                HAL_GPIO_Init
 .text.HAL_GPIO_WritePin
                0x000000000800131c       0x32 ./Drivers/STM32F4xx_HAL_Driver/Src/stm32f4xx_hal_gpio.o
                0x000000000800131c                HAL_GPIO_WritePin
 .text.HAL_GPIO_TogglePin
                0x000000000800134e       0x34 ./Drivers/STM32F4xx_HAL_Driver/Src/stm32f4xx_hal_gpio.o
                0x000000000800134e                HAL_GPIO_TogglePin
 *fill*         0x0000000008001382        0x2 
 .text.HAL_RCC_OscConfig
                0x0000000008001384      0x4f0 ./Drivers/STM32F4xx_HAL_Driver/Src/stm32f4xx_hal_rcc.o
                0x0000000008001384                HAL_RCC_OscConfig
 .text.HAL_RCC_ClockConfig
                0x0000000008001874      0x1cc ./Drivers/STM32F4xx_HAL_Driver/Src/stm32f4xx_hal_rcc.o
                0x0000000008001874                HAL_RCC_ClockConfig
 .text.HAL_RCC_GetSysClockFreq
                0x0000000008001a40      0x20c ./Drivers/STM32F4xx_HAL_Driver/Src/stm32f4xx_hal_rcc.o
                0x0000000008001a40                HAL_RCC_GetSysClockFreq
 .text.HAL_RCC_GetHCLKFreq
                0x0000000008001c4c       0x18 ./Drivers/STM32F4xx_HAL_Driver/Src/stm32f4xx_hal_rcc.o
                0x0000000008001c4c                HAL_RCC_GetHCLKFreq
 .text.HAL_RCC_GetPCLK1Freq
                0x0000000008001c64       0x28 ./Drivers/STM32F4xx_HAL_Driver/Src/stm32f4xx_hal_rcc.o
                0x0000000008001c64                HAL_RCC_GetPCLK1Freq
 .text.HAL_RCC_GetClockConfig
                0x0000000008001c8c       0x64 ./Drivers/STM32F4xx_HAL_Driver/Src/stm32f4xx_hal_rcc.o
                0x0000000008001c8c                HAL_RCC_GetClockConfig
 .text.HAL_TIM_Base_Init
                0x0000000008001cf0       0x9e ./Drivers/STM32F4xx_HAL_Driver/Src/stm32f4xx_hal_tim.o
                0x0000000008001cf0                HAL_TIM_Base_Init
 .text.HAL_TIM_Base_MspInit
                0x0000000008001d8e       0x14 ./Drivers/STM32F4xx_HAL_Driver/Src/stm32f4xx_hal_tim.o
                0x0000000008001d8e                HAL_TIM_Base_MspInit
 *fill*         0x0000000008001da2        0x2 
 .text.HAL_TIM_Base_Start_IT
                0x0000000008001da4       0xe0 ./Drivers/STM32F4xx_HAL_Driver/Src/stm32f4xx_hal_tim.o
                0x0000000008001da4                HAL_TIM_Base_Start_IT
 .text.HAL_TIM_IRQHandler
                0x0000000008001e84      0x210 ./Drivers/STM32F4xx_HAL_Driver/Src/stm32f4xx_hal_tim.o
                0x0000000008001e84                HAL_TIM_IRQHandler
 .text.HAL_TIM_OC_DelayElapsedCallback
                0x0000000008002094       0x14 ./Drivers/STM32F4xx_HAL_Driver/Src/stm32f4xx_hal_tim.o
                0x0000000008002094                HAL_TIM_OC_DelayElapsedCallback
 .text.HAL_TIM_IC_CaptureCallback
                0x00000000080020a8       0x14 ./Drivers/STM32F4xx_HAL_Driver/Src/stm32f4xx_hal_tim.o
                0x00000000080020a8                HAL_TIM_IC_CaptureCallback
 .text.HAL_TIM_PWM_PulseFinishedCallback
                0x00000000080020bc       0x14 ./Drivers/STM32F4xx_HAL_Driver/Src/stm32f4xx_hal_tim.o
                0x00000000080020bc                HAL_TIM_PWM_PulseFinishedCallback
 .text.HAL_TIM_TriggerCallback
                0x00000000080020d0       0x14 ./Drivers/STM32F4xx_HAL_Driver/Src/stm32f4xx_hal_tim.o
                0x00000000080020d0                HAL_TIM_TriggerCallback
 .text.TIM_Base_SetConfig
                0x00000000080020e4      0x140 ./Drivers/STM32F4xx_HAL_Driver/Src/stm32f4xx_hal_tim.o
                0x00000000080020e4                TIM_Base_SetConfig
 .text.HAL_TIMEx_CommutCallback
                0x0000000008002224       0x14 ./Drivers/STM32F4xx_HAL_Driver/Src/stm32f4xx_hal_tim_ex.o
                0x0000000008002224                HAL_TIMEx_CommutCallback
 .text.HAL_TIMEx_BreakCallback
                0x0000000008002238       0x14 ./Drivers/STM32F4xx_HAL_Driver/Src/stm32f4xx_hal_tim_ex.o
                0x0000000008002238                HAL_TIMEx_BreakCallback
 .text.vListInitialise
                0x000000000800224c       0x40 ./ThirdParty/list.o
                0x000000000800224c                vListInitialise
 .text.vListInitialiseItem
                0x000000000800228c       0x1a ./ThirdParty/list.o
                0x000000000800228c                vListInitialiseItem
 .text.vListInsert
                0x00000000080022a6       0x72 ./ThirdParty/list.o
                0x00000000080022a6                vListInsert
 .text.uxListRemove
                0x0000000008002318       0x54 ./ThirdParty/list.o
                0x0000000008002318                uxListRemove
 .text.prvCreateTask
                0x000000000800236c       0x78 ./ThirdParty/tasks.o
 .text.xTaskCreate
                0x00000000080023e4       0x46 ./ThirdParty/tasks.o
                0x00000000080023e4                xTaskCreate
 .text.prvInitialiseNewTask
                0x000000000800242a      0x11c ./ThirdParty/tasks.o
 *fill*         0x0000000008002546        0x2 
 .text.prvAddNewTaskToReadyList
                0x0000000008002548      0x130 ./ThirdParty/tasks.o
 .text.vTaskDelay
                0x0000000008002678       0x68 ./ThirdParty/tasks.o
                0x0000000008002678                vTaskDelay
 .text.prvCreateIdleTasks
                0x00000000080026e0       0x94 ./ThirdParty/tasks.o
 .text.vTaskStartScheduler
                0x0000000008002774       0x7c ./ThirdParty/tasks.o
                0x0000000008002774                vTaskStartScheduler
 .text.vTaskSuspendAll
                0x00000000080027f0       0x1c ./ThirdParty/tasks.o
                0x00000000080027f0                vTaskSuspendAll
 .text.xTaskResumeAll
                0x000000000800280c      0x210 ./ThirdParty/tasks.o
                0x000000000800280c                xTaskResumeAll
 .text.xTaskIncrementTick
                0x0000000008002a1c      0x230 ./ThirdParty/tasks.o
                0x0000000008002a1c                xTaskIncrementTick
 .text.vTaskSwitchContext
                0x0000000008002c4c       0xb8 ./ThirdParty/tasks.o
                0x0000000008002c4c                vTaskSwitchContext
 .text.prvIdleTask
                0x0000000008002d04       0x30 ./ThirdParty/tasks.o
 .text.prvInitialiseTaskLists
                0x0000000008002d34       0x80 ./ThirdParty/tasks.o
 .text.prvCheckTasksWaitingTermination
                0x0000000008002db4       0x5c ./ThirdParty/tasks.o
 .text.prvDeleteTCB
                0x0000000008002e10       0x20 ./ThirdParty/tasks.o
 .text.prvResetNextTaskUnblockTime
                0x0000000008002e30       0x38 ./ThirdParty/tasks.o
 .text.prvAddCurrentTaskToDelayedList
                0x0000000008002e68      0x104 ./ThirdParty/tasks.o
 .text.pxPortInitialiseStack
                0x0000000008002f6c       0x68 ./ThirdParty/portable/GCC/ARM_CM4F/port.o
                0x0000000008002f6c                pxPortInitialiseStack
 .text.prvTaskExitError
                0x0000000008002fd4       0x58 ./ThirdParty/portable/GCC/ARM_CM4F/port.o
 *fill*         0x000000000800302c        0x4 
 .text.SVC_Handler
                0x0000000008003030       0x28 ./ThirdParty/portable/GCC/ARM_CM4F/port.o
                0x0000000008003030                SVC_Handler
 .text.prvPortStartFirstTask
                0x0000000008003058       0x2c ./ThirdParty/portable/GCC/ARM_CM4F/port.o
 .text.xPortStartScheduler
                0x0000000008003084      0x1d4 ./ThirdParty/portable/GCC/ARM_CM4F/port.o
                0x0000000008003084                xPortStartScheduler
 .text.vPortEnterCritical
                0x0000000008003258       0x60 ./ThirdParty/portable/GCC/ARM_CM4F/port.o
                0x0000000008003258                vPortEnterCritical
 .text.vPortExitCritical
                0x00000000080032b8       0x54 ./ThirdParty/portable/GCC/ARM_CM4F/port.o
                0x00000000080032b8                vPortExitCritical
 *fill*         0x000000000800330c        0x4 
 .text.PendSV_Handler
                0x0000000008003310       0x68 ./ThirdParty/portable/GCC/ARM_CM4F/port.o
                0x0000000008003310                PendSV_Handler
 .text.SysTick_Handler
                0x0000000008003378       0x44 ./ThirdParty/portable/GCC/ARM_CM4F/port.o
                0x0000000008003378                SysTick_Handler
 .text.vPortSetupTimerInterrupt
                0x00000000080033bc       0x48 ./ThirdParty/portable/GCC/ARM_CM4F/port.o
                0x00000000080033bc                vPortSetupTimerInterrupt
 .text.vPortEnableVFP
                0x0000000008003404       0x18 ./ThirdParty/portable/GCC/ARM_CM4F/port.o
 .text.pvPortMalloc
                0x000000000800341c      0x258 ./ThirdParty/portable/MemMang/heap_4.o
                0x000000000800341c                pvPortMalloc
 .text.vPortFree
                0x0000000008003674       0xf0 ./ThirdParty/portable/MemMang/heap_4.o
                0x0000000008003674                vPortFree
 .text.prvHeapInit
                0x0000000008003764       0xb4 ./ThirdParty/portable/MemMang/heap_4.o
 .text.prvInsertBlockIntoFreeList
                0x0000000008003818       0xf4 ./ThirdParty/portable/MemMang/heap_4.o
 .text.std      0x000000000800390c       0x48 C:/ST/STM32CubeIDE_1.13.1/STM32CubeIDE/plugins/com.st.stm32cube.ide.mcu.externaltools.gnu-tools-for-stm32.11.3.rel1.win32_1.1.0.202305231506/tools/bin/../lib/gcc/arm-none-eabi/11.3.1/../../../../arm-none-eabi/lib/thumb/v7e-m+fp/hard\libc_nano.a(libc_a-findfp.o)
 .text.stdio_exit_handler
                0x0000000008003954       0x18 C:/ST/STM32CubeIDE_1.13.1/STM32CubeIDE/plugins/com.st.stm32cube.ide.mcu.externaltools.gnu-tools-for-stm32.11.3.rel1.win32_1.1.0.202305231506/tools/bin/../lib/gcc/arm-none-eabi/11.3.1/../../../../arm-none-eabi/lib/thumb/v7e-m+fp/hard\libc_nano.a(libc_a-findfp.o)
 .text.cleanup_stdio
                0x000000000800396c       0x40 C:/ST/STM32CubeIDE_1.13.1/STM32CubeIDE/plugins/com.st.stm32cube.ide.mcu.externaltools.gnu-tools-for-stm32.11.3.rel1.win32_1.1.0.202305231506/tools/bin/../lib/gcc/arm-none-eabi/11.3.1/../../../../arm-none-eabi/lib/thumb/v7e-m+fp/hard\libc_nano.a(libc_a-findfp.o)
 .text.global_stdio_init.part.0
                0x00000000080039ac       0x3c C:/ST/STM32CubeIDE_1.13.1/STM32CubeIDE/plugins/com.st.stm32cube.ide.mcu.externaltools.gnu-tools-for-stm32.11.3.rel1.win32_1.1.0.202305231506/tools/bin/../lib/gcc/arm-none-eabi/11.3.1/../../../../arm-none-eabi/lib/thumb/v7e-m+fp/hard\libc_nano.a(libc_a-findfp.o)
 .text.__sfp_lock_acquire
                0x00000000080039e8        0xc C:/ST/STM32CubeIDE_1.13.1/STM32CubeIDE/plugins/com.st.stm32cube.ide.mcu.externaltools.gnu-tools-for-stm32.11.3.rel1.win32_1.1.0.202305231506/tools/bin/../lib/gcc/arm-none-eabi/11.3.1/../../../../arm-none-eabi/lib/thumb/v7e-m+fp/hard\libc_nano.a(libc_a-findfp.o)
                0x00000000080039e8                __sfp_lock_acquire
 .text.__sfp_lock_release
                0x00000000080039f4        0xc C:/ST/STM32CubeIDE_1.13.1/STM32CubeIDE/plugins/com.st.stm32cube.ide.mcu.externaltools.gnu-tools-for-stm32.11.3.rel1.win32_1.1.0.202305231506/tools/bin/../lib/gcc/arm-none-eabi/11.3.1/../../../../arm-none-eabi/lib/thumb/v7e-m+fp/hard\libc_nano.a(libc_a-findfp.o)
                0x00000000080039f4                __sfp_lock_release
 .text.__sinit  0x0000000008003a00       0x30 C:/ST/STM32CubeIDE_1.13.1/STM32CubeIDE/plugins/com.st.stm32cube.ide.mcu.externaltools.gnu-tools-for-stm32.11.3.rel1.win32_1.1.0.202305231506/tools/bin/../lib/gcc/arm-none-eabi/11.3.1/../../../../arm-none-eabi/lib/thumb/v7e-m+fp/hard\libc_nano.a(libc_a-findfp.o)
                0x0000000008003a00                __sinit
 .text._fwalk_sglue
                0x0000000008003a30       0x3c C:/ST/STM32CubeIDE_1.13.1/STM32CubeIDE/plugins/com.st.stm32cube.ide.mcu.externaltools.gnu-tools-for-stm32.11.3.rel1.win32_1.1.0.202305231506/tools/bin/../lib/gcc/arm-none-eabi/11.3.1/../../../../arm-none-eabi/lib/thumb/v7e-m+fp/hard\libc_nano.a(libc_a-fwalk.o)
                0x0000000008003a30                _fwalk_sglue
 .text.printf   0x0000000008003a6c       0x24 C:/ST/STM32CubeIDE_1.13.1/STM32CubeIDE/plugins/com.st.stm32cube.ide.mcu.externaltools.gnu-tools-for-stm32.11.3.rel1.win32_1.1.0.202305231506/tools/bin/../lib/gcc/arm-none-eabi/11.3.1/../../../../arm-none-eabi/lib/thumb/v7e-m+fp/hard\libc_nano.a(libc_a-printf.o)
                0x0000000008003a6c                iprintf
                0x0000000008003a6c                printf
 .text.__sread  0x0000000008003a90       0x22 C:/ST/STM32CubeIDE_1.13.1/STM32CubeIDE/plugins/com.st.stm32cube.ide.mcu.externaltools.gnu-tools-for-stm32.11.3.rel1.win32_1.1.0.202305231506/tools/bin/../lib/gcc/arm-none-eabi/11.3.1/../../../../arm-none-eabi/lib/thumb/v7e-m+fp/hard\libc_nano.a(libc_a-stdio.o)
                0x0000000008003a90                __sread
 .text.__swrite
                0x0000000008003ab2       0x38 C:/ST/STM32CubeIDE_1.13.1/STM32CubeIDE/plugins/com.st.stm32cube.ide.mcu.externaltools.gnu-tools-for-stm32.11.3.rel1.win32_1.1.0.202305231506/tools/bin/../lib/gcc/arm-none-eabi/11.3.1/../../../../arm-none-eabi/lib/thumb/v7e-m+fp/hard\libc_nano.a(libc_a-stdio.o)
                0x0000000008003ab2                __swrite
 .text.__sseek  0x0000000008003aea       0x24 C:/ST/STM32CubeIDE_1.13.1/STM32CubeIDE/plugins/com.st.stm32cube.ide.mcu.externaltools.gnu-tools-for-stm32.11.3.rel1.win32_1.1.0.202305231506/tools/bin/../lib/gcc/arm-none-eabi/11.3.1/../../../../arm-none-eabi/lib/thumb/v7e-m+fp/hard\libc_nano.a(libc_a-stdio.o)
                0x0000000008003aea                __sseek
 .text.__sclose
                0x0000000008003b0e        0x8 C:/ST/STM32CubeIDE_1.13.1/STM32CubeIDE/plugins/com.st.stm32cube.ide.mcu.externaltools.gnu-tools-for-stm32.11.3.rel1.win32_1.1.0.202305231506/tools/bin/../lib/gcc/arm-none-eabi/11.3.1/../../../../arm-none-eabi/lib/thumb/v7e-m+fp/hard\libc_nano.a(libc_a-stdio.o)
                0x0000000008003b0e                __sclose
 .text.memset   0x0000000008003b16       0x10 C:/ST/STM32CubeIDE_1.13.1/STM32CubeIDE/plugins/com.st.stm32cube.ide.mcu.externaltools.gnu-tools-for-stm32.11.3.rel1.win32_1.1.0.202305231506/tools/bin/../lib/gcc/arm-none-eabi/11.3.1/../../../../arm-none-eabi/lib/thumb/v7e-m+fp/hard\libc_nano.a(libc_a-memset.o)
                0x0000000008003b16                memset
 *fill*         0x0000000008003b26        0x2 
 .text._close_r
                0x0000000008003b28       0x20 C:/ST/STM32CubeIDE_1.13.1/STM32CubeIDE/plugins/com.st.stm32cube.ide.mcu.externaltools.gnu-tools-for-stm32.11.3.rel1.win32_1.1.0.202305231506/tools/bin/../lib/gcc/arm-none-eabi/11.3.1/../../../../arm-none-eabi/lib/thumb/v7e-m+fp/hard\libc_nano.a(libc_a-closer.o)
                0x0000000008003b28                _close_r
 .text._lseek_r
                0x0000000008003b48       0x24 C:/ST/STM32CubeIDE_1.13.1/STM32CubeIDE/plugins/com.st.stm32cube.ide.mcu.externaltools.gnu-tools-for-stm32.11.3.rel1.win32_1.1.0.202305231506/tools/bin/../lib/gcc/arm-none-eabi/11.3.1/../../../../arm-none-eabi/lib/thumb/v7e-m+fp/hard\libc_nano.a(libc_a-lseekr.o)
                0x0000000008003b48                _lseek_r
 .text._read_r  0x0000000008003b6c       0x24 C:/ST/STM32CubeIDE_1.13.1/STM32CubeIDE/plugins/com.st.stm32cube.ide.mcu.externaltools.gnu-tools-for-stm32.11.3.rel1.win32_1.1.0.202305231506/tools/bin/../lib/gcc/arm-none-eabi/11.3.1/../../../../arm-none-eabi/lib/thumb/v7e-m+fp/hard\libc_nano.a(libc_a-readr.o)
                0x0000000008003b6c                _read_r
 .text._write_r
                0x0000000008003b90       0x24 C:/ST/STM32CubeIDE_1.13.1/STM32CubeIDE/plugins/com.st.stm32cube.ide.mcu.externaltools.gnu-tools-for-stm32.11.3.rel1.win32_1.1.0.202305231506/tools/bin/../lib/gcc/arm-none-eabi/11.3.1/../../../../arm-none-eabi/lib/thumb/v7e-m+fp/hard\libc_nano.a(libc_a-writer.o)
                0x0000000008003b90                _write_r
 .text.__libc_init_array
                0x0000000008003bb4       0x48 C:/ST/STM32CubeIDE_1.13.1/STM32CubeIDE/plugins/com.st.stm32cube.ide.mcu.externaltools.gnu-tools-for-stm32.11.3.rel1.win32_1.1.0.202305231506/tools/bin/../lib/gcc/arm-none-eabi/11.3.1/../../../../arm-none-eabi/lib/thumb/v7e-m+fp/hard\libc_nano.a(libc_a-init.o)
                0x0000000008003bb4                __libc_init_array
 .text.__retarget_lock_acquire_recursive
                0x0000000008003bfc        0x2 C:/ST/STM32CubeIDE_1.13.1/STM32CubeIDE/plugins/com.st.stm32cube.ide.mcu.externaltools.gnu-tools-for-stm32.11.3.rel1.win32_1.1.0.202305231506/tools/bin/../lib/gcc/arm-none-eabi/11.3.1/../../../../arm-none-eabi/lib/thumb/v7e-m+fp/hard\libc_nano.a(libc_a-lock.o)
                0x0000000008003bfc                __retarget_lock_acquire_recursive
 .text.__retarget_lock_release_recursive
                0x0000000008003bfe        0x2 C:/ST/STM32CubeIDE_1.13.1/STM32CubeIDE/plugins/com.st.stm32cube.ide.mcu.externaltools.gnu-tools-for-stm32.11.3.rel1.win32_1.1.0.202305231506/tools/bin/../lib/gcc/arm-none-eabi/11.3.1/../../../../arm-none-eabi/lib/thumb/v7e-m+fp/hard\libc_nano.a(libc_a-lock.o)
                0x0000000008003bfe                __retarget_lock_release_recursive
 .text._free_r  0x0000000008003c00       0x98 C:/ST/STM32CubeIDE_1.13.1/STM32CubeIDE/plugins/com.st.stm32cube.ide.mcu.externaltools.gnu-tools-for-stm32.11.3.rel1.win32_1.1.0.202305231506/tools/bin/../lib/gcc/arm-none-eabi/11.3.1/../../../../arm-none-eabi/lib/thumb/v7e-m+fp/hard\libc_nano.a(libc_a-freer.o)
                0x0000000008003c00                _free_r
 .text.sbrk_aligned
                0x0000000008003c98       0x40 C:/ST/STM32CubeIDE_1.13.1/STM32CubeIDE/plugins/com.st.stm32cube.ide.mcu.externaltools.gnu-tools-for-stm32.11.3.rel1.win32_1.1.0.202305231506/tools/bin/../lib/gcc/arm-none-eabi/11.3.1/../../../../arm-none-eabi/lib/thumb/v7e-m+fp/hard\libc_nano.a(libc_a-mallocr.o)
 .text._malloc_r
                0x0000000008003cd8      0x100 C:/ST/STM32CubeIDE_1.13.1/STM32CubeIDE/plugins/com.st.stm32cube.ide.mcu.externaltools.gnu-tools-for-stm32.11.3.rel1.win32_1.1.0.202305231506/tools/bin/../lib/gcc/arm-none-eabi/11.3.1/../../../../arm-none-eabi/lib/thumb/v7e-m+fp/hard\libc_nano.a(libc_a-mallocr.o)
                0x0000000008003cd8                _malloc_r
 .text.__malloc_lock
                0x0000000008003dd8        0xc C:/ST/STM32CubeIDE_1.13.1/STM32CubeIDE/plugins/com.st.stm32cube.ide.mcu.externaltools.gnu-tools-for-stm32.11.3.rel1.win32_1.1.0.202305231506/tools/bin/../lib/gcc/arm-none-eabi/11.3.1/../../../../arm-none-eabi/lib/thumb/v7e-m+fp/hard\libc_nano.a(libc_a-mlock.o)
                0x0000000008003dd8                __malloc_lock
 .text.__malloc_unlock
                0x0000000008003de4        0xc C:/ST/STM32CubeIDE_1.13.1/STM32CubeIDE/plugins/com.st.stm32cube.ide.mcu.externaltools.gnu-tools-for-stm32.11.3.rel1.win32_1.1.0.202305231506/tools/bin/../lib/gcc/arm-none-eabi/11.3.1/../../../../arm-none-eabi/lib/thumb/v7e-m+fp/hard\libc_nano.a(libc_a-mlock.o)
                0x0000000008003de4                __malloc_unlock
 .text.__sfputc_r
                0x0000000008003df0       0x2e C:/ST/STM32CubeIDE_1.13.1/STM32CubeIDE/plugins/com.st.stm32cube.ide.mcu.externaltools.gnu-tools-for-stm32.11.3.rel1.win32_1.1.0.202305231506/tools/bin/../lib/gcc/arm-none-eabi/11.3.1/../../../../arm-none-eabi/lib/thumb/v7e-m+fp/hard\libc_nano.a(libc_a-nano-vfprintf.o)
 .text.__sfputs_r
                0x0000000008003e1e       0x24 C:/ST/STM32CubeIDE_1.13.1/STM32CubeIDE/plugins/com.st.stm32cube.ide.mcu.externaltools.gnu-tools-for-stm32.11.3.rel1.win32_1.1.0.202305231506/tools/bin/../lib/gcc/arm-none-eabi/11.3.1/../../../../arm-none-eabi/lib/thumb/v7e-m+fp/hard\libc_nano.a(libc_a-nano-vfprintf.o)
                0x0000000008003e1e                __sfputs_r
 *fill*         0x0000000008003e42        0x2 
 .text._vfprintf_r
                0x0000000008003e44      0x234 C:/ST/STM32CubeIDE_1.13.1/STM32CubeIDE/plugins/com.st.stm32cube.ide.mcu.externaltools.gnu-tools-for-stm32.11.3.rel1.win32_1.1.0.202305231506/tools/bin/../lib/gcc/arm-none-eabi/11.3.1/../../../../arm-none-eabi/lib/thumb/v7e-m+fp/hard\libc_nano.a(libc_a-nano-vfprintf.o)
                0x0000000008003e44                _vfprintf_r
                0x0000000008003e44                _vfiprintf_r
 .text._printf_common
                0x0000000008004078       0xda C:/ST/STM32CubeIDE_1.13.1/STM32CubeIDE/plugins/com.st.stm32cube.ide.mcu.externaltools.gnu-tools-for-stm32.11.3.rel1.win32_1.1.0.202305231506/tools/bin/../lib/gcc/arm-none-eabi/11.3.1/../../../../arm-none-eabi/lib/thumb/v7e-m+fp/hard\libc_nano.a(libc_a-nano-vfprintf_i.o)
                0x0000000008004078                _printf_common
 *fill*         0x0000000008004152        0x2 
 .text._printf_i
                0x0000000008004154      0x244 C:/ST/STM32CubeIDE_1.13.1/STM32CubeIDE/plugins/com.st.stm32cube.ide.mcu.externaltools.gnu-tools-for-stm32.11.3.rel1.win32_1.1.0.202305231506/tools/bin/../lib/gcc/arm-none-eabi/11.3.1/../../../../arm-none-eabi/lib/thumb/v7e-m+fp/hard\libc_nano.a(libc_a-nano-vfprintf_i.o)
                0x0000000008004154                _printf_i
 .text.__sflush_r
                0x0000000008004398      0x10c C:/ST/STM32CubeIDE_1.13.1/STM32CubeIDE/plugins/com.st.stm32cube.ide.mcu.externaltools.gnu-tools-for-stm32.11.3.rel1.win32_1.1.0.202305231506/tools/bin/../lib/gcc/arm-none-eabi/11.3.1/../../../../arm-none-eabi/lib/thumb/v7e-m+fp/hard\libc_nano.a(libc_a-fflush.o)
                0x0000000008004398                __sflush_r
 .text._fflush_r
                0x00000000080044a4       0x50 C:/ST/STM32CubeIDE_1.13.1/STM32CubeIDE/plugins/com.st.stm32cube.ide.mcu.externaltools.gnu-tools-for-stm32.11.3.rel1.win32_1.1.0.202305231506/tools/bin/../lib/gcc/arm-none-eabi/11.3.1/../../../../arm-none-eabi/lib/thumb/v7e-m+fp/hard\libc_nano.a(libc_a-fflush.o)
                0x00000000080044a4                _fflush_r
 .text.__swbuf_r
                0x00000000080044f4       0x7a C:/ST/STM32CubeIDE_1.13.1/STM32CubeIDE/plugins/com.st.stm32cube.ide.mcu.externaltools.gnu-tools-for-stm32.11.3.rel1.win32_1.1.0.202305231506/tools/bin/../lib/gcc/arm-none-eabi/11.3.1/../../../../arm-none-eabi/lib/thumb/v7e-m+fp/hard\libc_nano.a(libc_a-wbuf.o)
                0x00000000080044f4                __swbuf_r
 *fill*         0x000000000800456e        0x2 
 .text.__swsetup_r
                0x0000000008004570       0xb0 C:/ST/STM32CubeIDE_1.13.1/STM32CubeIDE/plugins/com.st.stm32cube.ide.mcu.externaltools.gnu-tools-for-stm32.11.3.rel1.win32_1.1.0.202305231506/tools/bin/../lib/gcc/arm-none-eabi/11.3.1/../../../../arm-none-eabi/lib/thumb/v7e-m+fp/hard\libc_nano.a(libc_a-wsetup.o)
                0x0000000008004570                __swsetup_r
 .text._sbrk_r  0x0000000008004620       0x20 C:/ST/STM32CubeIDE_1.13.1/STM32CubeIDE/plugins/com.st.stm32cube.ide.mcu.externaltools.gnu-tools-for-stm32.11.3.rel1.win32_1.1.0.202305231506/tools/bin/../lib/gcc/arm-none-eabi/11.3.1/../../../../arm-none-eabi/lib/thumb/v7e-m+fp/hard\libc_nano.a(libc_a-sbrkr.o)
                0x0000000008004620                _sbrk_r
 .text.__swhatbuf_r
                0x0000000008004640       0x4c C:/ST/STM32CubeIDE_1.13.1/STM32CubeIDE/plugins/com.st.stm32cube.ide.mcu.externaltools.gnu-tools-for-stm32.11.3.rel1.win32_1.1.0.202305231506/tools/bin/../lib/gcc/arm-none-eabi/11.3.1/../../../../arm-none-eabi/lib/thumb/v7e-m+fp/hard\libc_nano.a(libc_a-makebuf.o)
                0x0000000008004640                __swhatbuf_r
 .text.__smakebuf_r
                0x000000000800468c       0x78 C:/ST/STM32CubeIDE_1.13.1/STM32CubeIDE/plugins/com.st.stm32cube.ide.mcu.externaltools.gnu-tools-for-stm32.11.3.rel1.win32_1.1.0.202305231506/tools/bin/../lib/gcc/arm-none-eabi/11.3.1/../../../../arm-none-eabi/lib/thumb/v7e-m+fp/hard\libc_nano.a(libc_a-makebuf.o)
                0x000000000800468c                __smakebuf_r
 .text._fstat_r
                0x0000000008004704       0x24 C:/ST/STM32CubeIDE_1.13.1/STM32CubeIDE/plugins/com.st.stm32cube.ide.mcu.externaltools.gnu-tools-for-stm32.11.3.rel1.win32_1.1.0.202305231506/tools/bin/../lib/gcc/arm-none-eabi/11.3.1/../../../../arm-none-eabi/lib/thumb/v7e-m+fp/hard\libc_nano.a(libc_a-fstatr.o)
                0x0000000008004704                _fstat_r
 .text._isatty_r
                0x0000000008004728       0x20 C:/ST/STM32CubeIDE_1.13.1/STM32CubeIDE/plugins/com.st.stm32cube.ide.mcu.externaltools.gnu-tools-for-stm32.11.3.rel1.win32_1.1.0.202305231506/tools/bin/../lib/gcc/arm-none-eabi/11.3.1/../../../../arm-none-eabi/lib/thumb/v7e-m+fp/hard\libc_nano.a(libc_a-isattyr.o)
                0x0000000008004728                _isatty_r
 .text._sbrk    0x0000000008004748       0x1c C:/ST/STM32CubeIDE_1.13.1/STM32CubeIDE/plugins/com.st.stm32cube.ide.mcu.externaltools.gnu-tools-for-stm32.11.3.rel1.win32_1.1.0.202305231506/tools/bin/../lib/gcc/arm-none-eabi/11.3.1/../../../../arm-none-eabi/lib/thumb/v7e-m+fp/hard\libnosys.a(sbrk.o)
                0x0000000008004748                _sbrk
 *(.glue_7)
 .glue_7        0x0000000008004764        0x0 linker stubs
 *(.glue_7t)
 .glue_7t       0x0000000008004764        0x0 linker stubs
 *(.eh_frame)
 .eh_frame      0x0000000008004764        0x0 C:/ST/STM32CubeIDE_1.13.1/STM32CubeIDE/plugins/com.st.stm32cube.ide.mcu.externaltools.gnu-tools-for-stm32.11.3.rel1.win32_1.1.0.202305231506/tools/bin/../lib/gcc/arm-none-eabi/11.3.1/thumb/v7e-m+fp/hard/crtbegin.o
 *(.init)
 .init          0x0000000008004764        0x4 C:/ST/STM32CubeIDE_1.13.1/STM32CubeIDE/plugins/com.st.stm32cube.ide.mcu.externaltools.gnu-tools-for-stm32.11.3.rel1.win32_1.1.0.202305231506/tools/bin/../lib/gcc/arm-none-eabi/11.3.1/thumb/v7e-m+fp/hard/crti.o
                0x0000000008004764                _init
 .init          0x0000000008004768        0x8 C:/ST/STM32CubeIDE_1.13.1/STM32CubeIDE/plugins/com.st.stm32cube.ide.mcu.externaltools.gnu-tools-for-stm32.11.3.rel1.win32_1.1.0.202305231506/tools/bin/../lib/gcc/arm-none-eabi/11.3.1/thumb/v7e-m+fp/hard/crtn.o
 *(.fini)
 .fini          0x0000000008004770        0x4 C:/ST/STM32CubeIDE_1.13.1/STM32CubeIDE/plugins/com.st.stm32cube.ide.mcu.externaltools.gnu-tools-for-stm32.11.3.rel1.win32_1.1.0.202305231506/tools/bin/../lib/gcc/arm-none-eabi/11.3.1/thumb/v7e-m+fp/hard/crti.o
                0x0000000008004770                _fini
 .fini          0x0000000008004774        0x8 C:/ST/STM32CubeIDE_1.13.1/STM32CubeIDE/plugins/com.st.stm32cube.ide.mcu.externaltools.gnu-tools-for-stm32.11.3.rel1.win32_1.1.0.202305231506/tools/bin/../lib/gcc/arm-none-eabi/11.3.1/thumb/v7e-m+fp/hard/crtn.o
                0x000000000800477c                . = ALIGN (0x4)
                0x000000000800477c                _etext = .

.vfp11_veneer   0x000000000800477c        0x0
 .vfp11_veneer  0x000000000800477c        0x0 linker stubs

.v4_bx          0x000000000800477c        0x0
 .v4_bx         0x000000000800477c        0x0 linker stubs

.iplt           0x000000000800477c        0x0
 .iplt          0x000000000800477c        0x0 C:/ST/STM32CubeIDE_1.13.1/STM32CubeIDE/plugins/com.st.stm32cube.ide.mcu.externaltools.gnu-tools-for-stm32.11.3.rel1.win32_1.1.0.202305231506/tools/bin/../lib/gcc/arm-none-eabi/11.3.1/thumb/v7e-m+fp/hard/crtbegin.o

.rodata         0x000000000800477c       0xe4
                0x000000000800477c                . = ALIGN (0x4)
 *(.rodata)
 .rodata        0x000000000800477c       0x8f ./Core/Src/main.o
 *fill*         0x000000000800480b        0x1 
 .rodata        0x000000000800480c        0x5 ./ThirdParty/tasks.o
 *(.rodata*)
 *fill*         0x0000000008004811        0x3 
 .rodata.AHBPrescTable
                0x0000000008004814       0x10 ./Core/Src/system_stm32f4xx.o
                0x0000000008004814                AHBPrescTable
 .rodata.APBPrescTable
                0x0000000008004824        0x8 ./Core/Src/system_stm32f4xx.o
                0x0000000008004824                APBPrescTable
 .rodata._vfprintf_r.str1.1
                0x000000000800482c       0x11 C:/ST/STM32CubeIDE_1.13.1/STM32CubeIDE/plugins/com.st.stm32cube.ide.mcu.externaltools.gnu-tools-for-stm32.11.3.rel1.win32_1.1.0.202305231506/tools/bin/../lib/gcc/arm-none-eabi/11.3.1/../../../../arm-none-eabi/lib/thumb/v7e-m+fp/hard\libc_nano.a(libc_a-nano-vfprintf.o)
 .rodata._printf_i.str1.1
                0x000000000800483d       0x22 C:/ST/STM32CubeIDE_1.13.1/STM32CubeIDE/plugins/com.st.stm32cube.ide.mcu.externaltools.gnu-tools-for-stm32.11.3.rel1.win32_1.1.0.202305231506/tools/bin/../lib/gcc/arm-none-eabi/11.3.1/../../../../arm-none-eabi/lib/thumb/v7e-m+fp/hard\libc_nano.a(libc_a-nano-vfprintf_i.o)
                0x0000000008004860                . = ALIGN (0x4)
 *fill*         0x000000000800485f        0x1 

.ARM.extab      0x0000000008004860        0x0
                0x0000000008004860                . = ALIGN (0x4)
 *(.ARM.extab* .gnu.linkonce.armextab.*)
                0x0000000008004860                . = ALIGN (0x4)

.ARM            0x0000000008004860        0x8
                0x0000000008004860                . = ALIGN (0x4)
                0x0000000008004860                __exidx_start = .
 *(.ARM.exidx*)
 .ARM.exidx     0x0000000008004860        0x8 C:/ST/STM32CubeIDE_1.13.1/STM32CubeIDE/plugins/com.st.stm32cube.ide.mcu.externaltools.gnu-tools-for-stm32.11.3.rel1.win32_1.1.0.202305231506/tools/bin/../lib/gcc/arm-none-eabi/11.3.1/thumb/v7e-m+fp/hard\libgcc.a(_udivmoddi4.o)
                0x0000000008004868                __exidx_end = .
                0x0000000008004868                . = ALIGN (0x4)

.rel.dyn        0x0000000008004868        0x0
 .rel.iplt      0x0000000008004868        0x0 C:/ST/STM32CubeIDE_1.13.1/STM32CubeIDE/plugins/com.st.stm32cube.ide.mcu.externaltools.gnu-tools-for-stm32.11.3.rel1.win32_1.1.0.202305231506/tools/bin/../lib/gcc/arm-none-eabi/11.3.1/thumb/v7e-m+fp/hard/crtbegin.o

.preinit_array  0x0000000008004868        0x0
                0x0000000008004868                . = ALIGN (0x4)
                0x0000000008004868                PROVIDE (__preinit_array_start = .)
 *(.preinit_array*)
                0x0000000008004868                PROVIDE (__preinit_array_end = .)
                0x0000000008004868                . = ALIGN (0x4)

.init_array     0x0000000008004868        0x4
                0x0000000008004868                . = ALIGN (0x4)
                0x0000000008004868                PROVIDE (__init_array_start = .)
 *(SORT_BY_NAME(.init_array.*))
 *(.init_array*)
 .init_array    0x0000000008004868        0x4 C:/ST/STM32CubeIDE_1.13.1/STM32CubeIDE/plugins/com.st.stm32cube.ide.mcu.externaltools.gnu-tools-for-stm32.11.3.rel1.win32_1.1.0.202305231506/tools/bin/../lib/gcc/arm-none-eabi/11.3.1/thumb/v7e-m+fp/hard/crtbegin.o
                0x000000000800486c                PROVIDE (__init_array_end = .)
                0x000000000800486c                . = ALIGN (0x4)

.fini_array     0x000000000800486c        0x4
                0x000000000800486c                . = ALIGN (0x4)
                [!provide]                        PROVIDE (__fini_array_start = .)
 *(SORT_BY_NAME(.fini_array.*))
 *(.fini_array*)
 .fini_array    0x000000000800486c        0x4 C:/ST/STM32CubeIDE_1.13.1/STM32CubeIDE/plugins/com.st.stm32cube.ide.mcu.externaltools.gnu-tools-for-stm32.11.3.rel1.win32_1.1.0.202305231506/tools/bin/../lib/gcc/arm-none-eabi/11.3.1/thumb/v7e-m+fp/hard/crtbegin.o
                [!provide]                        PROVIDE (__fini_array_end = .)
                0x0000000008004870                . = ALIGN (0x4)
                0x0000000008004870                _sidata = LOADADDR (.data)

.data           0x0000000020000000       0x70 load address 0x0000000008004870
                0x0000000020000000                . = ALIGN (0x4)
                0x0000000020000000                _sdata = .
 *(.data)
 *(.data*)
 .data.SystemCoreClock
                0x0000000020000000        0x4 ./Core/Src/system_stm32f4xx.o
                0x0000000020000000                SystemCoreClock
 .data.uwTickPrio
                0x0000000020000004        0x4 ./Drivers/STM32F4xx_HAL_Driver/Src/stm32f4xx_hal.o
                0x0000000020000004                uwTickPrio
 .data.uwTickFreq
                0x0000000020000008        0x1 ./Drivers/STM32F4xx_HAL_Driver/Src/stm32f4xx_hal.o
                0x0000000020000008                uwTickFreq
 *fill*         0x0000000020000009        0x3 
 .data.uxTopUsedPriority
                0x000000002000000c        0x4 ./ThirdParty/tasks.o
 .data.uxCriticalNesting
                0x0000000020000010        0x4 ./ThirdParty/portable/GCC/ARM_CM4F/port.o
 .data.__sglue  0x0000000020000014        0xc C:/ST/STM32CubeIDE_1.13.1/STM32CubeIDE/plugins/com.st.stm32cube.ide.mcu.externaltools.gnu-tools-for-stm32.11.3.rel1.win32_1.1.0.202305231506/tools/bin/../lib/gcc/arm-none-eabi/11.3.1/../../../../arm-none-eabi/lib/thumb/v7e-m+fp/hard\libc_nano.a(libc_a-findfp.o)
                0x0000000020000014                __sglue
 .data._impure_data
                0x0000000020000020       0x4c C:/ST/STM32CubeIDE_1.13.1/STM32CubeIDE/plugins/com.st.stm32cube.ide.mcu.externaltools.gnu-tools-for-stm32.11.3.rel1.win32_1.1.0.202305231506/tools/bin/../lib/gcc/arm-none-eabi/11.3.1/../../../../arm-none-eabi/lib/thumb/v7e-m+fp/hard\libc_nano.a(libc_a-impure.o)
                0x0000000020000020                _impure_data
 .data._impure_ptr
                0x000000002000006c        0x4 C:/ST/STM32CubeIDE_1.13.1/STM32CubeIDE/plugins/com.st.stm32cube.ide.mcu.externaltools.gnu-tools-for-stm32.11.3.rel1.win32_1.1.0.202305231506/tools/bin/../lib/gcc/arm-none-eabi/11.3.1/../../../../arm-none-eabi/lib/thumb/v7e-m+fp/hard\libc_nano.a(libc_a-impure.o)
                0x000000002000006c                _impure_ptr
 *(.RamFunc)
 *(.RamFunc*)
                0x0000000020000070                . = ALIGN (0x4)
                0x0000000020000070                _edata = .
                0x00000000080048e0                _siccmram = LOADADDR (.ccmram)

.igot.plt       0x0000000020000070        0x0 load address 0x00000000080048e0
 .igot.plt      0x0000000020000070        0x0 C:/ST/STM32CubeIDE_1.13.1/STM32CubeIDE/plugins/com.st.stm32cube.ide.mcu.externaltools.gnu-tools-for-stm32.11.3.rel1.win32_1.1.0.202305231506/tools/bin/../lib/gcc/arm-none-eabi/11.3.1/thumb/v7e-m+fp/hard/crtbegin.o

.ccmram         0x0000000010000000        0x0 load address 0x00000000080048e0
                0x0000000010000000                . = ALIGN (0x4)
                0x0000000010000000                _sccmram = .
 *(.ccmram)
 *(.ccmram*)
                0x0000000010000000                . = ALIGN (0x4)
                0x0000000010000000                _eccmram = .
                0x0000000010000000                . = ALIGN (0x4)

.bss            0x0000000020000070    0x12ee0
                0x0000000020000070                _sbss = .
                0x0000000020000070                __bss_start__ = _sbss
 *(.bss)
 .bss           0x0000000020000070       0x1c C:/ST/STM32CubeIDE_1.13.1/STM32CubeIDE/plugins/com.st.stm32cube.ide.mcu.externaltools.gnu-tools-for-stm32.11.3.rel1.win32_1.1.0.202305231506/tools/bin/../lib/gcc/arm-none-eabi/11.3.1/thumb/v7e-m+fp/hard/crtbegin.o
 *(.bss*)
 .bss.htim6     0x000000002000008c       0x48 ./Core/Src/stm32f4xx_hal_timebase_tim.o
                0x000000002000008c                htim6
 .bss.uwTick    0x00000000200000d4        0x4 ./Drivers/STM32F4xx_HAL_Driver/Src/stm32f4xx_hal.o
                0x00000000200000d4                uwTick
 .bss.pxCurrentTCB
                0x00000000200000d8        0x4 ./ThirdParty/tasks.o
                0x00000000200000d8                pxCurrentTCB
 .bss.pxReadyTasksLists
                0x00000000200000dc       0x64 ./ThirdParty/tasks.o
 .bss.xDelayedTaskList1
                0x0000000020000140       0x14 ./ThirdParty/tasks.o
 .bss.xDelayedTaskList2
                0x0000000020000154       0x14 ./ThirdParty/tasks.o
 .bss.pxDelayedTaskList
                0x0000000020000168        0x4 ./ThirdParty/tasks.o
 .bss.pxOverflowDelayedTaskList
                0x000000002000016c        0x4 ./ThirdParty/tasks.o
 .bss.xPendingReadyList
                0x0000000020000170       0x14 ./ThirdParty/tasks.o
 .bss.xTasksWaitingTermination
                0x0000000020000184       0x14 ./ThirdParty/tasks.o
 .bss.uxDeletedTasksWaitingCleanUp
                0x0000000020000198        0x4 ./ThirdParty/tasks.o
 .bss.xSuspendedTaskList
                0x000000002000019c       0x14 ./ThirdParty/tasks.o
 .bss.uxCurrentNumberOfTasks
                0x00000000200001b0        0x4 ./ThirdParty/tasks.o
 .bss.xTickCount
                0x00000000200001b4        0x4 ./ThirdParty/tasks.o
 .bss.uxTopReadyPriority
                0x00000000200001b8        0x4 ./ThirdParty/tasks.o
 .bss.xSchedulerRunning
                0x00000000200001bc        0x4 ./ThirdParty/tasks.o
 .bss.xPendedTicks
                0x00000000200001c0        0x4 ./ThirdParty/tasks.o
 .bss.xYieldPendings
                0x00000000200001c4        0x4 ./ThirdParty/tasks.o
 .bss.xNumOfOverflows
                0x00000000200001c8        0x4 ./ThirdParty/tasks.o
 .bss.uxTaskNumber
                0x00000000200001cc        0x4 ./ThirdParty/tasks.o
 .bss.xNextTaskUnblockTime
                0x00000000200001d0        0x4 ./ThirdParty/tasks.o
 .bss.xIdleTaskHandles
                0x00000000200001d4        0x4 ./ThirdParty/tasks.o
 .bss.uxSchedulerSuspended
                0x00000000200001d8        0x4 ./ThirdParty/tasks.o
 .bss.ucMaxSysCallPriority
                0x00000000200001dc        0x1 ./ThirdParty/portable/GCC/ARM_CM4F/port.o
 *fill*         0x00000000200001dd        0x3 
 .bss.ulMaxPRIGROUPValue
                0x00000000200001e0        0x4 ./ThirdParty/portable/GCC/ARM_CM4F/port.o
 .bss.ucHeap    0x00000000200001e4    0x12c00 ./ThirdParty/portable/MemMang/heap_4.o
 .bss.xStart    0x0000000020012de4        0x8 ./ThirdParty/portable/MemMang/heap_4.o
 .bss.pxEnd     0x0000000020012dec        0x4 ./ThirdParty/portable/MemMang/heap_4.o
 .bss.xFreeBytesRemaining
                0x0000000020012df0        0x4 ./ThirdParty/portable/MemMang/heap_4.o
 .bss.xMinimumEverFreeBytesRemaining
                0x0000000020012df4        0x4 ./ThirdParty/portable/MemMang/heap_4.o
 .bss.xNumberOfSuccessfulAllocations
                0x0000000020012df8        0x4 ./ThirdParty/portable/MemMang/heap_4.o
 .bss.xNumberOfSuccessfulFrees
                0x0000000020012dfc        0x4 ./ThirdParty/portable/MemMang/heap_4.o
 .bss.__sf      0x0000000020012e00      0x138 C:/ST/STM32CubeIDE_1.13.1/STM32CubeIDE/plugins/com.st.stm32cube.ide.mcu.externaltools.gnu-tools-for-stm32.11.3.rel1.win32_1.1.0.202305231506/tools/bin/../lib/gcc/arm-none-eabi/11.3.1/../../../../arm-none-eabi/lib/thumb/v7e-m+fp/hard\libc_nano.a(libc_a-findfp.o)
                0x0000000020012e00                __sf
 .bss.__stdio_exit_handler
                0x0000000020012f38        0x4 C:/ST/STM32CubeIDE_1.13.1/STM32CubeIDE/plugins/com.st.stm32cube.ide.mcu.externaltools.gnu-tools-for-stm32.11.3.rel1.win32_1.1.0.202305231506/tools/bin/../lib/gcc/arm-none-eabi/11.3.1/../../../../arm-none-eabi/lib/thumb/v7e-m+fp/hard\libc_nano.a(libc_a-findfp.o)
                0x0000000020012f38                __stdio_exit_handler
 .bss.errno     0x0000000020012f3c        0x4 C:/ST/STM32CubeIDE_1.13.1/STM32CubeIDE/plugins/com.st.stm32cube.ide.mcu.externaltools.gnu-tools-for-stm32.11.3.rel1.win32_1.1.0.202305231506/tools/bin/../lib/gcc/arm-none-eabi/11.3.1/../../../../arm-none-eabi/lib/thumb/v7e-m+fp/hard\libc_nano.a(libc_a-reent.o)
                0x0000000020012f3c                errno
 .bss.__lock___malloc_recursive_mutex
                0x0000000020012f40        0x1 C:/ST/STM32CubeIDE_1.13.1/STM32CubeIDE/plugins/com.st.stm32cube.ide.mcu.externaltools.gnu-tools-for-stm32.11.3.rel1.win32_1.1.0.202305231506/tools/bin/../lib/gcc/arm-none-eabi/11.3.1/../../../../arm-none-eabi/lib/thumb/v7e-m+fp/hard\libc_nano.a(libc_a-lock.o)
                0x0000000020012f40                __lock___malloc_recursive_mutex
 .bss.__lock___sfp_recursive_mutex
                0x0000000020012f41        0x1 C:/ST/STM32CubeIDE_1.13.1/STM32CubeIDE/plugins/com.st.stm32cube.ide.mcu.externaltools.gnu-tools-for-stm32.11.3.rel1.win32_1.1.0.202305231506/tools/bin/../lib/gcc/arm-none-eabi/11.3.1/../../../../arm-none-eabi/lib/thumb/v7e-m+fp/hard\libc_nano.a(libc_a-lock.o)
                0x0000000020012f41                __lock___sfp_recursive_mutex
 *fill*         0x0000000020012f42        0x2 
 .bss.__malloc_free_list
                0x0000000020012f44        0x4 C:/ST/STM32CubeIDE_1.13.1/STM32CubeIDE/plugins/com.st.stm32cube.ide.mcu.externaltools.gnu-tools-for-stm32.11.3.rel1.win32_1.1.0.202305231506/tools/bin/../lib/gcc/arm-none-eabi/11.3.1/../../../../arm-none-eabi/lib/thumb/v7e-m+fp/hard\libc_nano.a(libc_a-mallocr.o)
                0x0000000020012f44                __malloc_free_list
 .bss.__malloc_sbrk_start
                0x0000000020012f48        0x4 C:/ST/STM32CubeIDE_1.13.1/STM32CubeIDE/plugins/com.st.stm32cube.ide.mcu.externaltools.gnu-tools-for-stm32.11.3.rel1.win32_1.1.0.202305231506/tools/bin/../lib/gcc/arm-none-eabi/11.3.1/../../../../arm-none-eabi/lib/thumb/v7e-m+fp/hard\libc_nano.a(libc_a-mallocr.o)
                0x0000000020012f48                __malloc_sbrk_start
 .bss.heap_end.0
                0x0000000020012f4c        0x4 C:/ST/STM32CubeIDE_1.13.1/STM32CubeIDE/plugins/com.st.stm32cube.ide.mcu.externaltools.gnu-tools-for-stm32.11.3.rel1.win32_1.1.0.202305231506/tools/bin/../lib/gcc/arm-none-eabi/11.3.1/../../../../arm-none-eabi/lib/thumb/v7e-m+fp/hard\libnosys.a(sbrk.o)
 *(COMMON)
                0x0000000020012f50                . = ALIGN (0x4)
                0x0000000020012f50                _ebss = .
                0x0000000020012f50                __bss_end__ = _ebss

._user_heap_stack
                0x0000000020012f50      0x600
                0x0000000020012f50                . = ALIGN (0x8)
                0x0000000020012f50                PROVIDE (end = .)
                [!provide]                        PROVIDE (_end = .)
                0x0000000020013150                . = (. + _Min_Heap_Size)
 *fill*         0x0000000020012f50      0x200 
                0x0000000020013550                . = (. + _Min_Stack_Size)
 *fill*         0x0000000020013150      0x400 
                0x0000000020013550                . = ALIGN (0x8)

/DISCARD/
 libc.a(*)
 libm.a(*)
 libgcc.a(*)

.ARM.attributes
                0x0000000000000000       0x30
 *(.ARM.attributes)
 .ARM.attributes
                0x0000000000000000       0x1e C:/ST/STM32CubeIDE_1.13.1/STM32CubeIDE/plugins/com.st.stm32cube.ide.mcu.externaltools.gnu-tools-for-stm32.11.3.rel1.win32_1.1.0.202305231506/tools/bin/../lib/gcc/arm-none-eabi/11.3.1/thumb/v7e-m+fp/hard/crti.o
 .ARM.attributes
                0x000000000000001e       0x34 C:/ST/STM32CubeIDE_1.13.1/STM32CubeIDE/plugins/com.st.stm32cube.ide.mcu.externaltools.gnu-tools-for-stm32.11.3.rel1.win32_1.1.0.202305231506/tools/bin/../lib/gcc/arm-none-eabi/11.3.1/thumb/v7e-m+fp/hard/crtbegin.o
 .ARM.attributes
                0x0000000000000052       0x34 ./Core/Src/main.o
 .ARM.attributes
                0x0000000000000086       0x34 ./Core/Src/stm32f4xx_hal_msp.o
 .ARM.attributes
                0x00000000000000ba       0x34 ./Core/Src/stm32f4xx_hal_timebase_tim.o
 .ARM.attributes
                0x00000000000000ee       0x34 ./Core/Src/stm32f4xx_it.o
 .ARM.attributes
                0x0000000000000122       0x34 ./Core/Src/syscalls.o
 .ARM.attributes
                0x0000000000000156       0x34 ./Core/Src/system_stm32f4xx.o
 .ARM.attributes
                0x000000000000018a       0x21 ./Core/Startup/startup_stm32f407vgtx.o
 .ARM.attributes
                0x00000000000001ab       0x34 ./Drivers/STM32F4xx_HAL_Driver/Src/stm32f4xx_hal.o
 .ARM.attributes
                0x00000000000001df       0x34 ./Drivers/STM32F4xx_HAL_Driver/Src/stm32f4xx_hal_cortex.o
 .ARM.attributes
                0x0000000000000213       0x34 ./Drivers/STM32F4xx_HAL_Driver/Src/stm32f4xx_hal_gpio.o
 .ARM.attributes
                0x0000000000000247       0x34 ./Drivers/STM32F4xx_HAL_Driver/Src/stm32f4xx_hal_rcc.o
 .ARM.attributes
                0x000000000000027b       0x34 ./Drivers/STM32F4xx_HAL_Driver/Src/stm32f4xx_hal_tim.o
 .ARM.attributes
                0x00000000000002af       0x34 ./Drivers/STM32F4xx_HAL_Driver/Src/stm32f4xx_hal_tim_ex.o
 .ARM.attributes
                0x00000000000002e3       0x34 ./ThirdParty/list.o
 .ARM.attributes
                0x0000000000000317       0x34 ./ThirdParty/tasks.o
 .ARM.attributes
                0x000000000000034b       0x34 ./ThirdParty/portable/GCC/ARM_CM4F/port.o
 .ARM.attributes
                0x000000000000037f       0x34 ./ThirdParty/portable/MemMang/heap_4.o
 .ARM.attributes
                0x00000000000003b3       0x34 C:/ST/STM32CubeIDE_1.13.1/STM32CubeIDE/plugins/com.st.stm32cube.ide.mcu.externaltools.gnu-tools-for-stm32.11.3.rel1.win32_1.1.0.202305231506/tools/bin/../lib/gcc/arm-none-eabi/11.3.1/../../../../arm-none-eabi/lib/thumb/v7e-m+fp/hard\libc_nano.a(libc_a-findfp.o)
 .ARM.attributes
                0x00000000000003e7       0x34 C:/ST/STM32CubeIDE_1.13.1/STM32CubeIDE/plugins/com.st.stm32cube.ide.mcu.externaltools.gnu-tools-for-stm32.11.3.rel1.win32_1.1.0.202305231506/tools/bin/../lib/gcc/arm-none-eabi/11.3.1/../../../../arm-none-eabi/lib/thumb/v7e-m+fp/hard\libc_nano.a(libc_a-fwalk.o)
 .ARM.attributes
                0x000000000000041b       0x34 C:/ST/STM32CubeIDE_1.13.1/STM32CubeIDE/plugins/com.st.stm32cube.ide.mcu.externaltools.gnu-tools-for-stm32.11.3.rel1.win32_1.1.0.202305231506/tools/bin/../lib/gcc/arm-none-eabi/11.3.1/../../../../arm-none-eabi/lib/thumb/v7e-m+fp/hard\libc_nano.a(libc_a-printf.o)
 .ARM.attributes
                0x000000000000044f       0x34 C:/ST/STM32CubeIDE_1.13.1/STM32CubeIDE/plugins/com.st.stm32cube.ide.mcu.externaltools.gnu-tools-for-stm32.11.3.rel1.win32_1.1.0.202305231506/tools/bin/../lib/gcc/arm-none-eabi/11.3.1/../../../../arm-none-eabi/lib/thumb/v7e-m+fp/hard\libc_nano.a(libc_a-stdio.o)
 .ARM.attributes
                0x0000000000000483       0x34 C:/ST/STM32CubeIDE_1.13.1/STM32CubeIDE/plugins/com.st.stm32cube.ide.mcu.externaltools.gnu-tools-for-stm32.11.3.rel1.win32_1.1.0.202305231506/tools/bin/../lib/gcc/arm-none-eabi/11.3.1/../../../../arm-none-eabi/lib/thumb/v7e-m+fp/hard\libc_nano.a(libc_a-memset.o)
 .ARM.attributes
                0x00000000000004b7       0x34 C:/ST/STM32CubeIDE_1.13.1/STM32CubeIDE/plugins/com.st.stm32cube.ide.mcu.externaltools.gnu-tools-for-stm32.11.3.rel1.win32_1.1.0.202305231506/tools/bin/../lib/gcc/arm-none-eabi/11.3.1/../../../../arm-none-eabi/lib/thumb/v7e-m+fp/hard\libc_nano.a(libc_a-closer.o)
 .ARM.attributes
                0x00000000000004eb       0x34 C:/ST/STM32CubeIDE_1.13.1/STM32CubeIDE/plugins/com.st.stm32cube.ide.mcu.externaltools.gnu-tools-for-stm32.11.3.rel1.win32_1.1.0.202305231506/tools/bin/../lib/gcc/arm-none-eabi/11.3.1/../../../../arm-none-eabi/lib/thumb/v7e-m+fp/hard\libc_nano.a(libc_a-reent.o)
 .ARM.attributes
                0x000000000000051f       0x34 C:/ST/STM32CubeIDE_1.13.1/STM32CubeIDE/plugins/com.st.stm32cube.ide.mcu.externaltools.gnu-tools-for-stm32.11.3.rel1.win32_1.1.0.202305231506/tools/bin/../lib/gcc/arm-none-eabi/11.3.1/../../../../arm-none-eabi/lib/thumb/v7e-m+fp/hard\libc_nano.a(libc_a-impure.o)
 .ARM.attributes
                0x0000000000000553       0x34 C:/ST/STM32CubeIDE_1.13.1/STM32CubeIDE/plugins/com.st.stm32cube.ide.mcu.externaltools.gnu-tools-for-stm32.11.3.rel1.win32_1.1.0.202305231506/tools/bin/../lib/gcc/arm-none-eabi/11.3.1/../../../../arm-none-eabi/lib/thumb/v7e-m+fp/hard\libc_nano.a(libc_a-lseekr.o)
 .ARM.attributes
                0x0000000000000587       0x34 C:/ST/STM32CubeIDE_1.13.1/STM32CubeIDE/plugins/com.st.stm32cube.ide.mcu.externaltools.gnu-tools-for-stm32.11.3.rel1.win32_1.1.0.202305231506/tools/bin/../lib/gcc/arm-none-eabi/11.3.1/../../../../arm-none-eabi/lib/thumb/v7e-m+fp/hard\libc_nano.a(libc_a-readr.o)
 .ARM.attributes
                0x00000000000005bb       0x34 C:/ST/STM32CubeIDE_1.13.1/STM32CubeIDE/plugins/com.st.stm32cube.ide.mcu.externaltools.gnu-tools-for-stm32.11.3.rel1.win32_1.1.0.202305231506/tools/bin/../lib/gcc/arm-none-eabi/11.3.1/../../../../arm-none-eabi/lib/thumb/v7e-m+fp/hard\libc_nano.a(libc_a-writer.o)
 .ARM.attributes
                0x00000000000005ef       0x34 C:/ST/STM32CubeIDE_1.13.1/STM32CubeIDE/plugins/com.st.stm32cube.ide.mcu.externaltools.gnu-tools-for-stm32.11.3.rel1.win32_1.1.0.202305231506/tools/bin/../lib/gcc/arm-none-eabi/11.3.1/../../../../arm-none-eabi/lib/thumb/v7e-m+fp/hard\libc_nano.a(libc_a-init.o)
 .ARM.attributes
                0x0000000000000623       0x34 C:/ST/STM32CubeIDE_1.13.1/STM32CubeIDE/plugins/com.st.stm32cube.ide.mcu.externaltools.gnu-tools-for-stm32.11.3.rel1.win32_1.1.0.202305231506/tools/bin/../lib/gcc/arm-none-eabi/11.3.1/../../../../arm-none-eabi/lib/thumb/v7e-m+fp/hard\libc_nano.a(libc_a-lock.o)
 .ARM.attributes
                0x0000000000000657       0x34 C:/ST/STM32CubeIDE_1.13.1/STM32CubeIDE/plugins/com.st.stm32cube.ide.mcu.externaltools.gnu-tools-for-stm32.11.3.rel1.win32_1.1.0.202305231506/tools/bin/../lib/gcc/arm-none-eabi/11.3.1/../../../../arm-none-eabi/lib/thumb/v7e-m+fp/hard\libc_nano.a(libc_a-freer.o)
 .ARM.attributes
                0x000000000000068b       0x34 C:/ST/STM32CubeIDE_1.13.1/STM32CubeIDE/plugins/com.st.stm32cube.ide.mcu.externaltools.gnu-tools-for-stm32.11.3.rel1.win32_1.1.0.202305231506/tools/bin/../lib/gcc/arm-none-eabi/11.3.1/../../../../arm-none-eabi/lib/thumb/v7e-m+fp/hard\libc_nano.a(libc_a-mallocr.o)
 .ARM.attributes
                0x00000000000006bf       0x34 C:/ST/STM32CubeIDE_1.13.1/STM32CubeIDE/plugins/com.st.stm32cube.ide.mcu.externaltools.gnu-tools-for-stm32.11.3.rel1.win32_1.1.0.202305231506/tools/bin/../lib/gcc/arm-none-eabi/11.3.1/../../../../arm-none-eabi/lib/thumb/v7e-m+fp/hard\libc_nano.a(libc_a-mlock.o)
 .ARM.attributes
                0x00000000000006f3       0x34 C:/ST/STM32CubeIDE_1.13.1/STM32CubeIDE/plugins/com.st.stm32cube.ide.mcu.externaltools.gnu-tools-for-stm32.11.3.rel1.win32_1.1.0.202305231506/tools/bin/../lib/gcc/arm-none-eabi/11.3.1/../../../../arm-none-eabi/lib/thumb/v7e-m+fp/hard\libc_nano.a(libc_a-nano-vfprintf.o)
 .ARM.attributes
                0x0000000000000727       0x34 C:/ST/STM32CubeIDE_1.13.1/STM32CubeIDE/plugins/com.st.stm32cube.ide.mcu.externaltools.gnu-tools-for-stm32.11.3.rel1.win32_1.1.0.202305231506/tools/bin/../lib/gcc/arm-none-eabi/11.3.1/../../../../arm-none-eabi/lib/thumb/v7e-m+fp/hard\libc_nano.a(libc_a-nano-vfprintf_i.o)
 .ARM.attributes
                0x000000000000075b       0x34 C:/ST/STM32CubeIDE_1.13.1/STM32CubeIDE/plugins/com.st.stm32cube.ide.mcu.externaltools.gnu-tools-for-stm32.11.3.rel1.win32_1.1.0.202305231506/tools/bin/../lib/gcc/arm-none-eabi/11.3.1/../../../../arm-none-eabi/lib/thumb/v7e-m+fp/hard\libc_nano.a(libc_a-fflush.o)
 .ARM.attributes
                0x000000000000078f       0x34 C:/ST/STM32CubeIDE_1.13.1/STM32CubeIDE/plugins/com.st.stm32cube.ide.mcu.externaltools.gnu-tools-for-stm32.11.3.rel1.win32_1.1.0.202305231506/tools/bin/../lib/gcc/arm-none-eabi/11.3.1/../../../../arm-none-eabi/lib/thumb/v7e-m+fp/hard\libc_nano.a(libc_a-wbuf.o)
 .ARM.attributes
                0x00000000000007c3       0x34 C:/ST/STM32CubeIDE_1.13.1/STM32CubeIDE/plugins/com.st.stm32cube.ide.mcu.externaltools.gnu-tools-for-stm32.11.3.rel1.win32_1.1.0.202305231506/tools/bin/../lib/gcc/arm-none-eabi/11.3.1/../../../../arm-none-eabi/lib/thumb/v7e-m+fp/hard\libc_nano.a(libc_a-wsetup.o)
 .ARM.attributes
                0x00000000000007f7       0x34 C:/ST/STM32CubeIDE_1.13.1/STM32CubeIDE/plugins/com.st.stm32cube.ide.mcu.externaltools.gnu-tools-for-stm32.11.3.rel1.win32_1.1.0.202305231506/tools/bin/../lib/gcc/arm-none-eabi/11.3.1/../../../../arm-none-eabi/lib/thumb/v7e-m+fp/hard\libc_nano.a(libc_a-sbrkr.o)
 .ARM.attributes
                0x000000000000082b       0x1c C:/ST/STM32CubeIDE_1.13.1/STM32CubeIDE/plugins/com.st.stm32cube.ide.mcu.externaltools.gnu-tools-for-stm32.11.3.rel1.win32_1.1.0.202305231506/tools/bin/../lib/gcc/arm-none-eabi/11.3.1/../../../../arm-none-eabi/lib/thumb/v7e-m+fp/hard\libc_nano.a(libc_a-memchr.o)
 .ARM.attributes
                0x0000000000000847       0x34 C:/ST/STM32CubeIDE_1.13.1/STM32CubeIDE/plugins/com.st.stm32cube.ide.mcu.externaltools.gnu-tools-for-stm32.11.3.rel1.win32_1.1.0.202305231506/tools/bin/../lib/gcc/arm-none-eabi/11.3.1/../../../../arm-none-eabi/lib/thumb/v7e-m+fp/hard\libc_nano.a(libc_a-makebuf.o)
 .ARM.attributes
                0x000000000000087b       0x34 C:/ST/STM32CubeIDE_1.13.1/STM32CubeIDE/plugins/com.st.stm32cube.ide.mcu.externaltools.gnu-tools-for-stm32.11.3.rel1.win32_1.1.0.202305231506/tools/bin/../lib/gcc/arm-none-eabi/11.3.1/../../../../arm-none-eabi/lib/thumb/v7e-m+fp/hard\libc_nano.a(libc_a-fstatr.o)
 .ARM.attributes
                0x00000000000008af       0x34 C:/ST/STM32CubeIDE_1.13.1/STM32CubeIDE/plugins/com.st.stm32cube.ide.mcu.externaltools.gnu-tools-for-stm32.11.3.rel1.win32_1.1.0.202305231506/tools/bin/../lib/gcc/arm-none-eabi/11.3.1/../../../../arm-none-eabi/lib/thumb/v7e-m+fp/hard\libc_nano.a(libc_a-isattyr.o)
 .ARM.attributes
                0x00000000000008e3       0x1e C:/ST/STM32CubeIDE_1.13.1/STM32CubeIDE/plugins/com.st.stm32cube.ide.mcu.externaltools.gnu-tools-for-stm32.11.3.rel1.win32_1.1.0.202305231506/tools/bin/../lib/gcc/arm-none-eabi/11.3.1/thumb/v7e-m+fp/hard\libgcc.a(_aeabi_uldivmod.o)
 .ARM.attributes
                0x0000000000000901       0x34 C:/ST/STM32CubeIDE_1.13.1/STM32CubeIDE/plugins/com.st.stm32cube.ide.mcu.externaltools.gnu-tools-for-stm32.11.3.rel1.win32_1.1.0.202305231506/tools/bin/../lib/gcc/arm-none-eabi/11.3.1/thumb/v7e-m+fp/hard\libgcc.a(_udivmoddi4.o)
 .ARM.attributes
                0x0000000000000935       0x1e C:/ST/STM32CubeIDE_1.13.1/STM32CubeIDE/plugins/com.st.stm32cube.ide.mcu.externaltools.gnu-tools-for-stm32.11.3.rel1.win32_1.1.0.202305231506/tools/bin/../lib/gcc/arm-none-eabi/11.3.1/thumb/v7e-m+fp/hard\libgcc.a(_dvmd_tls.o)
 .ARM.attributes
                0x0000000000000953       0x34 C:/ST/STM32CubeIDE_1.13.1/STM32CubeIDE/plugins/com.st.stm32cube.ide.mcu.externaltools.gnu-tools-for-stm32.11.3.rel1.win32_1.1.0.202305231506/tools/bin/../lib/gcc/arm-none-eabi/11.3.1/../../../../arm-none-eabi/lib/thumb/v7e-m+fp/hard\libnosys.a(sbrk.o)
 .ARM.attributes
                0x0000000000000987       0x1e C:/ST/STM32CubeIDE_1.13.1/STM32CubeIDE/plugins/com.st.stm32cube.ide.mcu.externaltools.gnu-tools-for-stm32.11.3.rel1.win32_1.1.0.202305231506/tools/bin/../lib/gcc/arm-none-eabi/11.3.1/thumb/v7e-m+fp/hard/crtn.o
OUTPUT(hello_world.elf elf32-littlearm)
LOAD linker stubs
LOAD C:/ST/STM32CubeIDE_1.13.1/STM32CubeIDE/plugins/com.st.stm32cube.ide.mcu.externaltools.gnu-tools-for-stm32.11.3.rel1.win32_1.1.0.202305231506/tools/bin/../lib/gcc/arm-none-eabi/11.3.1/../../../../arm-none-eabi/lib/thumb/v7e-m+fp/hard\libc.a
LOAD C:/ST/STM32CubeIDE_1.13.1/STM32CubeIDE/plugins/com.st.stm32cube.ide.mcu.externaltools.gnu-tools-for-stm32.11.3.rel1.win32_1.1.0.202305231506/tools/bin/../lib/gcc/arm-none-eabi/11.3.1/../../../../arm-none-eabi/lib/thumb/v7e-m+fp/hard\libm.a
LOAD C:/ST/STM32CubeIDE_1.13.1/STM32CubeIDE/plugins/com.st.stm32cube.ide.mcu.externaltools.gnu-tools-for-stm32.11.3.rel1.win32_1.1.0.202305231506/tools/bin/../lib/gcc/arm-none-eabi/11.3.1/thumb/v7e-m+fp/hard\libgcc.a

.comment        0x0000000000000000       0x43
 .comment       0x0000000000000000       0x43 C:/ST/STM32CubeIDE_1.13.1/STM32CubeIDE/plugins/com.st.stm32cube.ide.mcu.externaltools.gnu-tools-for-stm32.11.3.rel1.win32_1.1.0.202305231506/tools/bin/../lib/gcc/arm-none-eabi/11.3.1/thumb/v7e-m+fp/hard/crtbegin.o
                                         0x44 (size before relaxing)
 .comment       0x0000000000000043       0x44 ./Core/Src/main.o
 .comment       0x0000000000000043       0x44 ./Core/Src/stm32f4xx_hal_msp.o
 .comment       0x0000000000000043       0x44 ./Core/Src/stm32f4xx_hal_timebase_tim.o
 .comment       0x0000000000000043       0x44 ./Core/Src/stm32f4xx_it.o
 .comment       0x0000000000000043       0x44 ./Core/Src/syscalls.o
 .comment       0x0000000000000043       0x44 ./Core/Src/system_stm32f4xx.o
 .comment       0x0000000000000043       0x44 ./Drivers/STM32F4xx_HAL_Driver/Src/stm32f4xx_hal.o
 .comment       0x0000000000000043       0x44 ./Drivers/STM32F4xx_HAL_Driver/Src/stm32f4xx_hal_cortex.o
 .comment       0x0000000000000043       0x44 ./Drivers/STM32F4xx_HAL_Driver/Src/stm32f4xx_hal_gpio.o
 .comment       0x0000000000000043       0x44 ./Drivers/STM32F4xx_HAL_Driver/Src/stm32f4xx_hal_rcc.o
 .comment       0x0000000000000043       0x44 ./Drivers/STM32F4xx_HAL_Driver/Src/stm32f4xx_hal_tim.o
 .comment       0x0000000000000043       0x44 ./Drivers/STM32F4xx_HAL_Driver/Src/stm32f4xx_hal_tim_ex.o
 .comment       0x0000000000000043       0x44 ./ThirdParty/list.o
 .comment       0x0000000000000043       0x44 ./ThirdParty/tasks.o
 .comment       0x0000000000000043       0x44 ./ThirdParty/portable/GCC/ARM_CM4F/port.o
 .comment       0x0000000000000043       0x44 ./ThirdParty/portable/MemMang/heap_4.o

.debug_info     0x0000000000000000     0xc97d
 .debug_info    0x0000000000000000      0xf55 ./Core/Src/main.o
 .debug_info    0x0000000000000f55      0x269 ./Core/Src/stm32f4xx_hal_msp.o
 .debug_info    0x00000000000011be      0xbee ./Core/Src/stm32f4xx_hal_timebase_tim.o
 .debug_info    0x0000000000001dac      0x6ab ./Core/Src/stm32f4xx_it.o
 .debug_info    0x0000000000002457      0x6d1 ./Core/Src/syscalls.o
 .debug_info    0x0000000000002b28      0x512 ./Core/Src/system_stm32f4xx.o
 .debug_info    0x000000000000303a       0x23 ./Core/Startup/startup_stm32f407vgtx.o
 .debug_info    0x000000000000305d      0x948 ./Drivers/STM32F4xx_HAL_Driver/Src/stm32f4xx_hal.o
 .debug_info    0x00000000000039a5      0xd46 ./Drivers/STM32F4xx_HAL_Driver/Src/stm32f4xx_hal_cortex.o
 .debug_info    0x00000000000046eb      0x6c3 ./Drivers/STM32F4xx_HAL_Driver/Src/stm32f4xx_hal_gpio.o
 .debug_info    0x0000000000004dae      0x8b1 ./Drivers/STM32F4xx_HAL_Driver/Src/stm32f4xx_hal_rcc.o
 .debug_info    0x000000000000565f     0x2948 ./Drivers/STM32F4xx_HAL_Driver/Src/stm32f4xx_hal_tim.o
 .debug_info    0x0000000000007fa7     0x14ae ./Drivers/STM32F4xx_HAL_Driver/Src/stm32f4xx_hal_tim_ex.o
 .debug_info    0x0000000000009455      0x2aa ./ThirdParty/list.o
 .debug_info    0x00000000000096ff     0x2724 ./ThirdParty/tasks.o
 .debug_info    0x000000000000be23      0x581 ./ThirdParty/portable/GCC/ARM_CM4F/port.o
 .debug_info    0x000000000000c3a4      0x5d9 ./ThirdParty/portable/MemMang/heap_4.o

.debug_abbrev   0x0000000000000000     0x2222
 .debug_abbrev  0x0000000000000000      0x33b ./Core/Src/main.o
 .debug_abbrev  0x000000000000033b       0xd8 ./Core/Src/stm32f4xx_hal_msp.o
 .debug_abbrev  0x0000000000000413      0x1f4 ./Core/Src/stm32f4xx_hal_timebase_tim.o
 .debug_abbrev  0x0000000000000607      0x17d ./Core/Src/stm32f4xx_it.o
 .debug_abbrev  0x0000000000000784      0x1b1 ./Core/Src/syscalls.o
 .debug_abbrev  0x0000000000000935      0x11a ./Core/Src/system_stm32f4xx.o
 .debug_abbrev  0x0000000000000a4f       0x12 ./Core/Startup/startup_stm32f407vgtx.o
 .debug_abbrev  0x0000000000000a61      0x213 ./Drivers/STM32F4xx_HAL_Driver/Src/stm32f4xx_hal.o
 .debug_abbrev  0x0000000000000c74      0x327 ./Drivers/STM32F4xx_HAL_Driver/Src/stm32f4xx_hal_cortex.o
 .debug_abbrev  0x0000000000000f9b      0x1d4 ./Drivers/STM32F4xx_HAL_Driver/Src/stm32f4xx_hal_gpio.o
 .debug_abbrev  0x000000000000116f      0x2b6 ./Drivers/STM32F4xx_HAL_Driver/Src/stm32f4xx_hal_rcc.o
 .debug_abbrev  0x0000000000001425      0x271 ./Drivers/STM32F4xx_HAL_Driver/Src/stm32f4xx_hal_tim.o
 .debug_abbrev  0x0000000000001696      0x27c ./Drivers/STM32F4xx_HAL_Driver/Src/stm32f4xx_hal_tim_ex.o
 .debug_abbrev  0x0000000000001912       0xee ./ThirdParty/list.o
 .debug_abbrev  0x0000000000001a00      0x380 ./ThirdParty/tasks.o
 .debug_abbrev  0x0000000000001d80      0x248 ./ThirdParty/portable/GCC/ARM_CM4F/port.o
 .debug_abbrev  0x0000000000001fc8      0x25a ./ThirdParty/portable/MemMang/heap_4.o

.debug_aranges  0x0000000000000000      0xd68
 .debug_aranges
                0x0000000000000000       0x58 ./Core/Src/main.o
 .debug_aranges
                0x0000000000000058       0x20 ./Core/Src/stm32f4xx_hal_msp.o
 .debug_aranges
                0x0000000000000078       0x30 ./Core/Src/stm32f4xx_hal_timebase_tim.o
 .debug_aranges
                0x00000000000000a8       0x50 ./Core/Src/stm32f4xx_it.o
 .debug_aranges
                0x00000000000000f8       0xb0 ./Core/Src/syscalls.o
 .debug_aranges
                0x00000000000001a8       0x28 ./Core/Src/system_stm32f4xx.o
 .debug_aranges
                0x00000000000001d0       0x28 ./Core/Startup/startup_stm32f407vgtx.o
 .debug_aranges
                0x00000000000001f8       0xf0 ./Drivers/STM32F4xx_HAL_Driver/Src/stm32f4xx_hal.o
 .debug_aranges
                0x00000000000002e8      0x118 ./Drivers/STM32F4xx_HAL_Driver/Src/stm32f4xx_hal_cortex.o
 .debug_aranges
                0x0000000000000400       0x58 ./Drivers/STM32F4xx_HAL_Driver/Src/stm32f4xx_hal_gpio.o
 .debug_aranges
                0x0000000000000458       0x88 ./Drivers/STM32F4xx_HAL_Driver/Src/stm32f4xx_hal_rcc.o
 .debug_aranges
                0x00000000000004e0      0x3d0 ./Drivers/STM32F4xx_HAL_Driver/Src/stm32f4xx_hal_tim.o
 .debug_aranges
                0x00000000000008b0      0x168 ./Drivers/STM32F4xx_HAL_Driver/Src/stm32f4xx_hal_tim_ex.o
 .debug_aranges
                0x0000000000000a18       0x40 ./ThirdParty/list.o
 .debug_aranges
                0x0000000000000a58      0x228 ./ThirdParty/tasks.o
 .debug_aranges
                0x0000000000000c80       0x80 ./ThirdParty/portable/GCC/ARM_CM4F/port.o
 .debug_aranges
                0x0000000000000d00       0x68 ./ThirdParty/portable/MemMang/heap_4.o

.debug_rnglists
                0x0000000000000000      0xa5a
 .debug_rnglists
                0x0000000000000000       0x40 ./Core/Src/main.o
 .debug_rnglists
                0x0000000000000040       0x13 ./Core/Src/stm32f4xx_hal_msp.o
 .debug_rnglists
                0x0000000000000053       0x20 ./Core/Src/stm32f4xx_hal_timebase_tim.o
 .debug_rnglists
                0x0000000000000073       0x37 ./Core/Src/stm32f4xx_it.o
 .debug_rnglists
                0x00000000000000aa       0x7f ./Core/Src/syscalls.o
 .debug_rnglists
                0x0000000000000129       0x1a ./Core/Src/system_stm32f4xx.o
 .debug_rnglists
                0x0000000000000143       0x19 ./Core/Startup/startup_stm32f407vgtx.o
 .debug_rnglists
                0x000000000000015c       0xaf ./Drivers/STM32F4xx_HAL_Driver/Src/stm32f4xx_hal.o
 .debug_rnglists
                0x000000000000020b       0xce ./Drivers/STM32F4xx_HAL_Driver/Src/stm32f4xx_hal_cortex.o
 .debug_rnglists
                0x00000000000002d9       0x3f ./Drivers/STM32F4xx_HAL_Driver/Src/stm32f4xx_hal_gpio.o
 .debug_rnglists
                0x0000000000000318       0x66 ./Drivers/STM32F4xx_HAL_Driver/Src/stm32f4xx_hal_rcc.o
 .debug_rnglists
                0x000000000000037e      0x31a ./Drivers/STM32F4xx_HAL_Driver/Src/stm32f4xx_hal_tim.o
 .debug_rnglists
                0x0000000000000698      0x125 ./Drivers/STM32F4xx_HAL_Driver/Src/stm32f4xx_hal_tim_ex.o
 .debug_rnglists
                0x00000000000007bd       0x2b ./ThirdParty/list.o
 .debug_rnglists
                0x00000000000007e8      0x1c7 ./ThirdParty/tasks.o
 .debug_rnglists
                0x00000000000009af       0x5d ./ThirdParty/portable/GCC/ARM_CM4F/port.o
 .debug_rnglists
                0x0000000000000a0c       0x4e ./ThirdParty/portable/MemMang/heap_4.o

.debug_macro    0x0000000000000000    0x23575
 .debug_macro   0x0000000000000000      0x32c ./Core/Src/main.o
 .debug_macro   0x000000000000032c      0xaa8 ./Core/Src/main.o
 .debug_macro   0x0000000000000dd4      0x295 ./Core/Src/main.o
 .debug_macro   0x0000000000001069       0x2e ./Core/Src/main.o
 .debug_macro   0x0000000000001097       0x2f ./Core/Src/main.o
 .debug_macro   0x00000000000010c6       0x22 ./Core/Src/main.o
 .debug_macro   0x00000000000010e8       0x8e ./Core/Src/main.o
 .debug_macro   0x0000000000001176       0x51 ./Core/Src/main.o
 .debug_macro   0x00000000000011c7      0x103 ./Core/Src/main.o
 .debug_macro   0x00000000000012ca       0x6a ./Core/Src/main.o
 .debug_macro   0x0000000000001334      0x1df ./Core/Src/main.o
 .debug_macro   0x0000000000001513       0x1c ./Core/Src/main.o
 .debug_macro   0x000000000000152f       0x22 ./Core/Src/main.o
 .debug_macro   0x0000000000001551       0xd9 ./Core/Src/main.o
 .debug_macro   0x000000000000162a     0x102d ./Core/Src/main.o
 .debug_macro   0x0000000000002657      0x11f ./Core/Src/main.o
 .debug_macro   0x0000000000002776    0x15e82 ./Core/Src/main.o
 .debug_macro   0x00000000000185f8       0x6d ./Core/Src/main.o
 .debug_macro   0x0000000000018665     0x367e ./Core/Src/main.o
 .debug_macro   0x000000000001bce3      0x174 ./Core/Src/main.o
 .debug_macro   0x000000000001be57       0x5c ./Core/Src/main.o
 .debug_macro   0x000000000001beb3      0x96b ./Core/Src/main.o
 .debug_macro   0x000000000001c81e      0x9fe ./Core/Src/main.o
 .debug_macro   0x000000000001d21c      0x115 ./Core/Src/main.o
 .debug_macro   0x000000000001d331      0x13e ./Core/Src/main.o
 .debug_macro   0x000000000001d46f       0xa5 ./Core/Src/main.o
 .debug_macro   0x000000000001d514      0x174 ./Core/Src/main.o
 .debug_macro   0x000000000001d688      0x287 ./Core/Src/main.o
 .debug_macro   0x000000000001d90f       0x5f ./Core/Src/main.o
 .debug_macro   0x000000000001d96e      0x236 ./Core/Src/main.o
 .debug_macro   0x000000000001dba4      0x12c ./Core/Src/main.o
 .debug_macro   0x000000000001dcd0      0x21e ./Core/Src/main.o
 .debug_macro   0x000000000001deee       0x2e ./Core/Src/main.o
 .debug_macro   0x000000000001df1c      0x11a ./Core/Src/main.o
 .debug_macro   0x000000000001e036       0x7e ./Core/Src/main.o
 .debug_macro   0x000000000001e0b4       0x89 ./Core/Src/main.o
 .debug_macro   0x000000000001e13d      0x8e6 ./Core/Src/main.o
 .debug_macro   0x000000000001ea23       0x47 ./Core/Src/main.o
 .debug_macro   0x000000000001ea6a      0x12d ./Core/Src/main.o
 .debug_macro   0x000000000001eb97      0x190 ./Core/Src/main.o
 .debug_macro   0x000000000001ed27       0x61 ./Core/Src/main.o
 .debug_macro   0x000000000001ed88       0x2a ./Core/Src/main.o
 .debug_macro   0x000000000001edb2       0x43 ./Core/Src/main.o
 .debug_macro   0x000000000001edf5       0x34 ./Core/Src/main.o
 .debug_macro   0x000000000001ee29       0x16 ./Core/Src/main.o
 .debug_macro   0x000000000001ee3f       0x35 ./Core/Src/main.o
 .debug_macro   0x000000000001ee74      0x369 ./Core/Src/main.o
 .debug_macro   0x000000000001f1dd       0x10 ./Core/Src/main.o
 .debug_macro   0x000000000001f1ed       0x16 ./Core/Src/main.o
 .debug_macro   0x000000000001f203       0x43 ./Core/Src/main.o
 .debug_macro   0x000000000001f246       0x34 ./Core/Src/main.o
 .debug_macro   0x000000000001f27a       0x10 ./Core/Src/main.o
 .debug_macro   0x000000000001f28a       0x58 ./Core/Src/main.o
 .debug_macro   0x000000000001f2e2       0x8e ./Core/Src/main.o
 .debug_macro   0x000000000001f370       0x1c ./Core/Src/main.o
 .debug_macro   0x000000000001f38c      0x177 ./Core/Src/main.o
 .debug_macro   0x000000000001f503       0x16 ./Core/Src/main.o
 .debug_macro   0x000000000001f519       0x16 ./Core/Src/main.o
 .debug_macro   0x000000000001f52f      0x147 ./Core/Src/main.o
 .debug_macro   0x000000000001f676       0x16 ./Core/Src/main.o
 .debug_macro   0x000000000001f68c      0x112 ./Core/Src/main.o
 .debug_macro   0x000000000001f79e       0x1c ./Core/Src/main.o
 .debug_macro   0x000000000001f7ba      0x182 ./Core/Src/main.o
 .debug_macro   0x000000000001f93c       0xee ./Core/Src/main.o
 .debug_macro   0x000000000001fa2a       0x2e ./Core/Src/main.o
 .debug_macro   0x000000000001fa58       0x1f ./Core/Src/main.o
 .debug_macro   0x000000000001fa77       0x12 ./Core/Src/main.o
 .debug_macro   0x000000000001fa89     0x10da ./Core/Src/main.o
 .debug_macro   0x0000000000020b63       0xc3 ./Core/Src/main.o
 .debug_macro   0x0000000000020c26      0x14f ./Core/Src/main.o
 .debug_macro   0x0000000000020d75      0x232 ./Core/Src/stm32f4xx_hal_msp.o
 .debug_macro   0x0000000000020fa7      0x1c4 ./Core/Src/stm32f4xx_hal_timebase_tim.o
 .debug_macro   0x000000000002116b      0x1dd ./Core/Src/stm32f4xx_it.o
 .debug_macro   0x0000000000021348      0x286 ./Core/Src/syscalls.o
 .debug_macro   0x00000000000215ce       0x5b ./Core/Src/syscalls.o
 .debug_macro   0x0000000000021629       0x94 ./Core/Src/syscalls.o
 .debug_macro   0x00000000000216bd       0x57 ./Core/Src/syscalls.o
 .debug_macro   0x0000000000021714       0x10 ./Core/Src/syscalls.o
 .debug_macro   0x0000000000021724       0x10 ./Core/Src/syscalls.o
 .debug_macro   0x0000000000021734       0x10 ./Core/Src/syscalls.o
 .debug_macro   0x0000000000021744       0x10 ./Core/Src/syscalls.o
 .debug_macro   0x0000000000021754       0x1c ./Core/Src/syscalls.o
 .debug_macro   0x0000000000021770       0x52 ./Core/Src/syscalls.o
 .debug_macro   0x00000000000217c2       0x22 ./Core/Src/syscalls.o
 .debug_macro   0x00000000000217e4       0x10 ./Core/Src/syscalls.o
 .debug_macro   0x00000000000217f4       0x52 ./Core/Src/syscalls.o
 .debug_macro   0x0000000000021846       0xcf ./Core/Src/syscalls.o
 .debug_macro   0x0000000000021915       0x1c ./Core/Src/syscalls.o
 .debug_macro   0x0000000000021931       0x3d ./Core/Src/syscalls.o
 .debug_macro   0x000000000002196e       0x35 ./Core/Src/syscalls.o
 .debug_macro   0x00000000000219a3      0x12c ./Core/Src/syscalls.o
 .debug_macro   0x0000000000021acf       0x16 ./Core/Src/syscalls.o
 .debug_macro   0x0000000000021ae5       0x16 ./Core/Src/syscalls.o
 .debug_macro   0x0000000000021afb       0x29 ./Core/Src/syscalls.o
 .debug_macro   0x0000000000021b24       0x10 ./Core/Src/syscalls.o
 .debug_macro   0x0000000000021b34      0x242 ./Core/Src/syscalls.o
 .debug_macro   0x0000000000021d76       0x1c ./Core/Src/syscalls.o
 .debug_macro   0x0000000000021d92       0x10 ./Core/Src/syscalls.o
 .debug_macro   0x0000000000021da2      0x18a ./Core/Src/syscalls.o
 .debug_macro   0x0000000000021f2c       0x16 ./Core/Src/syscalls.o
 .debug_macro   0x0000000000021f42       0xce ./Core/Src/syscalls.o
 .debug_macro   0x0000000000022010      0x1c4 ./Core/Src/system_stm32f4xx.o
 .debug_macro   0x00000000000221d4      0x224 ./Drivers/STM32F4xx_HAL_Driver/Src/stm32f4xx_hal.o
 .debug_macro   0x00000000000223f8      0x1c4 ./Drivers/STM32F4xx_HAL_Driver/Src/stm32f4xx_hal_cortex.o
 .debug_macro   0x00000000000225bc      0x1ca ./Drivers/STM32F4xx_HAL_Driver/Src/stm32f4xx_hal_gpio.o
 .debug_macro   0x0000000000022786      0x1e8 ./Drivers/STM32F4xx_HAL_Driver/Src/stm32f4xx_hal_rcc.o
 .debug_macro   0x000000000002296e      0x1c5 ./Drivers/STM32F4xx_HAL_Driver/Src/stm32f4xx_hal_tim.o
 .debug_macro   0x0000000000022b33      0x1c4 ./Drivers/STM32F4xx_HAL_Driver/Src/stm32f4xx_hal_tim_ex.o
 .debug_macro   0x0000000000022cf7      0x1a2 ./ThirdParty/list.o
 .debug_macro   0x0000000000022e99      0x2bf ./ThirdParty/tasks.o
 .debug_macro   0x0000000000023158       0x17 ./ThirdParty/tasks.o
 .debug_macro   0x000000000002316f      0x1cf ./ThirdParty/portable/GCC/ARM_CM4F/port.o
 .debug_macro   0x000000000002333e      0x237 ./ThirdParty/portable/MemMang/heap_4.o

.debug_line     0x0000000000000000     0xf30f
 .debug_line    0x0000000000000000      0xc06 ./Core/Src/main.o
 .debug_line    0x0000000000000c06      0x85e ./Core/Src/stm32f4xx_hal_msp.o
 .debug_line    0x0000000000001464      0x7aa ./Core/Src/stm32f4xx_hal_timebase_tim.o
 .debug_line    0x0000000000001c0e      0x7cb ./Core/Src/stm32f4xx_it.o
 .debug_line    0x00000000000023d9      0x8dd ./Core/Src/syscalls.o
 .debug_line    0x0000000000002cb6      0x7b0 ./Core/Src/system_stm32f4xx.o
 .debug_line    0x0000000000003466       0x7a ./Core/Startup/startup_stm32f407vgtx.o
 .debug_line    0x00000000000034e0      0xa16 ./Drivers/STM32F4xx_HAL_Driver/Src/stm32f4xx_hal.o
 .debug_line    0x0000000000003ef6      0xcc5 ./Drivers/STM32F4xx_HAL_Driver/Src/stm32f4xx_hal_cortex.o
 .debug_line    0x0000000000004bbb      0xb8a ./Drivers/STM32F4xx_HAL_Driver/Src/stm32f4xx_hal_gpio.o
 .debug_line    0x0000000000005745      0xd8f ./Drivers/STM32F4xx_HAL_Driver/Src/stm32f4xx_hal_rcc.o
 .debug_line    0x00000000000064d4     0x3702 ./Drivers/STM32F4xx_HAL_Driver/Src/stm32f4xx_hal_tim.o
 .debug_line    0x0000000000009bd6     0x1a13 ./Drivers/STM32F4xx_HAL_Driver/Src/stm32f4xx_hal_tim_ex.o
 .debug_line    0x000000000000b5e9      0x7b2 ./ThirdParty/list.o
 .debug_line    0x000000000000bd9b     0x212e ./ThirdParty/tasks.o
 .debug_line    0x000000000000dec9      0x8e6 ./ThirdParty/portable/GCC/ARM_CM4F/port.o
 .debug_line    0x000000000000e7af      0xb60 ./ThirdParty/portable/MemMang/heap_4.o

.debug_str      0x0000000000000000    0xd8417
 .debug_str     0x0000000000000000    0xd08b7 ./Core/Src/main.o
                                      0xd0c4d (size before relaxing)
 .debug_str     0x00000000000d08b7       0x2c ./Core/Src/stm32f4xx_hal_msp.o
                                      0xcabff (size before relaxing)
 .debug_str     0x00000000000d08e3      0x60a ./Core/Src/stm32f4xx_hal_timebase_tim.o
                                      0xc2642 (size before relaxing)
 .debug_str     0x00000000000d0eed       0xb9 ./Core/Src/stm32f4xx_it.o
                                      0xc25b1 (size before relaxing)
 .debug_str     0x00000000000d0fa6     0x2001 ./Core/Src/syscalls.o
                                       0x9946 (size before relaxing)
 .debug_str     0x00000000000d2fa7       0xdb ./Core/Src/system_stm32f4xx.o
                                      0xc1b4b (size before relaxing)
 .debug_str     0x00000000000d3082       0x34 ./Core/Startup/startup_stm32f407vgtx.o
                                         0x61 (size before relaxing)
 .debug_str     0x00000000000d30b6      0x5ce ./Drivers/STM32F4xx_HAL_Driver/Src/stm32f4xx_hal.o
                                      0xc26cf (size before relaxing)
 .debug_str     0x00000000000d3684      0x33a ./Drivers/STM32F4xx_HAL_Driver/Src/stm32f4xx_hal_cortex.o
                                      0xc2402 (size before relaxing)
 .debug_str     0x00000000000d39be      0x11e ./Drivers/STM32F4xx_HAL_Driver/Src/stm32f4xx_hal_gpio.o
                                      0xc1cc6 (size before relaxing)
 .debug_str     0x00000000000d3adc      0x1f2 ./Drivers/STM32F4xx_HAL_Driver/Src/stm32f4xx_hal_rcc.o
                                      0xc1f7f (size before relaxing)
 .debug_str     0x00000000000d3cce      0xe69 ./Drivers/STM32F4xx_HAL_Driver/Src/stm32f4xx_hal_tim.o
                                      0xc2ec5 (size before relaxing)
 .debug_str     0x00000000000d4b37      0x503 ./Drivers/STM32F4xx_HAL_Driver/Src/stm32f4xx_hal_tim_ex.o
                                      0xc26e1 (size before relaxing)
 .debug_str     0x00000000000d503a      0x17a ./ThirdParty/list.o
                                      0x109d8 (size before relaxing)
 .debug_str     0x00000000000d51b4     0x229a ./ThirdParty/tasks.o
                                      0x141fa (size before relaxing)
 .debug_str     0x00000000000d744e      0x8c6 ./ThirdParty/portable/GCC/ARM_CM4F/port.o
                                       0xf519 (size before relaxing)
 .debug_str     0x00000000000d7d14      0x703 ./ThirdParty/portable/MemMang/heap_4.o
                                      0x1252f (size before relaxing)

.debug_frame    0x0000000000000000     0x3eac