21:46:46 **** Incremental Build of configuration Debug for project 006LED_Btn_ISR ****
make -j8 all 
arm-none-eabi-gcc "../Core/Src/stm32f4xx_it.c" -mcpu=cortex-m4 -std=gnu11 -g3 -DDEBUG -DUSE_HAL_DRIVER -DSTM32F407xx -c -I"D:/freeRTOS/rtos_workspace/006LED_Btn_ISR/ThirdParty/include" -I../Core/Inc -I"D:/freeRTOS/rtos_workspace/006LED_Btn_ISR/ThirdParty/include" -I"D:/freeRTOS/rtos_workspace/006LED_Btn_ISR/ThirdParty/portable/GCC/ARM_CM4F" -I../Drivers/STM32F4xx_HAL_Driver/Inc -I../Drivers/STM32F4xx_HAL_Driver/Inc/Legacy -I../Drivers/CMSIS/Device/ST/STM32F4xx/Include -I../Drivers/CMSIS/Include -O0 -ffunction-sections -fdata-sections -Wall -fstack-usage -fcyclomatic-complexity -MMD -MP -MF"Core/Src/stm32f4xx_it.d" -MT"Core/Src/stm32f4xx_it.o" --specs=nano.specs -mfpu=fpv4-sp-d16 -mfloat-abi=hard -mthumb -o "Core/Src/stm32f4xx_it.o"
arm-none-eabi-gcc -o "006LED_Btn_ISR.elf" @"objects.list"   -mcpu=cortex-m4 -T"D:\freeRTOS\rtos_workspace\006LED_Btn_ISR\STM32F407VGTX_FLASH.ld" --specs=nosys.specs -Wl,-Map="006LED_Btn_ISR.map" -Wl,--gc-sections -static --specs=nano.specs -mfpu=fpv4-sp-d16 -mfloat-abi=hard -mthumb -Wl,--start-group -lc -lm -Wl,--end-group
Finished building target: 006LED_Btn_ISR.elf
 
arm-none-eabi-size   006LED_Btn_ISR.elf 
arm-none-eabi-objdump -h -S  006LED_Btn_ISR.elf  > "006LED_Btn_ISR.list"
   text	   data	    bss	    dec	    hex	filename
  16108	     28	 104356	 120492	  1d6ac	006LED_Btn_ISR.elf
Finished building: default.size.stdout
 
Finished building: 006LED_Btn_ISR.list
 
21:46:50 **** Incremental Build of configuration Debug for project 006LED_Btn_ISR ****
make -j8 all 
arm-none-eabi-size   006LED_Btn_ISR.elf 
   text	   data	    bss	    dec	    hex	filename
  16108	     28	 104356	 120492	  1d6ac	006LED_Btn_ISR.elf
Finished building: default.size.stdout
 
21:47:23 **** Incremental Build of configuration Debug for project 006LED_Btn_ISR ****
make -j8 all 
arm-none-eabi-size   006LED_Btn_ISR.elf 
   text	   data	    bss	    dec	    hex	filename
  16108	     28	 104356	 120492	  1d6ac	006LED_Btn_ISR.elf
Finished building: default.size.stdout
 
