14:50:26 **** Incremental Build of configuration Debug for project 005LED_Task_Notify ****
make -j8 all 
arm-none-eabi-gcc "../Core/Src/main.c" -mcpu=cortex-m4 -std=gnu11 -g3 -DDEBUG -DUSE_HAL_DRIVER -DSTM32F407xx -c -I../Core/Inc -I../Drivers/STM32F4xx_HAL_Driver/Inc -I../Drivers/STM32F4xx_HAL_Driver/Inc/Legacy -I../Drivers/CMSIS/Device/ST/STM32F4xx/Include -I../Drivers/CMSIS/Include -I"D:/freeRTOS/rtos_workspace/005LED_Task_Notify/ThirdParty" -I"D:/freeRTOS/rtos_workspace/005LED_Task_Notify/ThirdParty/include" -I"D:/freeRTOS/rtos_workspace/005LED_Task_Notify/ThirdParty/portable/GCC/ARM_CM4F" -O0 -ffunction-sections -fdata-sections -Wall -fstack-usage -fcyclomatic-complexity -MMD -MP -MF"Core/Src/main.d" -MT"Core/Src/main.o" --specs=nano.specs -mfpu=fpv4-sp-d16 -mfloat-abi=hard -mthumb -o "Core/Src/main.o"
../Core/Src/main.c: In function 'led_green_handler':
../Core/Src/main.c:350:17: warning: implicit declaration of function 'printf' [-Wimplicit-function-declaration]
  350 |                 printf("Toggling green LED");
      |                 ^~~~~~
../Core/Src/main.c:30:1: note: include '<stdio.h>' or provide a declaration of 'printf'
   29 | #include "task.h"
  +++ |+#include <stdio.h>
   30 | 
../Core/Src/main.c:350:17: warning: incompatible implicit declaration of built-in function 'printf' [-Wbuiltin-declaration-mismatch]
  350 |                 printf("Toggling green LED");
      |                 ^~~~~~
../Core/Src/main.c:350:17: note: include '<stdio.h>' or provide a declaration of 'printf'
../Core/Src/main.c: In function 'led_orange_handler':
../Core/Src/main.c:372:17: warning: incompatible implicit declaration of built-in function 'printf' [-Wbuiltin-declaration-mismatch]
  372 |                 printf("Toggling orange LED");
      |                 ^~~~~~
../Core/Src/main.c:372:17: note: include '<stdio.h>' or provide a declaration of 'printf'
../Core/Src/main.c: In function 'led_red_handler':
../Core/Src/main.c:394:17: warning: incompatible implicit declaration of built-in function 'printf' [-Wbuiltin-declaration-mismatch]
  394 |                 printf("Toggling red LED");
      |                 ^~~~~~
../Core/Src/main.c:394:17: note: include '<stdio.h>' or provide a declaration of 'printf'
arm-none-eabi-gcc -o "005LED_Task_Notify.elf" @"objects.list"   -mcpu=cortex-m4 -T"D:\freeRTOS\rtos_workspace\005LED_Task_Notify\STM32F407VGTX_FLASH.ld" --specs=nosys.specs -Wl,-Map="005LED_Task_Notify.map" -Wl,--gc-sections -static --specs=nano.specs -mfpu=fpv4-sp-d16 -mfloat-abi=hard -mthumb -Wl,--start-group -lc -lm -Wl,--end-group
Finished building target: 005LED_Task_Notify.elf
 
arm-none-eabi-size   005LED_Task_Notify.elf 
arm-none-eabi-objdump -h -S  005LED_Task_Notify.elf  > "005LED_Task_Notify.list"
   text	   data	    bss	    dec	    hex	filename
  20316	    120	  79096	  99532	  184cc	005LED_Task_Notify.elf
Finished building: default.size.stdout
 
Finished building: 005LED_Task_Notify.list
 
14:50:32 **** Incremental Build of configuration Debug for project 005LED_Task_Notify ****
make -j8 all 
arm-none-eabi-size   005LED_Task_Notify.elf 
   text	   data	    bss	    dec	    hex	filename
  20316	    120	  79096	  99532	  184cc	005LED_Task_Notify.elf
Finished building: default.size.stdout
 
