20:45:09 **** Incremental Build of configuration Debug for project hello_world ****
make -j8 all 
arm-none-eabi-gcc "../ThirdParty/portable/MemMang/heap_4.c" -mcpu=cortex-m4 -std=gnu11 -g3 -DDEBUG -DUSE_HAL_DRIVER -DSTM32F407xx -c -I../Core/Inc -I"D:/freeRTOS/rtos_workspace/hello_world/ThirdParty" -I"D:/freeRTOS/rtos_workspace/hello_world/ThirdParty/portable/GCC/ARM_CM4F" -I"D:/freeRTOS/rtos_workspace/hello_world/ThirdParty/include" -I../Drivers/STM32F4xx_HAL_Driver/Inc -I../Drivers/STM32F4xx_HAL_Driver/Inc/Legacy -I../Drivers/CMSIS/Device/ST/STM32F4xx/Include -I../Drivers/CMSIS/Include -O0 -ffunction-sections -fdata-sections -Wall -fstack-usage -fcyclomatic-complexity -MMD -MP -MF"ThirdParty/portable/MemMang/heap_4.d" -MT"ThirdParty/portable/MemMang/heap_4.o" --specs=nano.specs -mfpu=fpv4-sp-d16 -mfloat-abi=hard -mthumb -o "ThirdParty/portable/MemMang/heap_4.o"
arm-none-eabi-gcc "../ThirdParty/portable/GCC/ARM_CM4F/port.c" -mcpu=cortex-m4 -std=gnu11 -g3 -DDEBUG -DUSE_HAL_DRIVER -DSTM32F407xx -c -I../Core/Inc -I"D:/freeRTOS/rtos_workspace/hello_world/ThirdParty" -I"D:/freeRTOS/rtos_workspace/hello_world/ThirdParty/portable/GCC/ARM_CM4F" -I"D:/freeRTOS/rtos_workspace/hello_world/ThirdParty/include" -I../Drivers/STM32F4xx_HAL_Driver/Inc -I../Drivers/STM32F4xx_HAL_Driver/Inc/Legacy -I../Drivers/CMSIS/Device/ST/STM32F4xx/Include -I../Drivers/CMSIS/Include -O0 -ffunction-sections -fdata-sections -Wall -fstack-usage -fcyclomatic-complexity -MMD -MP -MF"ThirdParty/portable/GCC/ARM_CM4F/port.d" -MT"ThirdParty/portable/GCC/ARM_CM4F/port.o" --specs=nano.specs -mfpu=fpv4-sp-d16 -mfloat-abi=hard -mthumb -o "ThirdParty/portable/GCC/ARM_CM4F/port.o"
arm-none-eabi-gcc "../ThirdParty/croutine.c" -mcpu=cortex-m4 -std=gnu11 -g3 -DDEBUG -DUSE_HAL_DRIVER -DSTM32F407xx -c -I../Core/Inc -I"D:/freeRTOS/rtos_workspace/hello_world/ThirdParty" -I"D:/freeRTOS/rtos_workspace/hello_world/ThirdParty/portable/GCC/ARM_CM4F" -I"D:/freeRTOS/rtos_workspace/hello_world/ThirdParty/include" -I../Drivers/STM32F4xx_HAL_Driver/Inc -I../Drivers/STM32F4xx_HAL_Driver/Inc/Legacy -I../Drivers/CMSIS/Device/ST/STM32F4xx/Include -I../Drivers/CMSIS/Include -O0 -ffunction-sections -fdata-sections -Wall -fstack-usage -fcyclomatic-complexity -MMD -MP -MF"ThirdParty/croutine.d" -MT"ThirdParty/croutine.o" --specs=nano.specs -mfpu=fpv4-sp-d16 -mfloat-abi=hard -mthumb -o "ThirdParty/croutine.o"
arm-none-eabi-gcc "../ThirdParty/event_groups.c" -mcpu=cortex-m4 -std=gnu11 -g3 -DDEBUG -DUSE_HAL_DRIVER -DSTM32F407xx -c -I../Core/Inc -I"D:/freeRTOS/rtos_workspace/hello_world/ThirdParty" -I"D:/freeRTOS/rtos_workspace/hello_world/ThirdParty/portable/GCC/ARM_CM4F" -I"D:/freeRTOS/rtos_workspace/hello_world/ThirdParty/include" -I../Drivers/STM32F4xx_HAL_Driver/Inc -I../Drivers/STM32F4xx_HAL_Driver/Inc/Legacy -I../Drivers/CMSIS/Device/ST/STM32F4xx/Include -I../Drivers/CMSIS/Include -O0 -ffunction-sections -fdata-sections -Wall -fstack-usage -fcyclomatic-complexity -MMD -MP -MF"ThirdParty/event_groups.d" -MT"ThirdParty/event_groups.o" --specs=nano.specs -mfpu=fpv4-sp-d16 -mfloat-abi=hard -mthumb -o "ThirdParty/event_groups.o"
arm-none-eabi-gcc "../ThirdParty/list.c" -mcpu=cortex-m4 -std=gnu11 -g3 -DDEBUG -DUSE_HAL_DRIVER -DSTM32F407xx -c -I../Core/Inc -I"D:/freeRTOS/rtos_workspace/hello_world/ThirdParty" -I"D:/freeRTOS/rtos_workspace/hello_world/ThirdParty/portable/GCC/ARM_CM4F" -I"D:/freeRTOS/rtos_workspace/hello_world/ThirdParty/include" -I../Drivers/STM32F4xx_HAL_Driver/Inc -I../Drivers/STM32F4xx_HAL_Driver/Inc/Legacy -I../Drivers/CMSIS/Device/ST/STM32F4xx/Include -I../Drivers/CMSIS/Include -O0 -ffunction-sections -fdata-sections -Wall -fstack-usage -fcyclomatic-complexity -MMD -MP -MF"ThirdParty/list.d" -MT"ThirdParty/list.o" --specs=nano.specs -mfpu=fpv4-sp-d16 -mfloat-abi=hard -mthumb -o "ThirdParty/list.o"
arm-none-eabi-gcc "../ThirdParty/queue.c" -mcpu=cortex-m4 -std=gnu11 -g3 -DDEBUG -DUSE_HAL_DRIVER -DSTM32F407xx -c -I../Core/Inc -I"D:/freeRTOS/rtos_workspace/hello_world/ThirdParty" -I"D:/freeRTOS/rtos_workspace/hello_world/ThirdParty/portable/GCC/ARM_CM4F" -I"D:/freeRTOS/rtos_workspace/hello_world/ThirdParty/include" -I../Drivers/STM32F4xx_HAL_Driver/Inc -I../Drivers/STM32F4xx_HAL_Driver/Inc/Legacy -I../Drivers/CMSIS/Device/ST/STM32F4xx/Include -I../Drivers/CMSIS/Include -O0 -ffunction-sections -fdata-sections -Wall -fstack-usage -fcyclomatic-complexity -MMD -MP -MF"ThirdParty/queue.d" -MT"ThirdParty/queue.o" --specs=nano.specs -mfpu=fpv4-sp-d16 -mfloat-abi=hard -mthumb -o "ThirdParty/queue.o"
arm-none-eabi-gcc "../ThirdParty/stream_buffer.c" -mcpu=cortex-m4 -std=gnu11 -g3 -DDEBUG -DUSE_HAL_DRIVER -DSTM32F407xx -c -I../Core/Inc -I"D:/freeRTOS/rtos_workspace/hello_world/ThirdParty" -I"D:/freeRTOS/rtos_workspace/hello_world/ThirdParty/portable/GCC/ARM_CM4F" -I"D:/freeRTOS/rtos_workspace/hello_world/ThirdParty/include" -I../Drivers/STM32F4xx_HAL_Driver/Inc -I../Drivers/STM32F4xx_HAL_Driver/Inc/Legacy -I../Drivers/CMSIS/Device/ST/STM32F4xx/Include -I../Drivers/CMSIS/Include -O0 -ffunction-sections -fdata-sections -Wall -fstack-usage -fcyclomatic-complexity -MMD -MP -MF"ThirdParty/stream_buffer.d" -MT"ThirdParty/stream_buffer.o" --specs=nano.specs -mfpu=fpv4-sp-d16 -mfloat-abi=hard -mthumb -o "ThirdParty/stream_buffer.o"
arm-none-eabi-gcc "../ThirdParty/tasks.c" -mcpu=cortex-m4 -std=gnu11 -g3 -DDEBUG -DUSE_HAL_DRIVER -DSTM32F407xx -c -I../Core/Inc -I"D:/freeRTOS/rtos_workspace/hello_world/ThirdParty" -I"D:/freeRTOS/rtos_workspace/hello_world/ThirdParty/portable/GCC/ARM_CM4F" -I"D:/freeRTOS/rtos_workspace/hello_world/ThirdParty/include" -I../Drivers/STM32F4xx_HAL_Driver/Inc -I../Drivers/STM32F4xx_HAL_Driver/Inc/Legacy -I../Drivers/CMSIS/Device/ST/STM32F4xx/Include -I../Drivers/CMSIS/Include -O0 -ffunction-sections -fdata-sections -Wall -fstack-usage -fcyclomatic-complexity -MMD -MP -MF"ThirdParty/tasks.d" -MT"ThirdParty/tasks.o" --specs=nano.specs -mfpu=fpv4-sp-d16 -mfloat-abi=hard -mthumb -o "ThirdParty/tasks.o"
arm-none-eabi-gcc "../ThirdParty/timers.c" -mcpu=cortex-m4 -std=gnu11 -g3 -DDEBUG -DUSE_HAL_DRIVER -DSTM32F407xx -c -I../Core/Inc -I"D:/freeRTOS/rtos_workspace/hello_world/ThirdParty" -I"D:/freeRTOS/rtos_workspace/hello_world/ThirdParty/portable/GCC/ARM_CM4F" -I"D:/freeRTOS/rtos_workspace/hello_world/ThirdParty/include" -I../Drivers/STM32F4xx_HAL_Driver/Inc -I../Drivers/STM32F4xx_HAL_Driver/Inc/Legacy -I../Drivers/CMSIS/Device/ST/STM32F4xx/Include -I../Drivers/CMSIS/Include -O0 -ffunction-sections -fdata-sections -Wall -fstack-usage -fcyclomatic-complexity -MMD -MP -MF"ThirdParty/timers.d" -MT"ThirdParty/timers.o" --specs=nano.specs -mfpu=fpv4-sp-d16 -mfloat-abi=hard -mthumb -o "ThirdParty/timers.o"
arm-none-eabi-gcc "../Core/Src/main.c" -mcpu=cortex-m4 -std=gnu11 -g3 -DDEBUG -DUSE_HAL_DRIVER -DSTM32F407xx -c -I../Core/Inc -I"D:/freeRTOS/rtos_workspace/hello_world/ThirdParty" -I"D:/freeRTOS/rtos_workspace/hello_world/ThirdParty/portable/GCC/ARM_CM4F" -I"D:/freeRTOS/rtos_workspace/hello_world/ThirdParty/include" -I../Drivers/STM32F4xx_HAL_Driver/Inc -I../Drivers/STM32F4xx_HAL_Driver/Inc/Legacy -I../Drivers/CMSIS/Device/ST/STM32F4xx/Include -I../Drivers/CMSIS/Include -O0 -ffunction-sections -fdata-sections -Wall -fstack-usage -fcyclomatic-complexity -MMD -MP -MF"Core/Src/main.d" -MT"Core/Src/main.o" --specs=nano.specs -mfpu=fpv4-sp-d16 -mfloat-abi=hard -mthumb -o "Core/Src/main.o"
arm-none-eabi-gcc "../Core/Src/stm32f4xx_hal_msp.c" -mcpu=cortex-m4 -std=gnu11 -g3 -DDEBUG -DUSE_HAL_DRIVER -DSTM32F407xx -c -I../Core/Inc -I"D:/freeRTOS/rtos_workspace/hello_world/ThirdParty" -I"D:/freeRTOS/rtos_workspace/hello_world/ThirdParty/portable/GCC/ARM_CM4F" -I"D:/freeRTOS/rtos_workspace/hello_world/ThirdParty/include" -I../Drivers/STM32F4xx_HAL_Driver/Inc -I../Drivers/STM32F4xx_HAL_Driver/Inc/Legacy -I../Drivers/CMSIS/Device/ST/STM32F4xx/Include -I../Drivers/CMSIS/Include -O0 -ffunction-sections -fdata-sections -Wall -fstack-usage -fcyclomatic-complexity -MMD -MP -MF"Core/Src/stm32f4xx_hal_msp.d" -MT"Core/Src/stm32f4xx_hal_msp.o" --specs=nano.specs -mfpu=fpv4-sp-d16 -mfloat-abi=hard -mthumb -o "Core/Src/stm32f4xx_hal_msp.o"
../Core/Src/main.c: In function 'task1_handler':
../Core/Src/main.c:332:14: warning: unused variable 'msg' [-Wunused-variable]
  332 |         char msg[100];
      |              ^~~
../Core/Src/main.c: In function 'task2_handler':
../Core/Src/main.c:351:14: warning: unused variable 'msg' [-Wunused-variable]
  351 |         char msg[100];
      |              ^~~
../Core/Src/main.c: In function 'task3_handler':
../Core/Src/main.c:367:14: warning: unused variable 'msg' [-Wunused-variable]
  367 |         char msg[100];
      |              ^~~
arm-none-eabi-gcc -o "hello_world.elf" @"objects.list"   -mcpu=cortex-m4 -T"D:\freeRTOS\rtos_workspace\hello_world\STM32F407VGTX_FLASH.ld" --specs=nosys.specs -Wl,-Map="hello_world.map" -Wl,--gc-sections -static --specs=nano.specs -mfpu=fpv4-sp-d16 -mfloat-abi=hard -mthumb -Wl,--start-group -lc -lm -Wl,--end-group
Finished building target: hello_world.elf
 
arm-none-eabi-size   hello_world.elf 
arm-none-eabi-objdump -h -S  hello_world.elf  > "hello_world.list"
   text	   data	    bss	    dec	    hex	filename
  18528	    120	  79072	  97720	  17db8	hello_world.elf
Finished building: default.size.stdout
 
Finished building: hello_world.list
 

20:45:17 Build Finished. 0 errors, 3 warnings. (took 7s.678ms)

